******************************************************************************
                  TI ARM Linker Unix v15.12.3                  
******************************************************************************
>> Linked Thu Oct 20 16:21:05 2016

OUTPUT FILE NAME:   <sensortag_cc2650stk_app.out>
ENTRY POINT SYMBOL: "ResetISR"  address: 00008945


MEMORY CONFIGURATION

         name            origin    length      used     unused   attr    fill
----------------------  --------  ---------  --------  --------  ----  --------
  FLASH                 00000000   00011000  0000ca90  00004570  R  X
  FLASH_LAST_PAGE       0001f000   00001000  00000058  00000fa8  R  X
  SRAM                  20000000   00004450  00003316  0000113a  RW X


SEGMENT ALLOCATION MAP

run origin  load origin   length   init length attrs members
----------  ----------- ---------- ----------- ----- -------
00000000    00000000    0000ca9c   0000ca9c    r-x
  00000000    00000000    0000003c   0000003c    r-- .resetVecs
  0000003c    0000003c    000000c4   000000c4    r-x .text.1
  00000100    00000100    0000003c   0000003c    r-- .const:ti_sysbios_knl_Task_Object__PARAMS__C
  0000013c    0000013c    00000034   00000034    r-- .const:ti_sysbios_knl_Mailbox_Object__PARAMS__C
  00000170    00000170    00000030   00000030    r-- .const:ti_sysbios_family_arm_m3_Hwi_Object__PARAMS__C
  000001a0    000001a0    0000002c   0000002c    r-- .const:ti_sysbios_hal_Hwi_Object__PARAMS__C
  000001cc    000001cc    00000028   00000028    r-- .const:ti_sysbios_heaps_HeapMem_Module__FXNS__C
  000001f4    000001f4    00000028   00000028    r-- .const:ti_sysbios_knl_Swi_Object__PARAMS__C
  0000021c    0000021c    00000024   00000024    r-- .const:ti_sysbios_gates_GateHwi_Module__FXNS__C
  00000240    00000240    00000024   00000024    r-- .const:ti_sysbios_gates_GateMutex_Module__FXNS__C
  00000264    00000264    00000024   00000024    r-- .const:ti_sysbios_heaps_HeapMem_Object__PARAMS__C
  00000288    00000288    00000024   00000024    r-- .const:ti_sysbios_knl_Clock_Object__PARAMS__C
  000002ac    000002ac    00000024   00000024    r-- .const:ti_sysbios_knl_Semaphore_Object__PARAMS__C
  000002d0    000002d0    00000020   00000020    r-- .const:ti_sysbios_family_arm_m3_Hwi_Object__DESC__C
  000002f0    000002f0    00000020   00000020    r-- .const:ti_sysbios_gates_GateHwi_Object__DESC__C
  00000310    00000310    00000020   00000020    r-- .const:ti_sysbios_gates_GateMutex_Object__DESC__C
  00000330    00000330    00000020   00000020    r-- .const:ti_sysbios_hal_Hwi_Object__DESC__C
  00000350    00000350    00000020   00000020    r-- .const:ti_sysbios_heaps_HeapMem_Object__DESC__C
  00000370    00000370    00000020   00000020    r-- .const:ti_sysbios_knl_Clock_Object__DESC__C
  00000390    00000390    00000020   00000020    r-- .const:ti_sysbios_knl_Mailbox_Object__DESC__C
  000003b0    000003b0    00000020   00000020    r-- .const:ti_sysbios_knl_Queue_Object__DESC__C
  000003d0    000003d0    00000020   00000020    r-- .const:ti_sysbios_knl_Semaphore_Object__DESC__C
  000003f0    000003f0    00000020   00000020    r-- .const:ti_sysbios_knl_Swi_Object__DESC__C
  00000410    00000410    00000020   00000020    r-- .const:ti_sysbios_knl_Task_Object__DESC__C
  00000430    00000430    00000018   00000018    r-- .const:ti_sysbios_gates_GateHwi_Object__PARAMS__C
  00000448    00000448    00000018   00000018    r-- .const:ti_sysbios_gates_GateMutex_Object__PARAMS__C
  00000460    00000460    00000018   00000018    r-- .const:ti_sysbios_knl_Queue_Object__PARAMS__C
  00000478    00000478    00000008   00000008    r-- .const:ti_sysbios_knl_Idle_funcList__C
  00000480    00000480    00000004   00000004    r-x .text.2
  00000484    00000484    00000004   00000004    r-- .const:ti_sysbios_family_arm_cc26xx_Timer_startupNeeded__C
  00000488    00000488    00000004   00000004    r-- .const:ti_sysbios_family_arm_m3_Hwi_E_alreadyDefined__C
  0000048c    0000048c    00000004   00000004    r-- .const:ti_sysbios_family_arm_m3_Hwi_E_hwiLimitExceeded__C
  00000490    00000490    00000004   00000004    r-- .const:ti_sysbios_family_arm_m3_Hwi_NUM_INTERRUPTS__C
  00000494    00000494    00000004   00000004    r-- .const:ti_sysbios_family_arm_m3_Hwi_Object__count__C
  00000498    00000498    00000004   00000004    r-- .const:ti_sysbios_family_arm_m3_Hwi_Object__table__C
  0000049c    0000049c    00000004   00000004    r-- .const:ti_sysbios_family_arm_m3_Hwi_ccr__C
  000004a0    000004a0    00000004   00000004    r-- .const:ti_sysbios_family_arm_m3_Hwi_excHandlerFunc__C
  000004a4    000004a4    00000004   00000004    r-- .const:ti_sysbios_family_arm_m3_Hwi_nullIsrFunc__C
  000004a8    000004a8    00000004   00000004    r-- .const:ti_sysbios_family_arm_m3_Hwi_numSparseInterrupts__C
  000004ac    000004ac    00000004   00000004    r-- .const:ti_sysbios_family_arm_m3_Hwi_priGroup__C
  000004b0    000004b0    00000004   00000004    r-- .const:ti_sysbios_family_arm_m3_TaskSupport_stackAlignment__C
  000004b4    000004b4    00000004   00000004    r-- .const:ti_sysbios_heaps_HeapMem_E_memory__C
  000004b8    000004b8    00000004   00000004    r-- .const:ti_sysbios_heaps_HeapMem_Module__gateObj__C
  000004bc    000004bc    00000004   00000004    r-- .const:ti_sysbios_heaps_HeapMem_Object__count__C
  000004c0    000004c0    00000004   00000004    r-- .const:ti_sysbios_heaps_HeapMem_Object__table__C
  000004c4    000004c4    00000004   00000004    r-- .const:ti_sysbios_heaps_HeapMem_reqAlign__C
  000004c8    000004c8    00000004   00000004    r-- .const:ti_sysbios_knl_Clock_serviceMargin__C
  000004cc    000004cc    00000004   00000004    r-- .const:ti_sysbios_knl_Mailbox_Object__count__C
  000004d0    000004d0    00000004   00000004    r-- .const:ti_sysbios_knl_Mailbox_Object__table__C
  000004d4    000004d4    00000004   00000004    r-- .const:ti_sysbios_knl_Queue_Object__count__C
  000004d8    000004d8    00000004   00000004    r-- .const:ti_sysbios_knl_Queue_Object__table__C
  000004dc    000004dc    00000004   00000004    r-- .const:ti_sysbios_knl_Swi_Object__count__C
  000004e0    000004e0    00000004   00000004    r-- .const:ti_sysbios_knl_Swi_Object__table__C
  000004e4    000004e4    00000004   00000004    r-- .const:ti_sysbios_knl_Swi_numPriorities__C
  000004e8    000004e8    00000004   00000004    r-- .const:ti_sysbios_knl_Task_Object__count__C
  000004ec    000004ec    00000004   00000004    r-- .const:ti_sysbios_knl_Task_Object__table__C
  000004f0    000004f0    00000004   00000004    r-- .const:ti_sysbios_knl_Task_allBlockedFunc__C
  000004f4    000004f4    00000004   00000004    r-- .const:ti_sysbios_knl_Task_defaultStackHeap__C
  000004f8    000004f8    00000004   00000004    r-- .const:ti_sysbios_knl_Task_defaultStackSize__C
  000004fc    000004fc    00000004   00000004    r-- .const:ti_sysbios_knl_Task_numConstructedTasks__C
  00000500    00000500    00000002   00000002    r-x .text.3
  00000502    00000502    00000002   00000002    r-- .const:ti_sysbios_family_arm_cc26xx_Timer_Module__id__C
  00000504    00000504    00000002   00000002    r-- .const:ti_sysbios_family_arm_cc26xx_TimestampProvider_useClockTimer__C
  00000506    00000506    00000002   00000002    r-- .const:ti_sysbios_family_arm_m3_Hwi_Module__id__C
  00000508    00000508    00000002   00000002    r-- .const:ti_sysbios_gates_GateHwi_Module__id__C
  0000050a    0000050a    00000002   00000002    r-- .const:ti_sysbios_gates_GateMutex_Module__id__C
  0000050c    0000050c    00000002   00000002    r-- .const:ti_sysbios_heaps_HeapMem_Module__id__C
  0000050e    0000050e    00000002   00000002    r-- .const:ti_sysbios_knl_Task_initStackFlag__C
  00000510    00000510    00000001   00000001    r-- .const:ti_sysbios_knl_Clock_tickMode__C
  00000514    00000514    00000008   00000008    r-- .const:xdc_runtime_Startup_firstFxns__C
  0000051c    0000051c    00000008   00000008    r-- .const:xdc_runtime_Startup_lastFxns__C
  00000524    00000524    00000004   00000004    r-- .const:xdc_runtime_Assert_E_assertFailed__C
  00000528    00000528    00000004   00000004    r-- .const:xdc_runtime_Error_E_memory__C
  0000052c    0000052c    00000004   00000004    r-- .const:xdc_runtime_Error_policyFxn__C
  00000530    00000530    00000004   00000004    r-- .const:xdc_runtime_IGateProvider_Interface__BASE__C
  00000534    00000534    00000004   00000004    r-- .const:xdc_runtime_IHeap_Interface__BASE__C
  00000538    00000538    00000004   00000004    r-- .const:xdc_runtime_IModule_Interface__BASE__C
  0000053c    0000053c    00000004   00000004    r-- .const:xdc_runtime_Main_Module__diagsEnabled__C
  00000540    00000540    00000004   00000004    r-- .const:xdc_runtime_Main_Module__diagsIncluded__C
  00000544    00000544    00000004   00000004    r-- .const:xdc_runtime_Main_Module__diagsMask__C
  00000548    00000548    00000004   00000004    r-- .const:xdc_runtime_Memory_defaultHeapInstance__C
  0000054c    0000054c    00000004   00000004    r-- .const:xdc_runtime_Startup_execImpl__C
  00000550    00000550    00000004   00000004    r-- .const:xdc_runtime_Startup_maxPasses__C
  00000554    00000554    00000004   00000004    r-- .const:xdc_runtime_Startup_sfxnRts__C
  00000558    00000558    00000004   00000004    r-- .const:xdc_runtime_Startup_sfxnTab__C
  0000055c    0000055c    00000004   00000004    r-- .const:xdc_runtime_Startup_startModsFxn__C
  00000560    00000560    00000004   00000004    r-- .const:xdc_runtime_SysCallback_abortFxn__C
  00000564    00000564    00000004   00000004    r-- .const:xdc_runtime_SysCallback_exitFxn__C
  00000568    00000568    00000004   00000004    r-- .const:xdc_runtime_System_abortFxn__C
  0000056c    0000056c    00000004   00000004    r-- .const:xdc_runtime_System_exitFxn__C
  00000570    00000570    00000004   00000004    r-- .const:xdc_runtime_System_maxAtexitHandlers__C
  00000574    00000574    00000004   00000004    r-- .const:xdc_runtime_Text_charTab__C
  00000578    00000578    00000004   00000004    r-- .const:xdc_runtime_Text_nameEmpty__C
  0000057c    0000057c    00000004   00000004    r-- .const:xdc_runtime_Text_nameStatic__C
  00000580    00000580    00000004   00000004    r-- .const:xdc_runtime_Text_nameUnknown__C
  00000584    00000584    00000002   00000002    r-- .const:xdc_runtime_Main_Module__id__C
  00000586    00000586    00000002   00000002    r-- .const:xdc_runtime_Memory_Module__id__C
  00000588    00000588    00000002   00000002    r-- .const:xdc_runtime_Text_charCnt__C
  0000058a    0000058a    00000002   00000002    r-- .const:xdc_runtime_Text_isLoaded__C
  0000058c    0000058c    00000001   00000001    r-- .const:xdc_runtime_Error_policy__C
  00000590    00000590    00000004   00000004    r-- .const:ti_sysbios_rom_ROM_AONRTCChannelEnable
  00000594    00000594    00000004   00000004    r-- .const:ti_sysbios_rom_ROM_AONRTCCompareValueSet
  00000598    00000598    00000004   00000004    r-- .const:ti_sysbios_rom_ROM_AONRTCCurrentCompareValueGet
  0000059c    0000059c    00000004   00000004    r-- .const:ti_sysbios_rom_ROM_AONRTCEventClear
  000005a0    000005a0    00000004   00000004    r-- .const:ti_sysbios_rom_ROM_ti_sysbios_family_arm_cc26xx_Timer_getCount64__E
  000005a4    000005a4    00000004   00000004    r-- .const:ti_sysbios_rom_ROM_ti_sysbios_family_arm_cc26xx_Timer_getCurrentTick__E
  000005a8    000005a8    00000004   00000004    r-- .const:ti_sysbios_rom_ROM_ti_sysbios_family_arm_cc26xx_Timer_getMaxTicks__E
  000005ac    000005ac    00000004   00000004    r-- .const:ti_sysbios_rom_ROM_ti_sysbios_family_arm_cc26xx_Timer_initDevice__I
  000005b0    000005b0    00000004   00000004    r-- .const:ti_sysbios_rom_ROM_ti_sysbios_family_arm_cc26xx_Timer_setNextTick__E
  000005b4    000005b4    00000004   00000004    r-- .const:ti_sysbios_rom_ROM_ti_sysbios_family_arm_cc26xx_Timer_setThreshold__I
  000005b8    000005b8    00000004   00000004    r-- .const:ti_sysbios_rom_ROM_ti_sysbios_family_arm_cc26xx_Timer_start__E
  000005bc    000005bc    00000004   00000004    r-- .const:ti_sysbios_rom_ROM_ti_sysbios_family_arm_cc26xx_TimestampProvider_get32__E
  000005c0    000005c0    00000004   00000004    r-- .const:ti_sysbios_rom_ROM_xdc_runtime_Startup_getState__I
  000005c4    000005c4    00000004   00000004    r-- .const:ti_sysbios_rom_ROM_xdc_runtime_System_SupportProxy_abort__E
  000005c8    000005c8    00000004   00000004    r-- .const:ti_sysbios_rom_ROM_xdc_runtime_System_SupportProxy_exit__E
  000005cc    000005cc    00000004   00000004    r-- .const:ti_sysbios_gates_GateMutex_Instance_State_sem__O
  000005d0    000005d0    00000004   00000004    r-- .const:ti_sysbios_knl_Clock_Module_State_clockQ__O
  000005d4    000005d4    00000004   00000004    r-- .const:ti_sysbios_knl_Mailbox_Instance_State_dataQue__O
  000005d8    000005d8    00000004   00000004    r-- .const:ti_sysbios_knl_Mailbox_Instance_State_dataSem__O
  000005dc    000005dc    00000004   00000004    r-- .const:ti_sysbios_knl_Mailbox_Instance_State_freeQue__O
  000005e0    000005e0    00000004   00000004    r-- .const:ti_sysbios_knl_Mailbox_Instance_State_freeSem__O
  000005e4    000005e4    00000004   00000004    r-- .const:ti_sysbios_knl_Semaphore_Instance_State_pendQ__O
  000005e8    000005e8    00000004   00000004    r-- .const:ti_sysbios_knl_Task_Module_State_inactiveQ__O
  000005ec    000005ec    0000b264   0000b264    r-x .text.4
  0000b850    0000b850    0000071a   0000071a    r-- .const
  0000bf70    0000bf70    00000b2c   00000b2c    r-- .cinit
0001ffa8    0001ffa8    00000058   00000058    r--
  0001ffa8    0001ffa8    00000058   00000058    r-- .ccfg
20000000    20000000    000000c8   00000000    rw-
  20000000    20000000    000000c8   00000000    rw- .vecs
20000100    20000100    00000104   00000000    rw-
  20000100    20000100    00000044   00000000    rw- .data:ti_sysbios_knl_Task_Module__state__V
  20000144    20000144    00000034   00000000    rw- .data:ti_sysbios_family_arm_m3_Hwi_Module__state__V
  20000178    20000178    0000002c   00000000    rw- .data:ti_sysbios_knl_Clock_Module__state__V
  200001a4    200001a4    00000024   00000000    rw- .data:ti_sysbios_BIOS_Module__state__V
  200001c8    200001c8    0000001c   00000000    rw- .data:ti_sysbios_knl_Swi_Module__state__V
  200001e4    200001e4    00000008   00000000    rw- .data:ti_sysbios_family_arm_cc26xx_Timer_Module__state__V
  200001ec    200001ec    00000004   00000000    rw- .data:ti_sysbios_family_arm_cc26xx_TimestampProvider_Module__state__V
  200001f0    200001f0    00000008   00000000    rw- .data:xdc_runtime_Startup_Module__state__V
  200001f8    200001f8    00000008   00000000    rw- .data:xdc_runtime_System_Module__state__V
  20000200    20000200    00000004   00000000    rw- .data:xdc_runtime_Memory_Module__state__V
20000430    20000430    00000010   00000000    rw-
  20000430    20000430    00000010   00000000    rw- .TI.bound:dmaRxControlTableEntry0
20000440    20000440    00000010   00000000    rw-
  20000440    20000440    00000010   00000000    rw- .TI.bound:dmaTxControlTableEntry0
20000500    20000500    00000010   00000000    rw-
  20000500    20000500    00000010   00000000    rw- .TI.bound:dmaRxControlTableEntry1
20000510    20000510    00002d1a   00000000    rw-
  20000510    20000510    00000010   00000000    rw- .TI.bound:dmaTxControlTableEntry1
  20000520    20000520    00001f29   00000000    rw- .data
  20002450    20002450    00000dda   00000000    rw- .bss
20004050    20004050    00000400   00000000    rw-
  20004050    20004050    00000400   00000000    rw- .stack


SECTION ALLOCATION MAP

 output                                  attributes/
section   page    origin      length       input sections
--------  ----  ----------  ----------   ----------------
.resetVecs 
*          0    00000000    0000003c     
                  00000000    0000003c     app_ble_pem3.oem3 (.resetVecs)

.const:ti_sysbios_knl_Task_Object__PARAMS__C 
*          0    00000100    0000003c     
                  00000100    0000003c     app_ble_pem3.oem3 (.const:ti_sysbios_knl_Task_Object__PARAMS__C)

.const:ti_sysbios_knl_Mailbox_Object__PARAMS__C 
*          0    0000013c    00000034     
                  0000013c    00000034     app_ble_pem3.oem3 (.const:ti_sysbios_knl_Mailbox_Object__PARAMS__C)

.const:ti_sysbios_family_arm_m3_Hwi_Object__PARAMS__C 
*          0    00000170    00000030     
                  00000170    00000030     app_ble_pem3.oem3 (.const:ti_sysbios_family_arm_m3_Hwi_Object__PARAMS__C)

.const:ti_sysbios_hal_Hwi_Object__PARAMS__C 
*          0    000001a0    0000002c     
                  000001a0    0000002c     app_ble_pem3.oem3 (.const:ti_sysbios_hal_Hwi_Object__PARAMS__C)

.const:ti_sysbios_heaps_HeapMem_Module__FXNS__C 
*          0    000001cc    00000028     
                  000001cc    00000028     app_ble_pem3.oem3 (.const:ti_sysbios_heaps_HeapMem_Module__FXNS__C)

.const:ti_sysbios_knl_Swi_Object__PARAMS__C 
*          0    000001f4    00000028     
                  000001f4    00000028     app_ble_pem3.oem3 (.const:ti_sysbios_knl_Swi_Object__PARAMS__C)

.const:ti_sysbios_gates_GateHwi_Module__FXNS__C 
*          0    0000021c    00000024     
                  0000021c    00000024     app_ble_pem3.oem3 (.const:ti_sysbios_gates_GateHwi_Module__FXNS__C)

.const:ti_sysbios_gates_GateMutex_Module__FXNS__C 
*          0    00000240    00000024     
                  00000240    00000024     app_ble_pem3.oem3 (.const:ti_sysbios_gates_GateMutex_Module__FXNS__C)

.const:ti_sysbios_heaps_HeapMem_Object__PARAMS__C 
*          0    00000264    00000024     
                  00000264    00000024     app_ble_pem3.oem3 (.const:ti_sysbios_heaps_HeapMem_Object__PARAMS__C)

.const:ti_sysbios_knl_Clock_Object__PARAMS__C 
*          0    00000288    00000024     
                  00000288    00000024     app_ble_pem3.oem3 (.const:ti_sysbios_knl_Clock_Object__PARAMS__C)

.const:ti_sysbios_knl_Semaphore_Object__PARAMS__C 
*          0    000002ac    00000024     
                  000002ac    00000024     app_ble_pem3.oem3 (.const:ti_sysbios_knl_Semaphore_Object__PARAMS__C)

.const:ti_sysbios_family_arm_m3_Hwi_Object__DESC__C 
*          0    000002d0    00000020     
                  000002d0    00000020     app_ble_pem3.oem3 (.const:ti_sysbios_family_arm_m3_Hwi_Object__DESC__C)

.const:ti_sysbios_gates_GateHwi_Object__DESC__C 
*          0    000002f0    00000020     
                  000002f0    00000020     app_ble_pem3.oem3 (.const:ti_sysbios_gates_GateHwi_Object__DESC__C)

.const:ti_sysbios_gates_GateMutex_Object__DESC__C 
*          0    00000310    00000020     
                  00000310    00000020     app_ble_pem3.oem3 (.const:ti_sysbios_gates_GateMutex_Object__DESC__C)

.const:ti_sysbios_hal_Hwi_Object__DESC__C 
*          0    00000330    00000020     
                  00000330    00000020     app_ble_pem3.oem3 (.const:ti_sysbios_hal_Hwi_Object__DESC__C)

.const:ti_sysbios_heaps_HeapMem_Object__DESC__C 
*          0    00000350    00000020     
                  00000350    00000020     app_ble_pem3.oem3 (.const:ti_sysbios_heaps_HeapMem_Object__DESC__C)

.const:ti_sysbios_knl_Clock_Object__DESC__C 
*          0    00000370    00000020     
                  00000370    00000020     app_ble_pem3.oem3 (.const:ti_sysbios_knl_Clock_Object__DESC__C)

.const:ti_sysbios_knl_Mailbox_Object__DESC__C 
*          0    00000390    00000020     
                  00000390    00000020     app_ble_pem3.oem3 (.const:ti_sysbios_knl_Mailbox_Object__DESC__C)

.const:ti_sysbios_knl_Queue_Object__DESC__C 
*          0    000003b0    00000020     
                  000003b0    00000020     app_ble_pem3.oem3 (.const:ti_sysbios_knl_Queue_Object__DESC__C)

.const:ti_sysbios_knl_Semaphore_Object__DESC__C 
*          0    000003d0    00000020     
                  000003d0    00000020     app_ble_pem3.oem3 (.const:ti_sysbios_knl_Semaphore_Object__DESC__C)

.const:ti_sysbios_knl_Swi_Object__DESC__C 
*          0    000003f0    00000020     
                  000003f0    00000020     app_ble_pem3.oem3 (.const:ti_sysbios_knl_Swi_Object__DESC__C)

.const:ti_sysbios_knl_Task_Object__DESC__C 
*          0    00000410    00000020     
                  00000410    00000020     app_ble_pem3.oem3 (.const:ti_sysbios_knl_Task_Object__DESC__C)

.const:ti_sysbios_gates_GateHwi_Object__PARAMS__C 
*          0    00000430    00000018     
                  00000430    00000018     app_ble_pem3.oem3 (.const:ti_sysbios_gates_GateHwi_Object__PARAMS__C)

.const:ti_sysbios_gates_GateMutex_Object__PARAMS__C 
*          0    00000448    00000018     
                  00000448    00000018     app_ble_pem3.oem3 (.const:ti_sysbios_gates_GateMutex_Object__PARAMS__C)

.const:ti_sysbios_knl_Queue_Object__PARAMS__C 
*          0    00000460    00000018     
                  00000460    00000018     app_ble_pem3.oem3 (.const:ti_sysbios_knl_Queue_Object__PARAMS__C)

.const:ti_sysbios_knl_Idle_funcList__C 
*          0    00000478    00000008     
                  00000478    00000008     app_ble_pem3.oem3 (.const:ti_sysbios_knl_Idle_funcList__C)

.const:ti_sysbios_family_arm_cc26xx_Timer_startupNeeded__C 
*          0    00000484    00000004     
                  00000484    00000004     app_ble_pem3.oem3 (.const:ti_sysbios_family_arm_cc26xx_Timer_startupNeeded__C)

.const:ti_sysbios_family_arm_m3_Hwi_E_alreadyDefined__C 
*          0    00000488    00000004     
                  00000488    00000004     app_ble_pem3.oem3 (.const:ti_sysbios_family_arm_m3_Hwi_E_alreadyDefined__C)

.const:ti_sysbios_family_arm_m3_Hwi_E_hwiLimitExceeded__C 
*          0    0000048c    00000004     
                  0000048c    00000004     app_ble_pem3.oem3 (.const:ti_sysbios_family_arm_m3_Hwi_E_hwiLimitExceeded__C)

.const:ti_sysbios_family_arm_m3_Hwi_NUM_INTERRUPTS__C 
*          0    00000490    00000004     
                  00000490    00000004     app_ble_pem3.oem3 (.const:ti_sysbios_family_arm_m3_Hwi_NUM_INTERRUPTS__C)

.const:ti_sysbios_family_arm_m3_Hwi_Object__count__C 
*          0    00000494    00000004     
                  00000494    00000004     app_ble_pem3.oem3 (.const:ti_sysbios_family_arm_m3_Hwi_Object__count__C)

.const:ti_sysbios_family_arm_m3_Hwi_Object__table__C 
*          0    00000498    00000004     
                  00000498    00000004     app_ble_pem3.oem3 (.const:ti_sysbios_family_arm_m3_Hwi_Object__table__C)

.const:ti_sysbios_family_arm_m3_Hwi_ccr__C 
*          0    0000049c    00000004     
                  0000049c    00000004     app_ble_pem3.oem3 (.const:ti_sysbios_family_arm_m3_Hwi_ccr__C)

.const:ti_sysbios_family_arm_m3_Hwi_excHandlerFunc__C 
*          0    000004a0    00000004     
                  000004a0    00000004     app_ble_pem3.oem3 (.const:ti_sysbios_family_arm_m3_Hwi_excHandlerFunc__C)

.const:ti_sysbios_family_arm_m3_Hwi_nullIsrFunc__C 
*          0    000004a4    00000004     
                  000004a4    00000004     app_ble_pem3.oem3 (.const:ti_sysbios_family_arm_m3_Hwi_nullIsrFunc__C)

.const:ti_sysbios_family_arm_m3_Hwi_numSparseInterrupts__C 
*          0    000004a8    00000004     
                  000004a8    00000004     app_ble_pem3.oem3 (.const:ti_sysbios_family_arm_m3_Hwi_numSparseInterrupts__C)

.const:ti_sysbios_family_arm_m3_Hwi_priGroup__C 
*          0    000004ac    00000004     
                  000004ac    00000004     app_ble_pem3.oem3 (.const:ti_sysbios_family_arm_m3_Hwi_priGroup__C)

.const:ti_sysbios_family_arm_m3_TaskSupport_stackAlignment__C 
*          0    000004b0    00000004     
                  000004b0    00000004     app_ble_pem3.oem3 (.const:ti_sysbios_family_arm_m3_TaskSupport_stackAlignment__C)

.const:ti_sysbios_heaps_HeapMem_E_memory__C 
*          0    000004b4    00000004     
                  000004b4    00000004     app_ble_pem3.oem3 (.const:ti_sysbios_heaps_HeapMem_E_memory__C)

.const:ti_sysbios_heaps_HeapMem_Module__gateObj__C 
*          0    000004b8    00000004     
                  000004b8    00000004     app_ble_pem3.oem3 (.const:ti_sysbios_heaps_HeapMem_Module__gateObj__C)

.const:ti_sysbios_heaps_HeapMem_Object__count__C 
*          0    000004bc    00000004     
                  000004bc    00000004     app_ble_pem3.oem3 (.const:ti_sysbios_heaps_HeapMem_Object__count__C)

.const:ti_sysbios_heaps_HeapMem_Object__table__C 
*          0    000004c0    00000004     
                  000004c0    00000004     app_ble_pem3.oem3 (.const:ti_sysbios_heaps_HeapMem_Object__table__C)

.const:ti_sysbios_heaps_HeapMem_reqAlign__C 
*          0    000004c4    00000004     
                  000004c4    00000004     app_ble_pem3.oem3 (.const:ti_sysbios_heaps_HeapMem_reqAlign__C)

.const:ti_sysbios_knl_Clock_serviceMargin__C 
*          0    000004c8    00000004     
                  000004c8    00000004     app_ble_pem3.oem3 (.const:ti_sysbios_knl_Clock_serviceMargin__C)

.const:ti_sysbios_knl_Mailbox_Object__count__C 
*          0    000004cc    00000004     
                  000004cc    00000004     app_ble_pem3.oem3 (.const:ti_sysbios_knl_Mailbox_Object__count__C)

.const:ti_sysbios_knl_Mailbox_Object__table__C 
*          0    000004d0    00000004     
                  000004d0    00000004     app_ble_pem3.oem3 (.const:ti_sysbios_knl_Mailbox_Object__table__C)

.const:ti_sysbios_knl_Queue_Object__count__C 
*          0    000004d4    00000004     
                  000004d4    00000004     app_ble_pem3.oem3 (.const:ti_sysbios_knl_Queue_Object__count__C)

.const:ti_sysbios_knl_Queue_Object__table__C 
*          0    000004d8    00000004     
                  000004d8    00000004     app_ble_pem3.oem3 (.const:ti_sysbios_knl_Queue_Object__table__C)

.const:ti_sysbios_knl_Swi_Object__count__C 
*          0    000004dc    00000004     
                  000004dc    00000004     app_ble_pem3.oem3 (.const:ti_sysbios_knl_Swi_Object__count__C)

.const:ti_sysbios_knl_Swi_Object__table__C 
*          0    000004e0    00000004     
                  000004e0    00000004     app_ble_pem3.oem3 (.const:ti_sysbios_knl_Swi_Object__table__C)

.const:ti_sysbios_knl_Swi_numPriorities__C 
*          0    000004e4    00000004     
                  000004e4    00000004     app_ble_pem3.oem3 (.const:ti_sysbios_knl_Swi_numPriorities__C)

.const:ti_sysbios_knl_Task_Object__count__C 
*          0    000004e8    00000004     
                  000004e8    00000004     app_ble_pem3.oem3 (.const:ti_sysbios_knl_Task_Object__count__C)

.const:ti_sysbios_knl_Task_Object__table__C 
*          0    000004ec    00000004     
                  000004ec    00000004     app_ble_pem3.oem3 (.const:ti_sysbios_knl_Task_Object__table__C)

.const:ti_sysbios_knl_Task_allBlockedFunc__C 
*          0    000004f0    00000004     
                  000004f0    00000004     app_ble_pem3.oem3 (.const:ti_sysbios_knl_Task_allBlockedFunc__C)

.const:ti_sysbios_knl_Task_defaultStackHeap__C 
*          0    000004f4    00000004     
                  000004f4    00000004     app_ble_pem3.oem3 (.const:ti_sysbios_knl_Task_defaultStackHeap__C)

.const:ti_sysbios_knl_Task_defaultStackSize__C 
*          0    000004f8    00000004     
                  000004f8    00000004     app_ble_pem3.oem3 (.const:ti_sysbios_knl_Task_defaultStackSize__C)

.const:ti_sysbios_knl_Task_numConstructedTasks__C 
*          0    000004fc    00000004     
                  000004fc    00000004     app_ble_pem3.oem3 (.const:ti_sysbios_knl_Task_numConstructedTasks__C)

.const:ti_sysbios_family_arm_cc26xx_Timer_Module__id__C 
*          0    00000502    00000002     
                  00000502    00000002     app_ble_pem3.oem3 (.const:ti_sysbios_family_arm_cc26xx_Timer_Module__id__C)

.const:ti_sysbios_family_arm_cc26xx_TimestampProvider_useClockTimer__C 
*          0    00000504    00000002     
                  00000504    00000002     app_ble_pem3.oem3 (.const:ti_sysbios_family_arm_cc26xx_TimestampProvider_useClockTimer__C)

.const:ti_sysbios_family_arm_m3_Hwi_Module__id__C 
*          0    00000506    00000002     
                  00000506    00000002     app_ble_pem3.oem3 (.const:ti_sysbios_family_arm_m3_Hwi_Module__id__C)

.const:ti_sysbios_gates_GateHwi_Module__id__C 
*          0    00000508    00000002     
                  00000508    00000002     app_ble_pem3.oem3 (.const:ti_sysbios_gates_GateHwi_Module__id__C)

.const:ti_sysbios_gates_GateMutex_Module__id__C 
*          0    0000050a    00000002     
                  0000050a    00000002     app_ble_pem3.oem3 (.const:ti_sysbios_gates_GateMutex_Module__id__C)

.const:ti_sysbios_heaps_HeapMem_Module__id__C 
*          0    0000050c    00000002     
                  0000050c    00000002     app_ble_pem3.oem3 (.const:ti_sysbios_heaps_HeapMem_Module__id__C)

.const:ti_sysbios_knl_Task_initStackFlag__C 
*          0    0000050e    00000002     
                  0000050e    00000002     app_ble_pem3.oem3 (.const:ti_sysbios_knl_Task_initStackFlag__C)

.const:ti_sysbios_knl_Clock_tickMode__C 
*          0    00000510    00000001     
                  00000510    00000001     app_ble_pem3.oem3 (.const:ti_sysbios_knl_Clock_tickMode__C)

.const:xdc_runtime_Startup_firstFxns__C 
*          0    00000514    00000008     
                  00000514    00000008     app_ble_pem3.oem3 (.const:xdc_runtime_Startup_firstFxns__C)

.const:xdc_runtime_Startup_lastFxns__C 
*          0    0000051c    00000008     
                  0000051c    00000008     app_ble_pem3.oem3 (.const:xdc_runtime_Startup_lastFxns__C)

.const:xdc_runtime_Assert_E_assertFailed__C 
*          0    00000524    00000004     
                  00000524    00000004     app_ble_pem3.oem3 (.const:xdc_runtime_Assert_E_assertFailed__C)

.const:xdc_runtime_Error_E_memory__C 
*          0    00000528    00000004     
                  00000528    00000004     app_ble_pem3.oem3 (.const:xdc_runtime_Error_E_memory__C)

.const:xdc_runtime_Error_policyFxn__C 
*          0    0000052c    00000004     
                  0000052c    00000004     app_ble_pem3.oem3 (.const:xdc_runtime_Error_policyFxn__C)

.const:xdc_runtime_IGateProvider_Interface__BASE__C 
*          0    00000530    00000004     
                  00000530    00000004     app_ble_pem3.oem3 (.const:xdc_runtime_IGateProvider_Interface__BASE__C)

.const:xdc_runtime_IHeap_Interface__BASE__C 
*          0    00000534    00000004     
                  00000534    00000004     app_ble_pem3.oem3 (.const:xdc_runtime_IHeap_Interface__BASE__C)

.const:xdc_runtime_IModule_Interface__BASE__C 
*          0    00000538    00000004     
                  00000538    00000004     app_ble_pem3.oem3 (.const:xdc_runtime_IModule_Interface__BASE__C)

.const:xdc_runtime_Main_Module__diagsEnabled__C 
*          0    0000053c    00000004     
                  0000053c    00000004     app_ble_pem3.oem3 (.const:xdc_runtime_Main_Module__diagsEnabled__C)

.const:xdc_runtime_Main_Module__diagsIncluded__C 
*          0    00000540    00000004     
                  00000540    00000004     app_ble_pem3.oem3 (.const:xdc_runtime_Main_Module__diagsIncluded__C)

.const:xdc_runtime_Main_Module__diagsMask__C 
*          0    00000544    00000004     
                  00000544    00000004     app_ble_pem3.oem3 (.const:xdc_runtime_Main_Module__diagsMask__C)

.const:xdc_runtime_Memory_defaultHeapInstance__C 
*          0    00000548    00000004     
                  00000548    00000004     app_ble_pem3.oem3 (.const:xdc_runtime_Memory_defaultHeapInstance__C)

.const:xdc_runtime_Startup_execImpl__C 
*          0    0000054c    00000004     
                  0000054c    00000004     app_ble_pem3.oem3 (.const:xdc_runtime_Startup_execImpl__C)

.const:xdc_runtime_Startup_maxPasses__C 
*          0    00000550    00000004     
                  00000550    00000004     app_ble_pem3.oem3 (.const:xdc_runtime_Startup_maxPasses__C)

.const:xdc_runtime_Startup_sfxnRts__C 
*          0    00000554    00000004     
                  00000554    00000004     app_ble_pem3.oem3 (.const:xdc_runtime_Startup_sfxnRts__C)

.const:xdc_runtime_Startup_sfxnTab__C 
*          0    00000558    00000004     
                  00000558    00000004     app_ble_pem3.oem3 (.const:xdc_runtime_Startup_sfxnTab__C)

.const:xdc_runtime_Startup_startModsFxn__C 
*          0    0000055c    00000004     
                  0000055c    00000004     app_ble_pem3.oem3 (.const:xdc_runtime_Startup_startModsFxn__C)

.const:xdc_runtime_SysCallback_abortFxn__C 
*          0    00000560    00000004     
                  00000560    00000004     app_ble_pem3.oem3 (.const:xdc_runtime_SysCallback_abortFxn__C)

.const:xdc_runtime_SysCallback_exitFxn__C 
*          0    00000564    00000004     
                  00000564    00000004     app_ble_pem3.oem3 (.const:xdc_runtime_SysCallback_exitFxn__C)

.const:xdc_runtime_System_abortFxn__C 
*          0    00000568    00000004     
                  00000568    00000004     app_ble_pem3.oem3 (.const:xdc_runtime_System_abortFxn__C)

.const:xdc_runtime_System_exitFxn__C 
*          0    0000056c    00000004     
                  0000056c    00000004     app_ble_pem3.oem3 (.const:xdc_runtime_System_exitFxn__C)

.const:xdc_runtime_System_maxAtexitHandlers__C 
*          0    00000570    00000004     
                  00000570    00000004     app_ble_pem3.oem3 (.const:xdc_runtime_System_maxAtexitHandlers__C)

.const:xdc_runtime_Text_charTab__C 
*          0    00000574    00000004     
                  00000574    00000004     app_ble_pem3.oem3 (.const:xdc_runtime_Text_charTab__C)

.const:xdc_runtime_Text_nameEmpty__C 
*          0    00000578    00000004     
                  00000578    00000004     app_ble_pem3.oem3 (.const:xdc_runtime_Text_nameEmpty__C)

.const:xdc_runtime_Text_nameStatic__C 
*          0    0000057c    00000004     
                  0000057c    00000004     app_ble_pem3.oem3 (.const:xdc_runtime_Text_nameStatic__C)

.const:xdc_runtime_Text_nameUnknown__C 
*          0    00000580    00000004     
                  00000580    00000004     app_ble_pem3.oem3 (.const:xdc_runtime_Text_nameUnknown__C)

.const:xdc_runtime_Main_Module__id__C 
*          0    00000584    00000002     
                  00000584    00000002     app_ble_pem3.oem3 (.const:xdc_runtime_Main_Module__id__C)

.const:xdc_runtime_Memory_Module__id__C 
*          0    00000586    00000002     
                  00000586    00000002     app_ble_pem3.oem3 (.const:xdc_runtime_Memory_Module__id__C)

.const:xdc_runtime_Text_charCnt__C 
*          0    00000588    00000002     
                  00000588    00000002     app_ble_pem3.oem3 (.const:xdc_runtime_Text_charCnt__C)

.const:xdc_runtime_Text_isLoaded__C 
*          0    0000058a    00000002     
                  0000058a    00000002     app_ble_pem3.oem3 (.const:xdc_runtime_Text_isLoaded__C)

.const:xdc_runtime_Error_policy__C 
*          0    0000058c    00000001     
                  0000058c    00000001     app_ble_pem3.oem3 (.const:xdc_runtime_Error_policy__C)

.const:ti_sysbios_rom_ROM_AONRTCChannelEnable 
*          0    00000590    00000004     
                  00000590    00000004     app_ble_pem3.oem3 (.const:ti_sysbios_rom_ROM_AONRTCChannelEnable)

.const:ti_sysbios_rom_ROM_AONRTCCompareValueSet 
*          0    00000594    00000004     
                  00000594    00000004     app_ble_pem3.oem3 (.const:ti_sysbios_rom_ROM_AONRTCCompareValueSet)

.const:ti_sysbios_rom_ROM_AONRTCCurrentCompareValueGet 
*          0    00000598    00000004     
                  00000598    00000004     app_ble_pem3.oem3 (.const:ti_sysbios_rom_ROM_AONRTCCurrentCompareValueGet)

.const:ti_sysbios_rom_ROM_AONRTCEventClear 
*          0    0000059c    00000004     
                  0000059c    00000004     app_ble_pem3.oem3 (.const:ti_sysbios_rom_ROM_AONRTCEventClear)

.const:ti_sysbios_rom_ROM_ti_sysbios_family_arm_cc26xx_Timer_getCount64__E 
*          0    000005a0    00000004     
                  000005a0    00000004     app_ble_pem3.oem3 (.const:ti_sysbios_rom_ROM_ti_sysbios_family_arm_cc26xx_Timer_getCount64__E)

.const:ti_sysbios_rom_ROM_ti_sysbios_family_arm_cc26xx_Timer_getCurrentTick__E 
*          0    000005a4    00000004     
                  000005a4    00000004     app_ble_pem3.oem3 (.const:ti_sysbios_rom_ROM_ti_sysbios_family_arm_cc26xx_Timer_getCurrentTick__E)

.const:ti_sysbios_rom_ROM_ti_sysbios_family_arm_cc26xx_Timer_getMaxTicks__E 
*          0    000005a8    00000004     
                  000005a8    00000004     app_ble_pem3.oem3 (.const:ti_sysbios_rom_ROM_ti_sysbios_family_arm_cc26xx_Timer_getMaxTicks__E)

.const:ti_sysbios_rom_ROM_ti_sysbios_family_arm_cc26xx_Timer_initDevice__I 
*          0    000005ac    00000004     
                  000005ac    00000004     app_ble_pem3.oem3 (.const:ti_sysbios_rom_ROM_ti_sysbios_family_arm_cc26xx_Timer_initDevice__I)

.const:ti_sysbios_rom_ROM_ti_sysbios_family_arm_cc26xx_Timer_setNextTick__E 
*          0    000005b0    00000004     
                  000005b0    00000004     app_ble_pem3.oem3 (.const:ti_sysbios_rom_ROM_ti_sysbios_family_arm_cc26xx_Timer_setNextTick__E)

.const:ti_sysbios_rom_ROM_ti_sysbios_family_arm_cc26xx_Timer_setThreshold__I 
*          0    000005b4    00000004     
                  000005b4    00000004     app_ble_pem3.oem3 (.const:ti_sysbios_rom_ROM_ti_sysbios_family_arm_cc26xx_Timer_setThreshold__I)

.const:ti_sysbios_rom_ROM_ti_sysbios_family_arm_cc26xx_Timer_start__E 
*          0    000005b8    00000004     
                  000005b8    00000004     app_ble_pem3.oem3 (.const:ti_sysbios_rom_ROM_ti_sysbios_family_arm_cc26xx_Timer_start__E)

.const:ti_sysbios_rom_ROM_ti_sysbios_family_arm_cc26xx_TimestampProvider_get32__E 
*          0    000005bc    00000004     
                  000005bc    00000004     app_ble_pem3.oem3 (.const:ti_sysbios_rom_ROM_ti_sysbios_family_arm_cc26xx_TimestampProvider_get32__E)

.const:ti_sysbios_rom_ROM_xdc_runtime_Startup_getState__I 
*          0    000005c0    00000004     
                  000005c0    00000004     app_ble_pem3.oem3 (.const:ti_sysbios_rom_ROM_xdc_runtime_Startup_getState__I)

.const:ti_sysbios_rom_ROM_xdc_runtime_System_SupportProxy_abort__E 
*          0    000005c4    00000004     
                  000005c4    00000004     app_ble_pem3.oem3 (.const:ti_sysbios_rom_ROM_xdc_runtime_System_SupportProxy_abort__E)

.const:ti_sysbios_rom_ROM_xdc_runtime_System_SupportProxy_exit__E 
*          0    000005c8    00000004     
                  000005c8    00000004     app_ble_pem3.oem3 (.const:ti_sysbios_rom_ROM_xdc_runtime_System_SupportProxy_exit__E)

.const:ti_sysbios_gates_GateMutex_Instance_State_sem__O 
*          0    000005cc    00000004     
                  000005cc    00000004     app_ble_pem3.oem3 (.const:ti_sysbios_gates_GateMutex_Instance_State_sem__O)

.const:ti_sysbios_knl_Clock_Module_State_clockQ__O 
*          0    000005d0    00000004     
                  000005d0    00000004     app_ble_pem3.oem3 (.const:ti_sysbios_knl_Clock_Module_State_clockQ__O)

.const:ti_sysbios_knl_Mailbox_Instance_State_dataQue__O 
*          0    000005d4    00000004     
                  000005d4    00000004     app_ble_pem3.oem3 (.const:ti_sysbios_knl_Mailbox_Instance_State_dataQue__O)

.const:ti_sysbios_knl_Mailbox_Instance_State_dataSem__O 
*          0    000005d8    00000004     
                  000005d8    00000004     app_ble_pem3.oem3 (.const:ti_sysbios_knl_Mailbox_Instance_State_dataSem__O)

.const:ti_sysbios_knl_Mailbox_Instance_State_freeQue__O 
*          0    000005dc    00000004     
                  000005dc    00000004     app_ble_pem3.oem3 (.const:ti_sysbios_knl_Mailbox_Instance_State_freeQue__O)

.const:ti_sysbios_knl_Mailbox_Instance_State_freeSem__O 
*          0    000005e0    00000004     
                  000005e0    00000004     app_ble_pem3.oem3 (.const:ti_sysbios_knl_Mailbox_Instance_State_freeSem__O)

.const:ti_sysbios_knl_Semaphore_Instance_State_pendQ__O 
*          0    000005e4    00000004     
                  000005e4    00000004     app_ble_pem3.oem3 (.const:ti_sysbios_knl_Semaphore_Instance_State_pendQ__O)

.const:ti_sysbios_knl_Task_Module_State_inactiveQ__O 
*          0    000005e8    00000004     
                  000005e8    00000004     app_ble_pem3.oem3 (.const:ti_sysbios_knl_Task_Module_State_inactiveQ__O)

.cinit     0    0000bf70    00000b2c     
                  0000bf70    0000092d     (.cinit..data.load) [load image, compression = rle]
                  0000c89d    00000003     --HOLE-- [fill = 0]
                  0000c8a0    0000002d     (.cinit..data:ti_sysbios_family_arm_m3_Hwi_Module__state__V.load) [load image, compression = rle]
                  0000c8cd    00000003     --HOLE-- [fill = 0]
                  0000c8d0    0000002c     (.cinit..data:ti_sysbios_knl_Task_Module__state__V.load) [load image, compression = rle]
                  0000c8fc    00000004     --HOLE-- [fill = 0]
                  0000c900    00000021     (.cinit..data:ti_sysbios_knl_Clock_Module__state__V.load) [load image, compression = rle]
                  0000c921    00000007     --HOLE-- [fill = 0]
                  0000c928    0000001f     (.cinit..data:ti_sysbios_BIOS_Module__state__V.load) [load image, compression = rle]
                  0000c947    00000001     --HOLE-- [fill = 0]
                  0000c948    00000011     (.cinit..data:ti_sysbios_knl_Swi_Module__state__V.load) [load image, compression = rle]
                  0000c959    00000007     --HOLE-- [fill = 0]
                  0000c960    0000000d     (.cinit..data:ti_sysbios_family_arm_cc26xx_Timer_Module__state__V.load) [load image, compression = rle]
                  0000c96d    00000003     --HOLE-- [fill = 0]
                  0000c970    0000000b     (.cinit..bss.load) [load image, compression = rle]
                  0000c97b    00000005     --HOLE-- [fill = 0]
                  0000c980    0000000a     (.cinit..data:xdc_runtime_Memory_Module__state__V.load) [load image, compression = rle]
                  0000c98a    00000006     --HOLE-- [fill = 0]
                  0000c990    00000009     (.cinit..TI.bound:dmaRxControlTableEntry0.load) [load image, compression = rle]
                  0000c999    00000007     --HOLE-- [fill = 0]
                  0000c9a0    00000009     (.cinit..TI.bound:dmaRxControlTableEntry1.load) [load image, compression = rle]
                  0000c9a9    00000007     --HOLE-- [fill = 0]
                  0000c9b0    00000009     (.cinit..TI.bound:dmaTxControlTableEntry0.load) [load image, compression = rle]
                  0000c9b9    00000007     --HOLE-- [fill = 0]
                  0000c9c0    00000009     (.cinit..TI.bound:dmaTxControlTableEntry1.load) [load image, compression = rle]
                  0000c9c9    00000007     --HOLE-- [fill = 0]
                  0000c9d0    00000009     (.cinit..data:ti_sysbios_family_arm_cc26xx_TimestampProvider_Module__state__V.load) [load image, compression = rle]
                  0000c9d9    00000007     --HOLE-- [fill = 0]
                  0000c9e0    00000009     (.cinit..data:xdc_runtime_Startup_Module__state__V.load) [load image, compression = rle]
                  0000c9e9    00000007     --HOLE-- [fill = 0]
                  0000c9f0    00000009     (.cinit..data:xdc_runtime_System_Module__state__V.load) [load image, compression = rle]
                  0000c9f9    00000007     --HOLE-- [fill = 0]
                  0000ca00    00000009     (.cinit..vecs.load) [load image, compression = rle]
                  0000ca09    00000003     --HOLE-- [fill = 0]
                  0000ca0c    00000008     (__TI_handler_table)
                  0000ca14    00000088     (__TI_cinit_table)

.init_array 
*          0    00000000    00000000     UNINITIALIZED

.ccfg      0    0001ffa8    00000058     
                  0001ffa8    00000058     ccfg_app_ble.obj (.ccfg:retain)

.data:ti_sysbios_knl_Task_Module__state__V 
*          0    20000100    00000044     UNINITIALIZED
                  20000100    00000044     app_ble_pem3.oem3 (.data:ti_sysbios_knl_Task_Module__state__V)

.data:ti_sysbios_family_arm_m3_Hwi_Module__state__V 
*          0    20000144    00000034     UNINITIALIZED
                  20000144    00000034     app_ble_pem3.oem3 (.data:ti_sysbios_family_arm_m3_Hwi_Module__state__V)

.data:ti_sysbios_knl_Clock_Module__state__V 
*          0    20000178    0000002c     UNINITIALIZED
                  20000178    0000002c     app_ble_pem3.oem3 (.data:ti_sysbios_knl_Clock_Module__state__V)

.data:ti_sysbios_BIOS_Module__state__V 
*          0    200001a4    00000024     UNINITIALIZED
                  200001a4    00000024     app_ble_pem3.oem3 (.data:ti_sysbios_BIOS_Module__state__V)

.data:ti_sysbios_knl_Swi_Module__state__V 
*          0    200001c8    0000001c     UNINITIALIZED
                  200001c8    0000001c     app_ble_pem3.oem3 (.data:ti_sysbios_knl_Swi_Module__state__V)

.data:ti_sysbios_family_arm_cc26xx_Timer_Module__state__V 
*          0    200001e4    00000008     UNINITIALIZED
                  200001e4    00000008     app_ble_pem3.oem3 (.data:ti_sysbios_family_arm_cc26xx_Timer_Module__state__V)

.data:ti_sysbios_family_arm_cc26xx_TimestampProvider_Module__state__V 
*          0    200001ec    00000004     UNINITIALIZED
                  200001ec    00000004     app_ble_pem3.oem3 (.data:ti_sysbios_family_arm_cc26xx_TimestampProvider_Module__state__V)

.data:xdc_runtime_Startup_Module__state__V 
*          0    200001f0    00000008     UNINITIALIZED
                  200001f0    00000008     app_ble_pem3.oem3 (.data:xdc_runtime_Startup_Module__state__V)

.data:xdc_runtime_System_Module__state__V 
*          0    200001f8    00000008     UNINITIALIZED
                  200001f8    00000008     app_ble_pem3.oem3 (.data:xdc_runtime_System_Module__state__V)

.data:xdc_runtime_Memory_Module__state__V 
*          0    20000200    00000004     UNINITIALIZED
                  20000200    00000004     app_ble_pem3.oem3 (.data:xdc_runtime_Memory_Module__state__V)

.TI.bound:dmaRxControlTableEntry0 
*          0    20000430    00000010     UNINITIALIZED
                  20000430    00000010     SPICC26XXDMA.obj (.TI.bound:dmaRxControlTableEntry0)

.TI.bound:dmaRxControlTableEntry1 
*          0    20000500    00000010     UNINITIALIZED
                  20000500    00000010     SPICC26XXDMA.obj (.TI.bound:dmaRxControlTableEntry1)

.data      0    20000520    00001f29     UNINITIALIZED
                  20000520    000003e4     peripheral.obj (.data:$O1$$)
                  20000904    000003b0     sensortag.obj (.data:$O1$$)
                  20000cb4    000002b4     sensortag_bar.obj (.data:$O1$$)
                  20000f68    000002b4     sensortag_hum.obj (.data:$O1$$)
                  2000121c    000002b4     sensortag_tmp.obj (.data:$O1$$)
                  200014d0    00000278     RF.obj (.data:$O1$$)
                  20001748    000001d4     devinfoservice.obj (.data:$O1$$)
                  2000191c    0000010c     icall.obj (.data:$O1$$)
                  20001a28    0000010c     drivers_cc26xxware.aem3 : PowerCC26XX.oem3 (.data:PowerCC26XX_module)
                  20001b34    000000a0     movementservice.obj (.data:$O1$$)
                  20001bd4    00000094     barometerservice.obj (.data:$O1$$)
                  20001c68    00000090     humidityservice.obj (.data:$O1$$)
                  20001cf8    00000090     irtempservice.obj (.data:$O1$$)
                  20001d88    00000090     registerservice.obj (.data:$O1$$)
                  20001e18    0000008c     opticservice.obj (.data:$O1$$)
                  20001ea4    00000078     battservice.obj (.data:$O1$$)
                  20001f1c    0000006c     ExtFlash.obj (.data:$O1$$)
                  20001f88    0000005c     ioservice.obj (.data:$O1$$)
                  20001fe4    00000058     simplekeys.obj (.data:$O1$$)
                  2000203c    00000050     ble_user_config.obj (.data:rfRegTbl)
                  2000208c    0000004c     sensortag_mov.obj (.data:$O1$$)
                  200020d8    0000004c     app_ble_pem3.oem3 (.data:ti_sysbios_knl_Task_Object__table__V)
                  20002124    00000004     I2C.obj (.data)
                  20002128    00000048     app_ble_pem3.oem3 (.data:ti_sysbios_family_arm_cc26xx_Timer_Object__table__V)
                  20002170    00000038     app_ble_pem3.oem3 (.data:ti_sysbios_gates_GateMutex_Object__table__V)
                  200021a8    00000034     SensorMpu9250.obj (.data:$O1$$)
                  200021dc    00000030     sensortag_register.obj (.data:$O1$$)
                  2000220c    00000030     app_ble_pem3.oem3 (.data:ti_sysbios_knl_Swi_Module_State_0_readyQ__A)
                  2000223c    00000030     app_ble_pem3.oem3 (.data:ti_sysbios_knl_Swi_Object__table__V)
                  2000226c    00000030     app_ble_pem3.oem3 (.data:ti_sysbios_knl_Task_Module_State_0_readyQ__A)
                  2000229c    0000002c     sensortag_keys.obj (.data:$O1$$)
                  200022c8    0000002c     sensortag_opt.obj (.data:$O1$$)
                  200022f4    00000028     main.obj (.data:user0Cfg)
                  2000231c    00000020     app_ble_pem3.oem3 (.data:ti_sysbios_knl_Clock_Object__table__V)
                  2000233c    00000018     app_ble_pem3.oem3 (.data:ti_sysbios_family_arm_m3_Hwi_Object__table__V)
                  20002354    00000018     app_ble_pem3.oem3 (.data:ti_sysbios_heaps_HeapMem_Object__table__V)
                  2000236c    00000010     simplekeys.obj (.data:skCharUserDesp)
                  2000237c    0000000c     icall_api.obj (.data:$O1$$)
                  20002388    0000000c     rtsv7M3_T_le_eabi.lib : exit.obj (.data:$O1$$)
                  20002394    00000009     devinfoservice.obj (.data)
                  2000239d    00000003     barometerservice.obj (.data)
                  200023a0    00000008     icall_cc2650.obj (.data:$O1$$)
                  200023a8    00000008     rtsv7M3_T_le_eabi.lib : _lock.obj (.data:$O1$$)
                  200023b0    00000008     sensortag_io.obj (.data:$O1$$)
                  200023b8    00000008     battservice.obj (.data:battLevelPresentation)
                  200023c0    00000008     app_ble_pem3.oem3 (.data:ti_sysbios_family_arm_m3_Hwi_Module__root__V)
                  200023c8    00000008     app_ble_pem3.oem3 (.data:ti_sysbios_gates_GateHwi_Module__root__V)
                  200023d0    00000008     app_ble_pem3.oem3 (.data:ti_sysbios_gates_GateMutex_Module__root__V)
                  200023d8    00000008     app_ble_pem3.oem3 (.data:ti_sysbios_hal_Hwi_Module__root__V)
                  200023e0    00000008     app_ble_pem3.oem3 (.data:ti_sysbios_heaps_HeapMem_Module__root__V)
                  200023e8    00000008     app_ble_pem3.oem3 (.data:ti_sysbios_knl_Clock_Module__root__V)
                  200023f0    00000008     app_ble_pem3.oem3 (.data:ti_sysbios_knl_Mailbox_Module__root__V)
                  200023f8    00000008     app_ble_pem3.oem3 (.data:ti_sysbios_knl_Queue_Module__root__V)
                  20002400    00000008     app_ble_pem3.oem3 (.data:ti_sysbios_knl_Semaphore_Module__root__V)
                  20002408    00000008     app_ble_pem3.oem3 (.data:ti_sysbios_knl_Swi_Module__root__V)
                  20002410    00000008     app_ble_pem3.oem3 (.data:ti_sysbios_knl_Task_Module__root__V)
                  20002418    00000004     SPI.obj (.data)
                  2000241c    00000004     ble_user_config.obj (.data)
                  20002420    00000004     rtsv7M3_T_le_eabi.lib : stkdepth_vars.obj (.data)
                  20002424    00000004     sensortag_buzzer.obj (.data)
                  20002428    00000004     app_ble_pem3.oem3 (.data:ti_sysbios_family_arm_m3_Hwi_Module_State_0_excContext__A)
                  2000242c    00000004     app_ble_pem3.oem3 (.data:ti_sysbios_family_arm_m3_Hwi_Module_State_0_excStack__A)
                  20002430    00000004     app_ble_pem3.oem3 (.data:ti_sysbios_knl_Task_Module_State_0_idleTask__A)
                  20002434    00000003     humidityservice.obj (.data)
                  20002437    00000003     irtempservice.obj (.data)
                  2000243a    00000003     movementservice.obj (.data)
                  2000243d    00000003     opticservice.obj (.data)
                  20002440    00000003     registerservice.obj (.data)
                  20002443    00000002     ioservice.obj (.data)
                  20002445    00000001     battservice.obj (.data)
                  20002446    00000002     app_ble_pem3.oem3 (.data:ti_sysbios_family_arm_m3_Hwi_Module_State_0_excActive__A)
                  20002448    00000001     simplekeys.obj (.data)

.bss       0    20002450    00000dda     UNINITIALIZED
                  20002450    00000680     (.common:ti_sysbios_heaps_HeapMem_Instance_State_0_buf__A)
                  20002ad0    00000200     app_ble_pem3.oem3 (.bss:taskStackSection)
                  20002cd0    000001b8     (.common:spiCC26XXDMAObjects)
                  20002e88    00000110     PINCC26XX.obj (.bss:$O1$$)
                  20002f98    000000e0     (.common:i2cCC26xxObjects)
                  20003078    000000c8     (.common:ti_sysbios_family_arm_m3_Hwi_dispatchTable)
                  20003140    00000050     SensorI2C.obj (.bss:$O1$$)
                  20003190    00000028     sensortag_batt.obj (.bss:$O1$$)
                  200031b8    00000020     (.common:udmaObjects)
                  200031d8    00000018     SensorBmp280.obj (.bss:calData)
                  200031f0    00000014     (.common:oscHfGlobals)
                  20003204    00000008     SensorHdc1000.obj (.bss:$O1$$)
                  2000320c    00000008     SensorTmp007.obj (.bss:$O1$$)
                  20003214    00000008     RF.obj (.bss)
                  2000321c    00000008     (.common:powerQualGlobals)
                  20003224    00000002     SensorI2C.obj (.bss)
                  20003226    00000002     sensortag_mov.obj (.bss)
                  20003228    00000001     SensorTagTest.obj (.bss)
                  20003229    00000001     (.common:driverlib_release_0_45566)

.vtable    0    2000322a    00000000     UNINITIALIZED

.vtable_ram 
*          0    2000322a    00000000     UNINITIALIZED

vtable_ram 
*          0    2000322a    00000000     UNINITIALIZED

.sysmem    0    2000322a    00000000     UNINITIALIZED

.nonretenvar 
*          0    2000322a    00000000     UNINITIALIZED

.stack     0    20004050    00000400     UNINITIALIZED
                  20004050    00000400     --HOLE--

.bootVecs 
*          0    00000000    00000008     DSECT
                  00000000    00000008     boot.aem3 : boot.oem3 (.bootVecs)

.vecs      0    20000000    000000c8     UNINITIALIZED
                  20000000    000000c8     app_ble_pem3.oem3 (.vecs)

xdc.meta   0    00000000    0000010f     COPY SECTION
                  00000000    0000010f     app_ble_pem3.oem3 (xdc.meta)

xdc.noload 
*          0    00000000    00000000     COPY SECTION

.TI.bound:dmaTxControlTableEntry0 
*          0    20000440    00000010     UNINITIALIZED
                  20000440    00000010     SPICC26XXDMA.obj (.TI.bound:dmaTxControlTableEntry0)

.TI.bound:dmaTxControlTableEntry1 
*          0    20000510    00000010     UNINITIALIZED
                  20000510    00000010     SPICC26XXDMA.obj (.TI.bound:dmaTxControlTableEntry1)

.text.1    0    0000003c    000000c4     
                  0000003c    000000c4     barometerservice.obj (.text:sensor_WriteAttrCB)

.text.2    0    00000480    00000004     
                  00000480    00000004     icall.obj (.text:ICall_primAbort)

.text.3    0    00000500    00000002     
                  00000500    00000002     ble_user_config.obj (.text:DefaultAssertCback)

.text.4    0    000005ec    0000b264     
                  000005ec    000004e0     peripheral.obj (.text:gapRole_taskFxn)
                  00000acc    000004c2     sensortag.obj (.text:SensorTag_taskFxn)
                  00000f8e    00000002     driverlib.lib : rfc.obj (.text:NOROM_RFCRTrim)
                  00000f90    000003d0                   : setup.obj (.text:HapiTrimDeviceShutDown)
                  00001360    000002d0     RF.obj (.text:fsmActiveState)
                  00001630    000002ac     peripheral.obj (.text:GAPRole_SetParameter)
                  000018dc    00000228     drivers_cc26xxware.aem3 : PowerCC26XX.oem3 (.text:Power_sleep)
                  00001b04    00000204     driverlib.lib : sys_ctrl.obj (.text:SysCtrlSetRechargeBeforePowerDown)
                  00001d08    000001f4     rtsv7M3_T_le_eabi.lib : ull_div_t2.obj (.text)
                  00001efc    000001e4     RF.obj (.text:abortCmd)
                  000020e0    000001d0     PINCC26XX.obj (.text:PIN_init)
                  000022b0    000001d0     drivers_cc26xxware.aem3 : PowerCC26XX_calibrateRCOSC.oem3 (.text:calibrateRcoscHf1)
                  00002480    000001a0     RF.obj (.text:RF_postCmd)
                  00002620    00000194     SPICC26XXDMA.obj (.text:SPICC26XXDMA_transfer)
                  000027b4    00000180     drivers_cc26xxware.aem3 : PowerCC26XX_calibrateRCOSC.oem3 (.text:PowerCC26XX_doCalibrate)
                  00002934    00000160     SPICC26XXDMA.obj (.text:SPICC26XXDMA_initIO)
                  00002a94    00000154     I2CCC26XX.obj (.text:I2CCC26XX_open)
                  00002be8    0000014c     SPICC26XXDMA.obj (.text:SPICC26XXDMA_open)
                  00002d34    00000138     peripheral.obj (.text:GAPRole_GetParameter)
                  00002e6c    00000130     RF.obj (.text:fsmSetupState)
                  00002f9c    00000118     devinfoservice.obj (.text:DevInfo_SetParameter)
                  000030b4    00000118     drivers_cc26xxware.aem3 : PowerCC26XX.oem3 (.text:Power_init)
                  000031cc    0000010c     sensortag_mov.obj (.text:SensorTagMov_processSensorEvent)
                  000032d8    0000010c     RF.obj (.text:hwiFxnCpe0Active)
                  000033e4    0000010a     icall.obj (.text:ICall_primWaitMatch)
                  000034ee    00000002     SPICC26XXDMA.obj (.text:SPICC26XXDMA_serviceISR)
                  000034f0    00000100     RF.obj (.text:rf_init)
                  000035f0    000000fc     SensorMpu9250.obj (.text:SensorMpu9250_magRead)
                  000036ec    000000f4     I2CCC26XX.obj (.text:I2CCC26XX_hwiFxn)
                  000037e0    000000f0     SPICC26XXDMA.obj (.text:SPICC26XXDMA_transferCancel)
                  000038d0    000000f0     SensorBmp280.obj (.text:SensorBmp280_convert)
                  000039c0    000000ec     RF.obj (.text:RF_close)
                  00003aac    000000e8     registerservice.obj (.text:sensor_WriteAttrCB)
                  00003b94    000000e0     sensortag_bar.obj (.text:sensorTaskFxn)
                  00003c74    000000dc     SensorMpu9250.obj (.text:SensorMpu9250_enableWom)
                  00003d50    000000d4     drivers_cc26xxware.aem3 : PowerCC26XX.oem3 (.text:Power_releaseDependency)
                  00003e24    000000d4     SensorMpu9250.obj (.text:SensorMpu9250_reset)
                  00003ef8    000000d0     drivers_cc26xxware.aem3 : PowerCC26XX.oem3 (.text:Power_setDependency)
                  00003fc8    000000d0     SensorMpu9250.obj (.text:SensorMpu9250_enable)
                  00004098    000000c8     ioservice.obj (.text:io_WriteAttrCB)
                  00004160    000000c4     humidityservice.obj (.text:sensor_WriteAttrCB)
                  00004224    000000c4     irtempservice.obj (.text:sensor_WriteAttrCB)
                  000042e8    000000c4     movementservice.obj (.text:sensor_WriteAttrCB)
                  000043ac    000000c4     opticservice.obj (.text:sensor_WriteAttrCB)
                  00004470    000000c2     I2CCC26XX.obj (.text:I2CCC26XX_transfer)
                  00004532    00000002     drivers_cc26xxware.aem3 : PowerCC26XX.oem3 (.text:emptyClockFunc)
                  00004534    000000c0     sensortag_mov.obj (.text:SensorTagMov_processCharChangeEvt)
                  000045f4    000000c0     sensortag_register.obj (.text:SensorTagRegister_processCharChangeEvt)
                  000046b4    000000c0     RF.obj (.text:swiFxnHw)
                  00004774    000000bc     power_cc26xx_tirtos.aem3 : PowerCC26XX_tirtos.oem3 (.text:PowerCC26XX_standbyPolicy)
                  00004830    000000bc     RF.obj (.text:RF_open)
                  000048ec    000000b8     ExtFlash.obj (.text:ExtFlash_open)
                  000049a4    000000b8     PINCC26XX.obj (.text:PINCC26XX_setIoCfg)
                  00004a5c    000000b8     RF.obj (.text:RF_pendCmd)
                  00004b14    000000b8     SensorTagTest.obj (.text:SensorTag_testExecute)
                  00004bcc    000000b4     devinfoservice.obj (.text:devInfo_ReadAttrCB)
                  00004c80    000000b0     gattservapp_util.obj (.text:GATTServApp_ProcessCharCfg)
                  00004d30    000000b0     sensortag_io.obj (.text:SensorTagIO_processCharChangeEvt)
                  00004de0    000000b0     RF.obj (.text:fsmPowerUpState)
                  00004e90    000000a2     SPICC26XXDMA.obj (.text:SPICC26XXDMA_hwiFxn)
                  00004f32    00000002     app_ble_pem3.oem3 (.text:ti_sysbios_BIOS_nullFunc__I)
                  00004f34    000000a0     SPICC26XXDMA.obj (.text:SPICC26XXDMA_control)
                  00004fd4    000000a0     auto_init.aem3 : auto_init.oem3 (.text)
                  00005074    000000a0     rom_sysbios.aem3 : rom_sysbios.obj (.text:ti_sysbios_knl_Task_setPri__E)
                  00005114    000000a0     driverlib.lib : setup.obj (.text:trimDevice)
                  000051b4    0000009c     icall.obj (.text:ICall_primSetTimer)
                  00005250    0000009c     RF.obj (.text:RF_ratCapture)
                  000052ec    0000009c     SensorTmp007.obj (.text:SensorTmp007_test)
                  00005388    0000009c     rtsv7M3_T_le_eabi.lib : memcpy_t2.obj (.text)
                  00005424    0000009c     sensortag_tmp.obj (.text:sensorTaskFxn)
                  000054c0    00000098     PINCC26XX.obj (.text:PIN_open)
                  00005558    00000098     sensortag_keys.obj (.text:SensorTagKeys_clockHandler)
                  000055f0    00000098     sensortag_keys.obj (.text:SensorTagKeys_processEvent)
                  00005688    00000098     rom_sysbios.aem3 : rom_sysbios.obj (.text:ti_sysbios_knl_Clock_workFuncDynamic__E)
                  00005720    00000096     SensorBmp280.obj (.text:SensorBmp280_test)
                  000057b6    00000002     rom_sysbios.aem3 : rom_sysbios.obj (.text:ti_sysbios_knl_Clock_triggerFunc__I)
                  000057b8    00000094     sensortag_opt.obj (.text:SensorTagOpt_processCharChangeEvt)
                  0000584c    00000094     sensortag_hum.obj (.text:sensorTaskFxn)
                  000058e0    00000090     sensortag_register.obj (.text:SensorTagRegister_update)
                  00005970    00000090     drivers_cc26xxware.aem3 : PowerCC26XX.oem3 (.text:switchXOSCHFclockFunc)
                  00005a00    0000008c     I2CCC26XX.obj (.text:I2CCC26XX_primeTransfer)
                  00005a8c    0000008c     driverlib.lib : osc.obj (.text:OSCHF_GetStartupTime)
                  00005b18    00000088     sensortag_bar.obj (.text:SensorTagBar_processCharChangeEvt)
                  00005ba0    00000084     icall.obj (.text:ICall_heapMalloc)
                  00005c24    00000084     sensortag_tmp.obj (.text:SensorTagTmp_processCharChangeEvt)
                  00005ca8    00000080     SensorI2C.obj (.text:SensorI2C_select)
                  00005d28    0000007c     RF.obj (.text:RF_ratDisableChannel)
                  00005da4    0000007c     sensortag_hum.obj (.text:SensorTagHum_processCharChangeEvt)
                  00005e20    0000007c     drivers_cc26xxware.aem3 : PowerCC26XX.oem3 (.text:disableLFClockQualifiers)
                  00005e9c    0000007c     gattservapp_util.obj (.text:gattServApp_SendNotiInd)
                  00005f18    0000007c     registerservice.obj (.text:sensor_ReadAttrCB)
                  00005f94    0000007a     rtsv7M3_T_le_eabi.lib : memset_t2.obj (.text)
                  0000600e    00000002     app_ble_pem3.oem3 (.text:ti_sysbios_rom_cortexm_cc26xx_CC26xx_badRomRevision__E)
                  00006010    00000078     SensorTmp007.obj (.text:SensorTmp007_read)
                  00006088    00000078     battservice.obj (.text:battNotifyLevel)
                  00006100    00000074     icall_cc2650.obj (.text:ICallPlatform_pwrUpdActivityCounter)
                  00006174    00000074     icall.obj (.text:ICall_primSend)
                  000061e8    00000074     movementservice.obj (.text:Movement_setParameter)
                  0000625c    00000074     drivers_cc26xxware.aem3 : PowerCC26XX_calibrateRCOSC.oem3 (.text:PowerCC26XX_auxISR)
                  000062d0    00000074     sensortag_register.obj (.text:SensorTagRegister_reset)
                  00006344    00000074     drivers_cc26xxware.aem3 : PowerCC26XX_calibrateRCOSC.oem3 (.text:calibrateRcoscHf2)
                  000063b8    00000074     peripheral.obj (.text:gapRole_startConnUpdate)
                  0000642c    00000070     driverlib.lib : chipinfo.obj (.text:ChipInfo_GetHwRevision)
                  0000649c    00000070     icall.obj (.text:ICall_heapInit)
                  0000650c    0000006e     movementservice.obj (.text:sensor_ReadAttrCB)
                  0000657a    00000002     rom_sysbios.aem3 : rom_sysbios.obj (.text:xdc_runtime_SysCallback_defaultAbort)
                  0000657c    0000006c     barometerservice.obj (.text:Barometer_setParameter)
                  000065e8    0000006c     driverlib.lib : setup.obj (.text:GetTrimForAmpcompCtrl)
                  00006654    0000006c     icall.obj (.text:ICall_createRemoteTasks)
                  000066c0    0000006c     drivers_cc26xxware.aem3 : PowerCC26XX.oem3 (.text:PowerCC26XX_calibrate)
                  0000672c    0000006c     UDMACC26XX.obj (.text:UDMACC26XX_open)
                  00006798    0000006a     rtsv7M3_T_le_eabi.lib : copy_decompress_rle.obj (.text)
                  00006802    00000002     rom_sysbios.aem3 : rom_sysbios.obj (.text:xdc_runtime_SysCallback_defaultExit)
                  00006804    00000068     humidityservice.obj (.text:Humidity_setParameter)
                  0000686c    00000068     irtempservice.obj (.text:IRTemp_setParameter)
                  000068d4    00000068     RF.obj (.text:RF_yield)
                  0000693c    00000068     simplekeys.obj (.text:SK_AddService)
                  000069a4    00000068     driverlib.lib : sys_ctrl.obj (.text:SysCtrl_DCDC_VoltageConditionalControl)
                  00006a0c    00000068     sensortag_mov.obj (.text:appStateSet)
                  00006a74    00000068     RF.obj (.text:fsmPatchState)
                  00006adc    00000066     SensorHdc1000.obj (.text:SensorHdc1000_test)
                  00006b42    00000066     barometerservice.obj (.text:sensor_ReadAttrCB)
                  00006ba8    00000064     driverlib.lib : setup.obj (.text:GetTrimForAnabypassValue1)
                  00006c0c    00000064     I2CCC26XX.obj (.text:I2CCC26XX_close)
                  00006c70    00000064     opticservice.obj (.text:Optic_setParameter)
                  00006cd4    00000064     PINCC26XX.obj (.text:PIN_add)
                  00006d38    00000064     RF.obj (.text:fsmPowerDownState)
                  00006d9c    00000064     rom_sysbios.aem3 : rom_sysbios.obj (.text:ti_sysbios_family_arm_cc26xx_Timer_start__E)
                  00006e00    00000060     icall.obj (.text:ICall_primEnroll)
                  00006e60    00000060     RF.obj (.text:RF_getCurrentTime)
                  00006ec0    00000060     RF.obj (.text:RF_ratCompare)
                  00006f20    00000060     SensorI2C.obj (.text:SensorI2C_open)
                  00006f80    00000060     SensorOpt3001.obj (.text:SensorOpt3001_read)
                  00006fe0    00000060     sensortag_mov.obj (.text:SensorTagMov_init)
                  00007040    00000060     battservice.obj (.text:battReadAttrCB)
                  000070a0    00000060     drivers_cc26xxware.aem3 : PowerCC26XX_calibrateRCOSC.oem3 (.text:updateSubSecInc)
                  00007100    0000005c     barometerservice.obj (.text:Barometer_addService)
                  0000715c    0000005c     battservice.obj (.text:Batt_AddService)
                  000071b8    0000005c     ExtFlash.obj (.text:ExtFlash_close)
                  00007214    0000005c     ExtFlash.obj (.text:ExtFlash_waitReady)
                  00007270    0000005c     humidityservice.obj (.text:Humidity_addService)
                  000072cc    0000005c     icall.obj (.text:ICall_newTask)
                  00007328    0000005c     icall.obj (.text:ICall_primThreadServes)
                  00007384    0000005c     irtempservice.obj (.text:IRTemp_addService)
                  000073e0    0000005c     ioservice.obj (.text:Io_addService)
                  0000743c    0000005c     movementservice.obj (.text:Movement_addService)
                  00007498    0000005c     driverlib.lib : osc.obj (.text:OSCHF_AttemptToSwitchToXosc)
                  000074f4    0000005c     opticservice.obj (.text:Optic_addService)
                  00007550    0000005c     drivers_cc26xxware.aem3 : PowerCC26XX_calibrateRCOSC.oem3 (.text:PowerCC26XX_RCOSC_clockFunc)
                  000075ac    0000005c     SensorMpu9250.obj (.text:SensorMpu9250_magReset)
                  00007608    0000005c     SensorMpu9250.obj (.text:SensorMpu9250_test)
                  00007664    0000005c     driverlib.lib : sys_ctrl.obj (.text:SysCtrlAdjustRechargeAfterPowerDown)
                  000076c0    0000005c     humidityservice.obj (.text:sensor_ReadAttrCB)
                  0000771c    0000005c     irtempservice.obj (.text:sensor_ReadAttrCB)
                  00007778    0000005c     opticservice.obj (.text:sensor_ReadAttrCB)
                  000077d4    0000005c     app_ble_pem3.oem3 (.text:xdc_runtime_Startup_getState__I)
                  00007830    0000005a     SPICC26XXDMA.obj (.text:SPICC26XXDMA_close)
                  0000788a    00000058     I2CCC26XX.obj (.text:I2CCC26XX_swiFxn)
                  000078e2    00000002     --HOLE-- [fill = 0]
                  000078e4    00000058     drivers_cc26xxware.aem3 : PowerCC26XX_calibrateRCOSC.oem3 (.text:PowerCC26XX_initiateCalibration)
                  0000793c    00000058     RF.obj (.text:RF_getInfo)
                  00007994    00000058     SPICC26XXDMA.obj (.text:SPICC26XXDMA_initHw)
                  000079ec    00000058     util.obj (.text:Util_constructClock)
                  00007a44    00000058     RF.obj (.text:decActiveClientCnt)
                  00007a9c    00000058     sensortag_keys.obj (.text:processGapStateChange)
                  00007af4    00000056     gattservapp_util.obj (.text:GATTServApp_ProcessCCCWriteReq)
                  00007b4a    00000054     icall.obj (.text:ICall_primFetchMsg)
                  00007b9e    00000002     --HOLE-- [fill = 0]
                  00007ba0    00000054     ioservice.obj (.text:Io_setParameter)
                  00007bf4    00000054     PINCC26XX.obj (.text:PIN_remove)
                  00007c48    00000054     SPICC26XXDMA.obj (.text:SPICC26XXDMA_swiFxn)
                  00007c9c    00000054     sensortag_buzzer.obj (.text:SensorTagBuzzer_setFrequency)
                  00007cf0    00000054     util.obj (.text:Util_enqueueMsg)
                  00007d44    00000054     util.obj (.text:Util_rescheduleClock)
                  00007d98    00000054     drivers_cc26xxware.aem3 : PowerCC26XX.oem3 (.text:configureXOSCHF)
                  00007dec    00000054     RF.obj (.text:hwiFxnHw)
                  00007e40    00000054     RF.obj (.text:ratChanAlloc)
                  00007e94    00000054     RF.obj (.text:ratChanFree)
                  00007ee8    00000054     rtsv7M3_T_le_eabi.lib : exit.obj (.text)
                  00007f3c    00000052     icall.obj (.text:ICall_primWait)
                  00007f8e    00000002     --HOLE-- [fill = 0]
                  00007f90    00000050     icall_api.obj (.text:GAPBondMgr_LinkEst)
                  00007fe0    00000050     icall_api.obj (.text:GAP_DeviceInit)
                  00008030    00000050     icall.obj (.text:ICall_primRegisterApp)
                  00008080    00000050     SensorHdc1000.obj (.text:SensorHdc1000_read)
                  000080d0    00000050     sensortag.obj (.text:SensorTag_charValueChangeCB)
                  00008120    00000050     driverlib.lib : setup.obj (.text:SetupCacheModeAccordingToCcfgSetting)
                  00008170    00000050     battservice.obj (.text:battWriteAttrCB)
                  000081c0    00000050     RF.obj (.text:fsmXOSCState)
                  00008210    00000050     ioservice.obj (.text:io_ReadAttrCB)
                  00008260    00000050     RF.obj (.text:syncCb)
                  000082b0    0000004e     SensorOpt3001.obj (.text:SensorOpt3001_test)
                  000082fe    00000002     --HOLE-- [fill = 0]
                  00008300    0000004c     icall.obj (.text:ICall_primFetchServiceMsg)
                  0000834c    0000004c     icall.obj (.text:ICall_primGetEntityId)
                  00008398    0000004c     driverlib.lib : osc.obj (.text:NOROM_OSCClockSourceSet)
                  000083e4    0000004c     SensorMpu9250.obj (.text:SensorMpu9250_accSetRange)
                  00008430    0000004c     sensortag_io.obj (.text:SensorTagIO_blinkLed)
                  0000847c    0000004c     sensortag_opt.obj (.text:SensorTagOpt_init)
                  000084c8    0000004c     sensortag.obj (.text:SensorTag_stateChangeCB)
                  00008514    0000004c     RF.obj (.text:dispatchOpWhen)
                  00008560    0000004c     icall_api.obj (.text:gattIndNoti)
                  000085ac    0000004c     rtsv7M3_T_le_eabi.lib : cpy_tbl.obj (.text)
                  000085f8    00000048     driverlib.lib : chipinfo.obj (.text:ChipInfo_GetChipFamily)
                  00008640    00000048     icall_api.obj (.text:GAP_UpdateAdvertisingData)
                  00008688    00000048     I2CCC26XX.obj (.text:I2CCC26XX_initHw)
                  000086d0    00000048     driverlib.lib : ddi.obj (.text:NOROM_DDI16BitfieldWrite)
                  00008718    00000048     RF.obj (.text:RF_runCmd)
                  00008760    00000048     registerservice.obj (.text:Register_setParameter)
                  000087a8    00000048     drivers_cc26xxware.aem3 : PowerCC26XX.oem3 (.text:notify)
                  000087f0    00000044     icall_api.obj (.text:GATTServApp_RegisterService)
                  00008834    00000044     icall.obj (.text:ICall_searchServiceEntity)
                  00008878    00000044     PINCC26XX.obj (.text:PIN_swi)
                  000088bc    00000044     RF.obj (.text:RF_getRssi)
                  00008900    00000044     sensortag_io.obj (.text:SensorTagIO_reset)
                  00008944    00000044     boot.aem3 : boot.oem3 (.text)
                  00008988    00000044     SensorMpu9250.obj (.text:sensorMpu9250SetBypass)
                  000089cc    00000042     icall.obj (.text:ICall_primCreateTask)
                  00008a0e    00000002     --HOLE-- [fill = 0]
                  00008a10    00000040     ExtFlash.obj (.text:ExtFlash_readInfo)
                  00008a50    00000040     peripheral.obj (.text:GAPRole_createTask)
                  00008a90    00000040     driverlib.lib : ddi.obj (.text:NOROM_DDI16BitfieldRead)
                  00008ad0    00000040     registerservice.obj (.text:Register_getParameter)
                  00008b10    00000040     simplekeys.obj (.text:SK_SetParameter)
                  00008b50    00000040     simplekeys.obj (.text:SK_readAttrCB)
                  00008b90    00000040     SensorMpu9250.obj (.text:SensorMpu9250_magTest)
                  00008bd0    00000040     sensortag_buzzer.obj (.text:SensorTagBuzzer_open)
                  00008c10    00000040     sensortag_tmp.obj (.text:SensorTagTmp_init)
                  00008c50    00000040     SensorTmp007.obj (.text:SensorTmp007_enable)
                  00008c90    00000040     SensorMpu9250.obj (.text:sensorMpuSleep)
                  00008cd0    00000040     icall_api.obj (.text:waitMatchCS)
                  00008d10    0000003e     icall_api.obj (.text:gapSendParamAndPtrCmd)
                  00008d4e    00000002     --HOLE-- [fill = 0]
                  00008d50    0000003c     icall_api.obj (.text:GAP_GetParamValue)
                  00008d8c    0000003c     icall_api.obj (.text:GAP_TerminateLinkReq)
                  00008dc8    0000003c     icall_cc2650.obj (.text:ICallPlatform_pwrConfigACAction)
                  00008e04    0000003c     driverlib.lib : rfc.obj (.text:NOROM_RFCSynthPowerDown)
                  00008e40    0000003c                   : osc.obj (.text:OSC_HPOSCRelativeFrequencyOffsetGet)
                  00008e7c    0000003c     PINCC26XX.obj (.text:PINCC26XX_getConfig)
                  00008eb8    0000003c     SensorBmp280.obj (.text:SensorBmp280_init)
                  00008ef4    0000003c     SensorBmp280.obj (.text:SensorBmp280_read)
                  00008f30    0000003c     SensorI2C.obj (.text:SensorI2C_read)
                  00008f6c    0000003c     SensorMpu9250.obj (.text:SensorMpu9250_accRead)
                  00008fa8    0000003c     SensorMpu9250.obj (.text:SensorMpu9250_accReadRange)
                  00008fe4    0000003c     SensorMpu9250.obj (.text:SensorMpu9250_gyroRead)
                  00009020    0000003c     sensortag_bar.obj (.text:SensorTagBar_createTask)
                  0000905c    0000003c     sensortag_hum.obj (.text:SensorTagHum_createTask)
                  00009098    0000003c     sensortag_tmp.obj (.text:SensorTagTmp_createTask)
                  000090d4    0000003c     sensortag.obj (.text:SensorTag_createTask)
                  00009110    0000003c     main.obj (.text:main)
                  0000914c    0000003c     RF.obj (.text:postDirImmCmd)
                  00009188    0000003c     icall_api.obj (.text:sendWaitMatchCS)
                  000091c4    0000003c     icall_api.obj (.text:sendWaitMatchValueCS)
                  00009200    0000003a     SensorMpu9250.obj (.text:SensorMpu9250_irqStatus)
                  0000923a    0000003a     icall_api.obj (.text:profileSetParameter)
                  00009274    00000038     icall_api.obj (.text:GAPBondMgr_SetParameter)
                  000092ac    00000038     I2C.obj (.text:I2C_init)
                  000092e4    00000038     icall.obj (.text:ICall_dispatch)
                  0000931c    00000038     icall.obj (.text:ICall_primGetMaxMSecs)
                  00009354    00000038     icall.obj (.text:ICall_primSetTimerMSecs)
                  0000938c    00000038     movementservice.obj (.text:Movement_getParameter)
                  000093c4    00000038     PINCC26XX.obj (.text:PIN_setOutputValue)
                  000093fc    00000038     SPICC26XXDMA.obj (.text:SPICC26XXDMA_csnCallback)
                  00009434    00000038     SensorI2C.obj (.text:SensorI2C_write)
                  0000946c    00000038     SensorI2C.obj (.text:SensorI2C_writeRead)
                  000094a4    00000038     sensortag_opt.obj (.text:SensorTagOpt_reset)
                  000094dc    00000038     util.obj (.text:Util_restartClock)
                  00009514    00000038     battservice.obj (.text:battMeasure)
                  0000954c    00000038     icall_api.obj (.text:gapSendParamsCmd)
                  00009584    00000038     icall_api.obj (.text:gapSendPtrParamsCmd)
                  000095bc    00000038     icall_api.obj (.text:linkDB_NumConns)
[...]
1001c2b5  ti_sysbios_knl_Clock_delete                                               
1001c2b9  ti_sysbios_knl_Clock_destruct                                             
1001c2bd  ti_sysbios_knl_Clock_removeI__E                                           
1001c2c1  ti_sysbios_knl_Clock_setTimeout__E                                        
1001c2c5  ti_sysbios_knl_Mailbox_delete                                             
1001c2c9  ti_sysbios_knl_Mailbox_destruct                                           
1001c2cd  ti_sysbios_knl_Queue_delete                                               
1001c2d1  ti_sysbios_knl_Queue_destruct                                             
1001c2d5  ti_sysbios_knl_Queue_head__E                                              
1001c2d9  ti_sysbios_knl_Queue_next__E                                              
1001c2dd  ti_sysbios_knl_Semaphore_delete                                           
1001c2e1  ti_sysbios_knl_Semaphore_destruct                                         
1001c2e5  ti_sysbios_knl_Swi_delete                                                 
1001c2e9  ti_sysbios_knl_Swi_destruct                                               
1001c2ed  ti_sysbios_knl_Swi_postInit__I                                            
1001c2f1  ti_sysbios_knl_Task_SupportProxy_Module__startupDone__S                   
1001c2f5  ti_sysbios_knl_Task_SupportProxy_getStackAlignment__E                     
1001c2f9  ti_sysbios_knl_Task_SupportProxy_start__E                                 
1001c2fd  ti_sysbios_knl_Task_SupportProxy_swap__E                                  
1001c301  ti_sysbios_knl_Task_delete                                                
1001c305  ti_sysbios_knl_Task_destruct                                              
1001c309  ti_sysbios_knl_Task_startup__E                                            
1001c30d  xdc_runtime_Startup_startMods__I                                          
1001c405  xdc_runtime_Core_createObject__I                                          
1001c487  xdc_runtime_Error_policySpin__E                                           
1001c489  xdc_runtime_Memory_alloc__E                                               
1001c4f9  xdc_runtime_Core_deleteObject__I                                          
1001c559  xdc_runtime_Startup_exec__E                                               
1001c5a9  xdc_runtime_Assert_raise__I                                               
1001c5f1  xdc_runtime_Core_assignParams__I                                          
1001c639  xdc_runtime_Core_constructObject__I                                       
1001c681  xdc_runtime_System_atexit__E                                              
1001c6b9  xdc_runtime_System_processAtExit__E                                       
1001c6ed  xdc_runtime_Core_assignLabel__I                                           
1001c71d  xdc_runtime_Text_cordText__E                                              
1001c749  xdc_runtime_System_abort__E                                               
1001c769  xdc_runtime_Error_raiseX__E                                               
1001c785  xdc_runtime_Memory_valloc__E                                              
1001c7a1  xdc_runtime_Core_destructObject__I                                        
1001c7b9  xdc_runtime_Error_check__E                                                
1001c7d1  xdc_runtime_System_exit__E                                                
1001c7e9  xdc_runtime_Text_ropeText__E                                              
1001c801  xdc_runtime_Memory_free__E                                                
1001c811  xdc_runtime_SysCallback_abort__E                                          
1001c821  xdc_runtime_SysCallback_exit__E                                           
1001c831  xdc_runtime_Timestamp_SupportProxy_get32__E                               
1001c831  xdc_runtime_Timestamp_get32__E                                            
1001c841  xdc_runtime_Error_init__E                                                 
1001c84d  xdc_runtime_Memory_calloc__E                                              
1001c859  xdc_runtime_Memory_getMaxDefaultTypeAlign__E                              
1001c879  xdc_runtime_Gate_leaveSystem__E                                           
1001c87f  xdc_runtime_System_Module_startup__E                                      
1001c885  xdc_runtime_Gate_enterSystem__E                                           
1001c889  xdc_runtime_Memory_HeapProxy_alloc__E                                     
1001c88d  xdc_runtime_Memory_HeapProxy_free__E                                      
1001c891  xdc_runtime_System_Module_GateProxy_enter__E                              
1001c895  xdc_runtime_System_Module_GateProxy_leave__E                              
1001c899  xdc_runtime_System_abortSpin__E                                           
1001c89b  xdc_runtime_System_exitSpin__E                                            
1001c89d  ti_sysbios_family_arm_m3_Hwi_dispatch__I                                  
1001c96d  ti_sysbios_family_arm_m3_TaskSupport_buildTaskStack                       
1001c9b9  ti_sysbios_family_arm_m3_Hwi_initStacks__E                                
1001ca01  ti_sysbios_family_arm_m3_Hwi_excHandlerAsm__I                             
1001ca21  ti_sysbios_family_xxx_Hwi_switchAndRunFunc                                
1001ca3f  ti_sysbios_family_arm_m3_Hwi_pendSV__I                                    
1001ca57  ti_sysbios_family_arm_m3_Hwi_return                                       
1001ca59  ti_sysbios_family_arm_m3_TaskSupport_glue                                 
1001ca69  ti_sysbios_family_arm_m3_TaskSupport_swap__E                              
1001ca71  ti_sysbios_knl_Task_swapReturn                                            
1001ca9b  ti_sysbios_rom_cortexm_cc26xx_CC26xx_getRevision__E                       
20000000  ti_sysbios_family_arm_m3_Hwi_ramVectors                                   
20000100  ti_sysbios_knl_Task_Module__state__V                                      
20000144  ti_sysbios_family_arm_m3_Hwi_Module__state__V                             
20000178  ti_sysbios_knl_Clock_Module__state__V                                     
200001a4  ti_sysbios_BIOS_Module__state__V                                          
200001c8  ti_sysbios_knl_Swi_Module__state__V                                       
200001e4  ti_sysbios_family_arm_cc26xx_Timer_Module__state__V                       
200001ec  ti_sysbios_family_arm_cc26xx_TimestampProvider_Module__state__V           
200001f0  xdc_runtime_Startup_Module__state__V                                      
200001f8  xdc_runtime_System_Module__state__V                                       
20000200  xdc_runtime_Memory_Module__state__V                                       
20000520  linkDBNumConns                                                            
20000634  gapRoleTask                                                               
20000684  gapRoleTaskStack                                                          
20000904  gapProfileState                                                           
20000905  selfEntityMain                                                            
2000090c  sem                                                                       
20000910  hGpioPin                                                                  
20000924  pinGpioState                                                              
20001920  ICall_enterCriticalSection                                                
20001924  ICall_leaveCriticalSection                                                
2000193c  HEAPMGR_SIZE                                                              
20001940  ICall_dispatcher                                                          
20001a28  PowerCC26XX_module                                                        
2000203c  rfRegTbl                                                                  
200020d8  ti_sysbios_knl_Task_Object__table__V                                      
20002128  ti_sysbios_family_arm_cc26xx_Timer_Object__table__V                       
20002170  ti_sysbios_gates_GateMutex_Object__table__V                               
2000220c  ti_sysbios_knl_Swi_Module_State_0_readyQ__A                               
2000223c  ti_sysbios_knl_Swi_Object__table__V                                       
2000226c  ti_sysbios_knl_Task_Module_State_0_readyQ__A                              
200022f4  user0Cfg                                                                  
2000231c  ti_sysbios_knl_Clock_Object__table__V                                     
2000233c  ti_sysbios_family_arm_m3_Hwi_Object__table__V                             
20002354  ti_sysbios_heaps_HeapMem_Object__table__V                                 
2000237c  lastAppOpcodeSent                                                         
20002380  pfnBMAlloc                                                                
20002384  pfnBMFree                                                                 
20002388  __TI_cleanup_ptr                                                          
2000238c  __TI_dtors_ptr                                                            
20002390  __TI_enable_exit_profile_output                                           
200023a8  _lock                                                                     
200023ac  _unlock                                                                   
200023c0  ti_sysbios_family_arm_m3_Hwi_Module__root__V                              
200023c8  ti_sysbios_gates_GateHwi_Module__root__V                                  
200023d0  ti_sysbios_gates_GateMutex_Module__root__V                                
200023d8  ti_sysbios_hal_Hwi_Module__root__V                                        
200023e0  ti_sysbios_heaps_HeapMem_Module__root__V                                  
200023e8  ti_sysbios_knl_Clock_Module__root__V                                      
200023f0  ti_sysbios_knl_Mailbox_Module__root__V                                    
200023f8  ti_sysbios_knl_Queue_Module__root__V                                      
20002400  ti_sysbios_knl_Semaphore_Module__root__V                                  
20002408  ti_sysbios_knl_Swi_Module__root__V                                        
20002410  ti_sysbios_knl_Task_Module__root__V                                       
2000241c  appAssertCback                                                            
20002420  main_func_sp                                                              
20002428  ti_sysbios_family_arm_m3_Hwi_Module_State_0_excContext__A                 
2000242c  ti_sysbios_family_arm_m3_Hwi_Module_State_0_excStack__A                   
20002430  ti_sysbios_knl_Task_Module_State_0_idleTask__A                            
20002446  ti_sysbios_family_arm_m3_Hwi_Module_State_0_excActive__A                  
20002450  ti_sysbios_heaps_HeapMem_Instance_State_0_buf__A                          
20002ad0  ti_sysbios_knl_Task_Instance_State_0_stack__A                             
20002cd0  spiCC26XXDMAObjects                                                       
20002e88  PIN_NumPins                                                               
20002f1c  PIN_HandleTable                                                           
20002f98  i2cCC26xxObjects                                                          
20003078  ti_sysbios_family_arm_m3_Hwi_dispatchTable                                
200031b8  udmaObjects                                                               
20003229  driverlib_release_0_45566                                                 
2000322a  heapStart                                                                 
20004050  __stack                                                                   
20004050  heapEnd                                                                   
20004450  __STACK_END                                                               
20004450  __STACK_TOP                                                               
20004f2c  A4_rw                                                                     
20004f2c  COMMON_RAM_BASE_ADDR                                                      
20004f40  P2_rw                                                                     
20004f40  P2_s0                                                                     
20004f40  eccRom_windowSize                                                         
20004f44  eccRom_workzone                                                           
20004f48  eccRom_param_p                                                            
20004f4c  eccRom_param_r                                                            
20004f50  eccRom_param_a                                                            
20004f54  inScalar                                                                  
20004f58  inPointX                                                                  
20004f5c  inPointY                                                                  
20004f60  outPointX                                                                 
20004f64  outPointY                                                                 
20004f68  SCAL                                                                      
20004f6c  EXPX                                                                      
20004f70  EXPY                                                                      
20004f74  EXPZ                                                                      
20004f78  EXPW                                                                      
20004f7c  ACCX                                                                      
20004f80  ACCY                                                                      
20004f84  ACCZ                                                                      
20004f88  TMP1                                                                      
20004f8c  TMP2                                                                      
20004f90  TMP3                                                                      
20004f94  TMP4                                                                      
20004f98  TMP5                                                                      
20004f9c  TMP6                                                                      
20004fa0  eccRom_param_Gx                                                           
20004fa4  eccRom_param_Gy                                                           
20004fa8  eccRom_param_b                                                            
20004fac  P2_zi                                                                     
20004fac  ratChanInfo                                                               
20004fcc  fwInfoCmd                                                                 
20004fd8  MSBMOD                                                                    
20004fdc  aux64                                                                     
20004fe4  MOD                                                                       
20004fe8  LEN                                                                       
20004ffc  pSspAesEncrypt_Sw                                                         
e000e000  ti_sysbios_family_arm_m3_Hwi_nvic                                         
ffffffff  __TI_pprof_out_hndl                                                       
ffffffff  __TI_prof_data_size                                                       
ffffffff  __TI_prof_data_start                                                      
ffffffff  __binit__                                                                 
ffffffff  __c_args__                                                                
ffffffff  binit                                                                     
UNDEFED   HwiP_restore                                                              
UNDEFED   SHT$$INIT_ARRAY$$Base                                                     
UNDEFED   SHT$$INIT_ARRAY$$Limit                                                    
UNDEFED   ti_sysbios_BIOS_RtsGateProxy_Handle__label__S__mangled__                  
UNDEFED   ti_sysbios_BIOS_RtsGateProxy_Object__delete__S__mangled__                 
UNDEFED   ti_sysbios_BIOS_RtsGateProxy_Params__init__S__mangled__                   
UNDEFED   ti_sysbios_BIOS_RtsGateProxy_query__E__mangled__                          
UNDEFED   ti_sysbios_hal_Hwi_HwiProxy_Module__startupDone__S__mangled__             
UNDEFED   ti_sysbios_hal_Hwi_HwiProxy_Object__delete__S__mangled__                  
UNDEFED   ti_sysbios_hal_Hwi_HwiProxy_Params__init__S__mangled__                    
UNDEFED   ti_sysbios_hal_Hwi_HwiProxy_disableInterrupt__E__mangled__                
UNDEFED   ti_sysbios_hal_Hwi_HwiProxy_enableInterrupt__E__mangled__                 
UNDEFED   ti_sysbios_hal_Hwi_HwiProxy_getStackInfo__E__mangled__                    
UNDEFED   ti_sysbios_hal_Hwi_HwiProxy_startup__E__mangled__                         
UNDEFED   ti_sysbios_hal_Hwi_HwiProxy_switchFromBootStack__E__mangled__             
UNDEFED   ti_sysbios_hal_Hwi_disableInterrupt__E                                    
UNDEFED   ti_sysbios_hal_Hwi_enableInterrupt__E                                     
UNDEFED   ti_sysbios_hal_Hwi_getStackInfo__E                                        
UNDEFED   ti_sysbios_hal_Hwi_startup__E                                             
UNDEFED   ti_sysbios_hal_Hwi_switchFromBootStack__E                                 
UNDEFED   ti_sysbios_heaps_HeapMem_Module_GateProxy_Handle__label__S__mangled__     
UNDEFED   ti_sysbios_heaps_HeapMem_Module_GateProxy_Object__delete__S__mangled__    
UNDEFED   ti_sysbios_heaps_HeapMem_Module_GateProxy_Params__init__S__mangled__      
UNDEFED   ti_sysbios_heaps_HeapMem_Module_GateProxy_query__E__mangled__             
UNDEFED   ti_sysbios_knl_Clock_TimerProxy_Module__startupDone__S__mangled__         
UNDEFED   ti_sysbios_knl_Clock_TimerProxy_startup__E__mangled__                     
UNDEFED   ti_sysbios_knl_Task_SupportProxy_Module__startupDone__S__mangled__        
UNDEFED   ti_sysbios_knl_Task_SupportProxy_getStackAlignment__E__mangled__          
UNDEFED   ti_sysbios_knl_Task_SupportProxy_start__E__mangled__                      
UNDEFED   ti_sysbios_knl_Task_SupportProxy_swap__E__mangled__                       
UNDEFED   xdc_runtime_Main_Module_GateProxy_Handle__label__S                        
UNDEFED   xdc_runtime_Main_Module_GateProxy_Object__delete__S                       
UNDEFED   xdc_runtime_Main_Module_GateProxy_query__E                                
UNDEFED   xdc_runtime_Memory_HeapProxy_Handle__label__S__mangled__                  
UNDEFED   xdc_runtime_Memory_HeapProxy_Object__delete__S__mangled__                 
UNDEFED   xdc_runtime_System_Module_GateProxy_Handle__label__S__mangled__           
UNDEFED   xdc_runtime_System_Module_GateProxy_Object__delete__S__mangled__          
UNDEFED   xdc_runtime_System_Module_GateProxy_query__E__mangled__                   
UNDEFED   xdc_runtime_System_SupportProxy_abort__E                                  
UNDEFED   xdc_runtime_System_SupportProxy_exit__E                                   
UNDEFED   xdc_runtime_Timestamp_SupportProxy_get64__E__mangled__                    
UNDEFED   xdc_runtime_Timestamp_SupportProxy_getFreq__E__mangled__                  
UNDEFED   xdc_runtime_Timestamp_get32__E                                            
UNDEFED   xdc_runtime_Timestamp_get64__E                                            
UNDEFED   xdc_runtime_Timestamp_getFreq__E                                          

[1192 symbols]
