******************************************************************************
                  TI ARM Linker Unix v15.12.3                  
******************************************************************************
>> Linked Mon Nov  7 14:08:58 2016

OUTPUT FILE NAME:   <sensortag_cc2650stk_app_base.out>
ENTRY POINT SYMBOL: "ResetISR"  address: 000079e9


MEMORY CONFIGURATION

         name            origin    length      used     unused   attr    fill
----------------------  --------  ---------  --------  --------  ----  --------
  FLASH                 00000000   00011000  0000c5c0  00004a40  R  X
  FLASH_LAST_PAGE       0001f000   00001000  00000058  00000fa8  R  X
  SRAM                  20000000   00004450  0000321a  00001236  RW X


SEGMENT ALLOCATION MAP

run origin  load origin   length   init length attrs members
----------  ----------- ---------- ----------- ----- -------
00000000    00000000    0000c5cc   0000c5cc    r-x
  00000000    00000000    0000003c   0000003c    r-- .resetVecs
  0000003c    0000003c    000000c4   000000c4    r-x .text.1
  00000100    00000100    0000003c   0000003c    r-- .const:ti_sysbios_knl_Task_Object__PARAMS__C
  0000013c    0000013c    00000034   00000034    r-- .const:ti_sysbios_knl_Mailbox_Object__PARAMS__C
  00000170    00000170    00000030   00000030    r-- .const:ti_sysbios_family_arm_m3_Hwi_Object__PARAMS__C
  000001a0    000001a0    0000002c   0000002c    r-- .const:ti_sysbios_hal_Hwi_Object__PARAMS__C
  000001cc    000001cc    00000028   00000028    r-- .const:ti_sysbios_heaps_HeapMem_Module__FXNS__C
  000001f4    000001f4    00000028   00000028    r-- .const:ti_sysbios_knl_Swi_Object__PARAMS__C
  0000021c    0000021c    00000024   00000024    r-- .const:ti_sysbios_gates_GateHwi_Module__FXNS__C
  00000240    00000240    00000024   00000024    r-- .const:ti_sysbios_gates_GateMutex_Module__FXNS__C
  00000264    00000264    00000024   00000024    r-- .const:ti_sysbios_heaps_HeapMem_Object__PARAMS__C
  00000288    00000288    00000024   00000024    r-- .const:ti_sysbios_knl_Clock_Object__PARAMS__C
  000002ac    000002ac    00000024   00000024    r-- .const:ti_sysbios_knl_Semaphore_Object__PARAMS__C
  000002d0    000002d0    00000020   00000020    r-- .const:ti_sysbios_family_arm_m3_Hwi_Object__DESC__C
  000002f0    000002f0    00000020   00000020    r-- .const:ti_sysbios_gates_GateHwi_Object__DESC__C
  00000310    00000310    00000020   00000020    r-- .const:ti_sysbios_gates_GateMutex_Object__DESC__C
  00000330    00000330    00000020   00000020    r-- .const:ti_sysbios_hal_Hwi_Object__DESC__C
  00000350    00000350    00000020   00000020    r-- .const:ti_sysbios_heaps_HeapMem_Object__DESC__C
  00000370    00000370    00000020   00000020    r-- .const:ti_sysbios_knl_Clock_Object__DESC__C
  00000390    00000390    00000020   00000020    r-- .const:ti_sysbios_knl_Mailbox_Object__DESC__C
  000003b0    000003b0    00000020   00000020    r-- .const:ti_sysbios_knl_Queue_Object__DESC__C
  000003d0    000003d0    00000020   00000020    r-- .const:ti_sysbios_knl_Semaphore_Object__DESC__C
  000003f0    000003f0    00000020   00000020    r-- .const:ti_sysbios_knl_Swi_Object__DESC__C
  00000410    00000410    00000020   00000020    r-- .const:ti_sysbios_knl_Task_Object__DESC__C
  00000430    00000430    00000018   00000018    r-- .const:ti_sysbios_gates_GateHwi_Object__PARAMS__C
  00000448    00000448    00000018   00000018    r-- .const:ti_sysbios_gates_GateMutex_Object__PARAMS__C
  00000460    00000460    00000018   00000018    r-- .const:ti_sysbios_knl_Queue_Object__PARAMS__C
  00000478    00000478    00000008   00000008    r-- .const:ti_sysbios_knl_Idle_funcList__C
  00000480    00000480    00000004   00000004    r-x .text.2
  00000484    00000484    00000004   00000004    r-- .const:ti_sysbios_family_arm_cc26xx_Timer_startupNeeded__C
  00000488    00000488    00000004   00000004    r-- .const:ti_sysbios_family_arm_m3_Hwi_E_alreadyDefined__C
  0000048c    0000048c    00000004   00000004    r-- .const:ti_sysbios_family_arm_m3_Hwi_E_hwiLimitExceeded__C
  00000490    00000490    00000004   00000004    r-- .const:ti_sysbios_family_arm_m3_Hwi_NUM_INTERRUPTS__C
  00000494    00000494    00000004   00000004    r-- .const:ti_sysbios_family_arm_m3_Hwi_Object__count__C
  00000498    00000498    00000004   00000004    r-- .const:ti_sysbios_family_arm_m3_Hwi_Object__table__C
  0000049c    0000049c    00000004   00000004    r-- .const:ti_sysbios_family_arm_m3_Hwi_ccr__C
  000004a0    000004a0    00000004   00000004    r-- .const:ti_sysbios_family_arm_m3_Hwi_excHandlerFunc__C
  000004a4    000004a4    00000004   00000004    r-- .const:ti_sysbios_family_arm_m3_Hwi_nullIsrFunc__C
  000004a8    000004a8    00000004   00000004    r-- .const:ti_sysbios_family_arm_m3_Hwi_numSparseInterrupts__C
  000004ac    000004ac    00000004   00000004    r-- .const:ti_sysbios_family_arm_m3_Hwi_priGroup__C
  000004b0    000004b0    00000004   00000004    r-- .const:ti_sysbios_family_arm_m3_TaskSupport_stackAlignment__C
  000004b4    000004b4    00000004   00000004    r-- .const:ti_sysbios_heaps_HeapMem_E_memory__C
  000004b8    000004b8    00000004   00000004    r-- .const:ti_sysbios_heaps_HeapMem_Module__gateObj__C
  000004bc    000004bc    00000004   00000004    r-- .const:ti_sysbios_heaps_HeapMem_Object__count__C
  000004c0    000004c0    00000004   00000004    r-- .const:ti_sysbios_heaps_HeapMem_Object__table__C
  000004c4    000004c4    00000004   00000004    r-- .const:ti_sysbios_heaps_HeapMem_reqAlign__C
  000004c8    000004c8    00000004   00000004    r-- .const:ti_sysbios_knl_Clock_serviceMargin__C
  000004cc    000004cc    00000004   00000004    r-- .const:ti_sysbios_knl_Mailbox_Object__count__C
  000004d0    000004d0    00000004   00000004    r-- .const:ti_sysbios_knl_Mailbox_Object__table__C
  000004d4    000004d4    00000004   00000004    r-- .const:ti_sysbios_knl_Queue_Object__count__C
  000004d8    000004d8    00000004   00000004    r-- .const:ti_sysbios_knl_Queue_Object__table__C
  000004dc    000004dc    00000004   00000004    r-- .const:ti_sysbios_knl_Swi_Object__count__C
  000004e0    000004e0    00000004   00000004    r-- .const:ti_sysbios_knl_Swi_Object__table__C
  000004e4    000004e4    00000004   00000004    r-- .const:ti_sysbios_knl_Swi_numPriorities__C
  000004e8    000004e8    00000004   00000004    r-- .const:ti_sysbios_knl_Task_Object__count__C
  000004ec    000004ec    00000004   00000004    r-- .const:ti_sysbios_knl_Task_Object__table__C
  000004f0    000004f0    00000004   00000004    r-- .const:ti_sysbios_knl_Task_allBlockedFunc__C
  000004f4    000004f4    00000004   00000004    r-- .const:ti_sysbios_knl_Task_defaultStackHeap__C
  000004f8    000004f8    00000004   00000004    r-- .const:ti_sysbios_knl_Task_defaultStackSize__C
  000004fc    000004fc    00000004   00000004    r-- .const:ti_sysbios_knl_Task_numConstructedTasks__C
  00000500    00000500    00000002   00000002    r-x .text.3
  00000502    00000502    00000002   00000002    r-- .const:ti_sysbios_family_arm_cc26xx_Timer_Module__id__C
  00000504    00000504    00000002   00000002    r-- .const:ti_sysbios_family_arm_cc26xx_TimestampProvider_useClockTimer__C
  00000506    00000506    00000002   00000002    r-- .const:ti_sysbios_family_arm_m3_Hwi_Module__id__C
  00000508    00000508    00000002   00000002    r-- .const:ti_sysbios_gates_GateHwi_Module__id__C
  0000050a    0000050a    00000002   00000002    r-- .const:ti_sysbios_gates_GateMutex_Module__id__C
  0000050c    0000050c    00000002   00000002    r-- .const:ti_sysbios_heaps_HeapMem_Module__id__C
  0000050e    0000050e    00000002   00000002    r-- .const:ti_sysbios_knl_Task_initStackFlag__C
  00000510    00000510    00000001   00000001    r-- .const:ti_sysbios_knl_Clock_tickMode__C
  00000514    00000514    00000008   00000008    r-- .const:xdc_runtime_Startup_firstFxns__C
  0000051c    0000051c    00000008   00000008    r-- .const:xdc_runtime_Startup_lastFxns__C
  00000524    00000524    00000004   00000004    r-- .const:xdc_runtime_Assert_E_assertFailed__C
  00000528    00000528    00000004   00000004    r-- .const:xdc_runtime_Error_E_memory__C
  0000052c    0000052c    00000004   00000004    r-- .const:xdc_runtime_Error_policyFxn__C
  00000530    00000530    00000004   00000004    r-- .const:xdc_runtime_IGateProvider_Interface__BASE__C
  00000534    00000534    00000004   00000004    r-- .const:xdc_runtime_IHeap_Interface__BASE__C
  00000538    00000538    00000004   00000004    r-- .const:xdc_runtime_IModule_Interface__BASE__C
  0000053c    0000053c    00000004   00000004    r-- .const:xdc_runtime_Main_Module__diagsEnabled__C
  00000540    00000540    00000004   00000004    r-- .const:xdc_runtime_Main_Module__diagsIncluded__C
  00000544    00000544    00000004   00000004    r-- .const:xdc_runtime_Main_Module__diagsMask__C
  00000548    00000548    00000004   00000004    r-- .const:xdc_runtime_Memory_defaultHeapInstance__C
  0000054c    0000054c    00000004   00000004    r-- .const:xdc_runtime_Startup_execImpl__C
  00000550    00000550    00000004   00000004    r-- .const:xdc_runtime_Startup_maxPasses__C
  00000554    00000554    00000004   00000004    r-- .const:xdc_runtime_Startup_sfxnRts__C
  00000558    00000558    00000004   00000004    r-- .const:xdc_runtime_Startup_sfxnTab__C
  0000055c    0000055c    00000004   00000004    r-- .const:xdc_runtime_Startup_startModsFxn__C
  00000560    00000560    00000004   00000004    r-- .const:xdc_runtime_SysCallback_abortFxn__C
  00000564    00000564    00000004   00000004    r-- .const:xdc_runtime_SysCallback_exitFxn__C
  00000568    00000568    00000004   00000004    r-- .const:xdc_runtime_System_abortFxn__C
  0000056c    0000056c    00000004   00000004    r-- .const:xdc_runtime_System_exitFxn__C
  00000570    00000570    00000004   00000004    r-- .const:xdc_runtime_System_maxAtexitHandlers__C
  00000574    00000574    00000004   00000004    r-- .const:xdc_runtime_Text_charTab__C
  00000578    00000578    00000004   00000004    r-- .const:xdc_runtime_Text_nameEmpty__C
  0000057c    0000057c    00000004   00000004    r-- .const:xdc_runtime_Text_nameStatic__C
  00000580    00000580    00000004   00000004    r-- .const:xdc_runtime_Text_nameUnknown__C
  00000584    00000584    00000002   00000002    r-- .const:xdc_runtime_Main_Module__id__C
  00000586    00000586    00000002   00000002    r-- .const:xdc_runtime_Memory_Module__id__C
  00000588    00000588    00000002   00000002    r-- .const:xdc_runtime_Text_charCnt__C
  0000058a    0000058a    00000002   00000002    r-- .const:xdc_runtime_Text_isLoaded__C
  0000058c    0000058c    00000001   00000001    r-- .const:xdc_runtime_Error_policy__C
  00000590    00000590    00000004   00000004    r-- .const:ti_sysbios_rom_ROM_AONRTCChannelEnable
  00000594    00000594    00000004   00000004    r-- .const:ti_sysbios_rom_ROM_AONRTCCompareValueSet
  00000598    00000598    00000004   00000004    r-- .const:ti_sysbios_rom_ROM_AONRTCCurrentCompareValueGet
  0000059c    0000059c    00000004   00000004    r-- .const:ti_sysbios_rom_ROM_AONRTCEventClear
  000005a0    000005a0    00000004   00000004    r-- .const:ti_sysbios_rom_ROM_ti_sysbios_family_arm_cc26xx_Timer_getCount64__E
  000005a4    000005a4    00000004   00000004    r-- .const:ti_sysbios_rom_ROM_ti_sysbios_family_arm_cc26xx_Timer_getCurrentTick__E
  000005a8    000005a8    00000004   00000004    r-- .const:ti_sysbios_rom_ROM_ti_sysbios_family_arm_cc26xx_Timer_getMaxTicks__E
  000005ac    000005ac    00000004   00000004    r-- .const:ti_sysbios_rom_ROM_ti_sysbios_family_arm_cc26xx_Timer_initDevice__I
  000005b0    000005b0    00000004   00000004    r-- .const:ti_sysbios_rom_ROM_ti_sysbios_family_arm_cc26xx_Timer_setNextTick__E
  000005b4    000005b4    00000004   00000004    r-- .const:ti_sysbios_rom_ROM_ti_sysbios_family_arm_cc26xx_Timer_setThreshold__I
  000005b8    000005b8    00000004   00000004    r-- .const:ti_sysbios_rom_ROM_ti_sysbios_family_arm_cc26xx_Timer_start__E
  000005bc    000005bc    00000004   00000004    r-- .const:ti_sysbios_rom_ROM_ti_sysbios_family_arm_cc26xx_TimestampProvider_get32__E
  000005c0    000005c0    00000004   00000004    r-- .const:ti_sysbios_rom_ROM_xdc_runtime_Startup_getState__I
  000005c4    000005c4    00000004   00000004    r-- .const:ti_sysbios_rom_ROM_xdc_runtime_System_SupportProxy_abort__E
  000005c8    000005c8    00000004   00000004    r-- .const:ti_sysbios_rom_ROM_xdc_runtime_System_SupportProxy_exit__E
  000005cc    000005cc    00000004   00000004    r-- .const:ti_sysbios_gates_GateMutex_Instance_State_sem__O
  000005d0    000005d0    00000004   00000004    r-- .const:ti_sysbios_knl_Clock_Module_State_clockQ__O
  000005d4    000005d4    00000004   00000004    r-- .const:ti_sysbios_knl_Mailbox_Instance_State_dataQue__O
  000005d8    000005d8    00000004   00000004    r-- .const:ti_sysbios_knl_Mailbox_Instance_State_dataSem__O
  000005dc    000005dc    00000004   00000004    r-- .const:ti_sysbios_knl_Mailbox_Instance_State_freeQue__O
  000005e0    000005e0    00000004   00000004    r-- .const:ti_sysbios_knl_Mailbox_Instance_State_freeSem__O
  000005e4    000005e4    00000004   00000004    r-- .const:ti_sysbios_knl_Semaphore_Instance_State_pendQ__O
  000005e8    000005e8    00000004   00000004    r-- .const:ti_sysbios_knl_Task_Module_State_inactiveQ__O
  000005ec    000005ec    0000ad98   0000ad98    r-x .text.4
  0000b384    0000b384    00000726   00000726    r-- .const
  0000bab0    0000bab0    00000b1c   00000b1c    r-- .cinit
0001ffa8    0001ffa8    00000058   00000058    r--
  0001ffa8    0001ffa8    00000058   00000058    r-- .ccfg
20000100    20000100    00000104   00000000    rw-
  20000100    20000100    00000044   00000000    rw- .data:ti_sysbios_knl_Task_Module__state__V
  20000144    20000144    00000034   00000000    rw- .data:ti_sysbios_family_arm_m3_Hwi_Module__state__V
  20000178    20000178    0000002c   00000000    rw- .data:ti_sysbios_knl_Clock_Module__state__V
  200001a4    200001a4    00000024   00000000    rw- .data:ti_sysbios_BIOS_Module__state__V
  200001c8    200001c8    0000001c   00000000    rw- .data:ti_sysbios_knl_Swi_Module__state__V
  200001e4    200001e4    00000008   00000000    rw- .data:ti_sysbios_family_arm_cc26xx_Timer_Module__state__V
  200001ec    200001ec    00000004   00000000    rw- .data:ti_sysbios_family_arm_cc26xx_TimestampProvider_Module__state__V
  200001f0    200001f0    00000008   00000000    rw- .data:xdc_runtime_Startup_Module__state__V
  200001f8    200001f8    00000008   00000000    rw- .data:xdc_runtime_System_Module__state__V
  20000200    20000200    00000004   00000000    rw- .data:xdc_runtime_Memory_Module__state__V
20000430    20000430    00000010   00000000    rw-
  20000430    20000430    00000010   00000000    rw- .TI.bound:dmaSpi0RxControlTableEntry$36
20000440    20000440    00000010   00000000    rw-
  20000440    20000440    00000010   00000000    rw- .TI.bound:dmaSpi0TxControlTableEntry$36
20000500    20000500    00000010   00000000    rw-
  20000500    20000500    00000010   00000000    rw- .TI.bound:dmaSpi1RxControlTableEntry$36
20000510    20000510    00002c1e   00000000    rw-
  20000510    20000510    00000010   00000000    rw- .TI.bound:dmaSpi1TxControlTableEntry$36
  20000520    20000520    00001e2e   00000000    rw- .data
  20002350    20002350    00000dde   00000000    rw- .bss
20004050    20004050    00000400   00000000    rw-
  20004050    20004050    00000400   00000000    rw- .stack


SECTION ALLOCATION MAP

 output                                  attributes/
section   page    origin      length       input sections
--------  ----  ----------  ----------   ----------------
.const:ti_sysbios_knl_Task_Object__PARAMS__C 
*          0    00000100    0000003c     
                  00000100    0000003c     app_ble_pem3.oem3 (.const:ti_sysbios_knl_Task_Object__PARAMS__C)

.const:ti_sysbios_knl_Mailbox_Object__PARAMS__C 
*          0    0000013c    00000034     
                  0000013c    00000034     app_ble_pem3.oem3 (.const:ti_sysbios_knl_Mailbox_Object__PARAMS__C)

.const:ti_sysbios_family_arm_m3_Hwi_Object__PARAMS__C 
*          0    00000170    00000030     
                  00000170    00000030     app_ble_pem3.oem3 (.const:ti_sysbios_family_arm_m3_Hwi_Object__PARAMS__C)

.const:ti_sysbios_hal_Hwi_Object__PARAMS__C 
*          0    000001a0    0000002c     
                  000001a0    0000002c     app_ble_pem3.oem3 (.const:ti_sysbios_hal_Hwi_Object__PARAMS__C)

.const:ti_sysbios_heaps_HeapMem_Module__FXNS__C 
*          0    000001cc    00000028     
                  000001cc    00000028     app_ble_pem3.oem3 (.const:ti_sysbios_heaps_HeapMem_Module__FXNS__C)

.const:ti_sysbios_knl_Swi_Object__PARAMS__C 
*          0    000001f4    00000028     
                  000001f4    00000028     app_ble_pem3.oem3 (.const:ti_sysbios_knl_Swi_Object__PARAMS__C)

.const:ti_sysbios_gates_GateHwi_Module__FXNS__C 
*          0    0000021c    00000024     
                  0000021c    00000024     app_ble_pem3.oem3 (.const:ti_sysbios_gates_GateHwi_Module__FXNS__C)

.const:ti_sysbios_gates_GateMutex_Module__FXNS__C 
*          0    00000240    00000024     
                  00000240    00000024     app_ble_pem3.oem3 (.const:ti_sysbios_gates_GateMutex_Module__FXNS__C)

.const:ti_sysbios_heaps_HeapMem_Object__PARAMS__C 
*          0    00000264    00000024     
                  00000264    00000024     app_ble_pem3.oem3 (.const:ti_sysbios_heaps_HeapMem_Object__PARAMS__C)

.const:ti_sysbios_knl_Clock_Object__PARAMS__C 
*          0    00000288    00000024     
                  00000288    00000024     app_ble_pem3.oem3 (.const:ti_sysbios_knl_Clock_Object__PARAMS__C)

.const:ti_sysbios_knl_Semaphore_Object__PARAMS__C 
*          0    000002ac    00000024     
                  000002ac    00000024     app_ble_pem3.oem3 (.const:ti_sysbios_knl_Semaphore_Object__PARAMS__C)

.const:ti_sysbios_family_arm_m3_Hwi_Object__DESC__C 
*          0    000002d0    00000020     
                  000002d0    00000020     app_ble_pem3.oem3 (.const:ti_sysbios_family_arm_m3_Hwi_Object__DESC__C)

.const:ti_sysbios_gates_GateHwi_Object__DESC__C 
*          0    000002f0    00000020     
                  000002f0    00000020     app_ble_pem3.oem3 (.const:ti_sysbios_gates_GateHwi_Object__DESC__C)

.const:ti_sysbios_gates_GateMutex_Object__DESC__C 
*          0    00000310    00000020     
                  00000310    00000020     app_ble_pem3.oem3 (.const:ti_sysbios_gates_GateMutex_Object__DESC__C)

.const:ti_sysbios_hal_Hwi_Object__DESC__C 
*          0    00000330    00000020     
                  00000330    00000020     app_ble_pem3.oem3 (.const:ti_sysbios_hal_Hwi_Object__DESC__C)

.const:ti_sysbios_heaps_HeapMem_Object__DESC__C 
*          0    00000350    00000020     
                  00000350    00000020     app_ble_pem3.oem3 (.const:ti_sysbios_heaps_HeapMem_Object__DESC__C)

.const:ti_sysbios_knl_Clock_Object__DESC__C 
*          0    00000370    00000020     
                  00000370    00000020     app_ble_pem3.oem3 (.const:ti_sysbios_knl_Clock_Object__DESC__C)

.const:ti_sysbios_knl_Mailbox_Object__DESC__C 
*          0    00000390    00000020     
                  00000390    00000020     app_ble_pem3.oem3 (.const:ti_sysbios_knl_Mailbox_Object__DESC__C)

.const:ti_sysbios_knl_Queue_Object__DESC__C 
*          0    000003b0    00000020     
                  000003b0    00000020     app_ble_pem3.oem3 (.const:ti_sysbios_knl_Queue_Object__DESC__C)

.const:ti_sysbios_knl_Semaphore_Object__DESC__C 
*          0    000003d0    00000020     
                  000003d0    00000020     app_ble_pem3.oem3 (.const:ti_sysbios_knl_Semaphore_Object__DESC__C)

.const:ti_sysbios_knl_Swi_Object__DESC__C 
*          0    000003f0    00000020     
                  000003f0    00000020     app_ble_pem3.oem3 (.const:ti_sysbios_knl_Swi_Object__DESC__C)

.const:ti_sysbios_knl_Task_Object__DESC__C 
*          0    00000410    00000020     
                  00000410    00000020     app_ble_pem3.oem3 (.const:ti_sysbios_knl_Task_Object__DESC__C)

.const:ti_sysbios_gates_GateHwi_Object__PARAMS__C 
*          0    00000430    00000018     
                  00000430    00000018     app_ble_pem3.oem3 (.const:ti_sysbios_gates_GateHwi_Object__PARAMS__C)

.const:ti_sysbios_gates_GateMutex_Object__PARAMS__C 
*          0    00000448    00000018     
                  00000448    00000018     app_ble_pem3.oem3 (.const:ti_sysbios_gates_GateMutex_Object__PARAMS__C)

.const:ti_sysbios_knl_Queue_Object__PARAMS__C 
*          0    00000460    00000018     
                  00000460    00000018     app_ble_pem3.oem3 (.const:ti_sysbios_knl_Queue_Object__PARAMS__C)

.const:ti_sysbios_knl_Idle_funcList__C 
*          0    00000478    00000008     
                  00000478    00000008     app_ble_pem3.oem3 (.const:ti_sysbios_knl_Idle_funcList__C)

.const:ti_sysbios_family_arm_cc26xx_Timer_startupNeeded__C 
*          0    00000484    00000004     
                  00000484    00000004     app_ble_pem3.oem3 (.const:ti_sysbios_family_arm_cc26xx_Timer_startupNeeded__C)

.const:ti_sysbios_family_arm_m3_Hwi_E_alreadyDefined__C 
*          0    00000488    00000004     
                  00000488    00000004     app_ble_pem3.oem3 (.const:ti_sysbios_family_arm_m3_Hwi_E_alreadyDefined__C)

.const:ti_sysbios_family_arm_m3_Hwi_E_hwiLimitExceeded__C 
*          0    0000048c    00000004     
                  0000048c    00000004     app_ble_pem3.oem3 (.const:ti_sysbios_family_arm_m3_Hwi_E_hwiLimitExceeded__C)

.const:ti_sysbios_family_arm_m3_Hwi_NUM_INTERRUPTS__C 
*          0    00000490    00000004     
                  00000490    00000004     app_ble_pem3.oem3 (.const:ti_sysbios_family_arm_m3_Hwi_NUM_INTERRUPTS__C)

.const:ti_sysbios_family_arm_m3_Hwi_Object__count__C 
*          0    00000494    00000004     
                  00000494    00000004     app_ble_pem3.oem3 (.const:ti_sysbios_family_arm_m3_Hwi_Object__count__C)

.const:ti_sysbios_family_arm_m3_Hwi_Object__table__C 
*          0    00000498    00000004     
                  00000498    00000004     app_ble_pem3.oem3 (.const:ti_sysbios_family_arm_m3_Hwi_Object__table__C)

.const:ti_sysbios_family_arm_m3_Hwi_ccr__C 
*          0    0000049c    00000004     
                  0000049c    00000004     app_ble_pem3.oem3 (.const:ti_sysbios_family_arm_m3_Hwi_ccr__C)

.const:ti_sysbios_family_arm_m3_Hwi_excHandlerFunc__C 
*          0    000004a0    00000004     
                  000004a0    00000004     app_ble_pem3.oem3 (.const:ti_sysbios_family_arm_m3_Hwi_excHandlerFunc__C)

.const:ti_sysbios_family_arm_m3_Hwi_nullIsrFunc__C 
*          0    000004a4    00000004     
                  000004a4    00000004     app_ble_pem3.oem3 (.const:ti_sysbios_family_arm_m3_Hwi_nullIsrFunc__C)

.const:ti_sysbios_family_arm_m3_Hwi_numSparseInterrupts__C 
*          0    000004a8    00000004     
                  000004a8    00000004     app_ble_pem3.oem3 (.const:ti_sysbios_family_arm_m3_Hwi_numSparseInterrupts__C)

.const:ti_sysbios_family_arm_m3_Hwi_priGroup__C 
*          0    000004ac    00000004     
                  000004ac    00000004     app_ble_pem3.oem3 (.const:ti_sysbios_family_arm_m3_Hwi_priGroup__C)

.const:ti_sysbios_family_arm_m3_TaskSupport_stackAlignment__C 
*          0    000004b0    00000004     
                  000004b0    00000004     app_ble_pem3.oem3 (.const:ti_sysbios_family_arm_m3_TaskSupport_stackAlignment__C)

.const:ti_sysbios_heaps_HeapMem_E_memory__C 
*          0    000004b4    00000004     
                  000004b4    00000004     app_ble_pem3.oem3 (.const:ti_sysbios_heaps_HeapMem_E_memory__C)

.const:ti_sysbios_heaps_HeapMem_Module__gateObj__C 
*          0    000004b8    00000004     
                  000004b8    00000004     app_ble_pem3.oem3 (.const:ti_sysbios_heaps_HeapMem_Module__gateObj__C)

.const:ti_sysbios_heaps_HeapMem_Object__count__C 
*          0    000004bc    00000004     
                  000004bc    00000004     app_ble_pem3.oem3 (.const:ti_sysbios_heaps_HeapMem_Object__count__C)

.const:ti_sysbios_heaps_HeapMem_Object__table__C 
*          0    000004c0    00000004     
                  000004c0    00000004     app_ble_pem3.oem3 (.const:ti_sysbios_heaps_HeapMem_Object__table__C)

.const:ti_sysbios_heaps_HeapMem_reqAlign__C 
*          0    000004c4    00000004     
                  000004c4    00000004     app_ble_pem3.oem3 (.const:ti_sysbios_heaps_HeapMem_reqAlign__C)

.const:ti_sysbios_knl_Clock_serviceMargin__C 
*          0    000004c8    00000004     
                  000004c8    00000004     app_ble_pem3.oem3 (.const:ti_sysbios_knl_Clock_serviceMargin__C)

.const:ti_sysbios_knl_Mailbox_Object__count__C 
*          0    000004cc    00000004     
                  000004cc    00000004     app_ble_pem3.oem3 (.const:ti_sysbios_knl_Mailbox_Object__count__C)

.const:ti_sysbios_knl_Mailbox_Object__table__C 
*          0    000004d0    00000004     
                  000004d0    00000004     app_ble_pem3.oem3 (.const:ti_sysbios_knl_Mailbox_Object__table__C)

.const:ti_sysbios_knl_Queue_Object__count__C 
*          0    000004d4    00000004     
                  000004d4    00000004     app_ble_pem3.oem3 (.const:ti_sysbios_knl_Queue_Object__count__C)

.const:ti_sysbios_knl_Queue_Object__table__C 
*          0    000004d8    00000004     
                  000004d8    00000004     app_ble_pem3.oem3 (.const:ti_sysbios_knl_Queue_Object__table__C)

.const:ti_sysbios_knl_Swi_Object__count__C 
*          0    000004dc    00000004     
                  000004dc    00000004     app_ble_pem3.oem3 (.const:ti_sysbios_knl_Swi_Object__count__C)

.const:ti_sysbios_knl_Swi_Object__table__C 
*          0    000004e0    00000004     
                  000004e0    00000004     app_ble_pem3.oem3 (.const:ti_sysbios_knl_Swi_Object__table__C)

.const:ti_sysbios_knl_Swi_numPriorities__C 
*          0    000004e4    00000004     
                  000004e4    00000004     app_ble_pem3.oem3 (.const:ti_sysbios_knl_Swi_numPriorities__C)

.const:ti_sysbios_knl_Task_Object__count__C 
*          0    000004e8    00000004     
                  000004e8    00000004     app_ble_pem3.oem3 (.const:ti_sysbios_knl_Task_Object__count__C)

.const:ti_sysbios_knl_Task_Object__table__C 
*          0    000004ec    00000004     
                  000004ec    00000004     app_ble_pem3.oem3 (.const:ti_sysbios_knl_Task_Object__table__C)

.const:ti_sysbios_knl_Task_allBlockedFunc__C 
*          0    000004f0    00000004     
                  000004f0    00000004     app_ble_pem3.oem3 (.const:ti_sysbios_knl_Task_allBlockedFunc__C)

.const:ti_sysbios_knl_Task_defaultStackHeap__C 
*          0    000004f4    00000004     
                  000004f4    00000004     app_ble_pem3.oem3 (.const:ti_sysbios_knl_Task_defaultStackHeap__C)

.const:ti_sysbios_knl_Task_defaultStackSize__C 
*          0    000004f8    00000004     
                  000004f8    00000004     app_ble_pem3.oem3 (.const:ti_sysbios_knl_Task_defaultStackSize__C)

.const:ti_sysbios_knl_Task_numConstructedTasks__C 
*          0    000004fc    00000004     
                  000004fc    00000004     app_ble_pem3.oem3 (.const:ti_sysbios_knl_Task_numConstructedTasks__C)

.const:ti_sysbios_family_arm_cc26xx_Timer_Module__id__C 
*          0    00000502    00000002     
                  00000502    00000002     app_ble_pem3.oem3 (.const:ti_sysbios_family_arm_cc26xx_Timer_Module__id__C)

.const:ti_sysbios_family_arm_cc26xx_TimestampProvider_useClockTimer__C 
*          0    00000504    00000002     
                  00000504    00000002     app_ble_pem3.oem3 (.const:ti_sysbios_family_arm_cc26xx_TimestampProvider_useClockTimer__C)

.const:ti_sysbios_family_arm_m3_Hwi_Module__id__C 
*          0    00000506    00000002     
                  00000506    00000002     app_ble_pem3.oem3 (.const:ti_sysbios_family_arm_m3_Hwi_Module__id__C)

.const:ti_sysbios_gates_GateHwi_Module__id__C 
*          0    00000508    00000002     
                  00000508    00000002     app_ble_pem3.oem3 (.const:ti_sysbios_gates_GateHwi_Module__id__C)

.const:ti_sysbios_gates_GateMutex_Module__id__C 
*          0    0000050a    00000002     
                  0000050a    00000002     app_ble_pem3.oem3 (.const:ti_sysbios_gates_GateMutex_Module__id__C)

.const:ti_sysbios_heaps_HeapMem_Module__id__C 
*          0    0000050c    00000002     
                  0000050c    00000002     app_ble_pem3.oem3 (.const:ti_sysbios_heaps_HeapMem_Module__id__C)

.const:ti_sysbios_knl_Task_initStackFlag__C 
*          0    0000050e    00000002     
                  0000050e    00000002     app_ble_pem3.oem3 (.const:ti_sysbios_knl_Task_initStackFlag__C)

.const:ti_sysbios_knl_Clock_tickMode__C 
*          0    00000510    00000001     
                  00000510    00000001     app_ble_pem3.oem3 (.const:ti_sysbios_knl_Clock_tickMode__C)

.const:xdc_runtime_Startup_firstFxns__C 
*          0    00000514    00000008     
                  00000514    00000008     app_ble_pem3.oem3 (.const:xdc_runtime_Startup_firstFxns__C)

.const:xdc_runtime_Startup_lastFxns__C 
*          0    0000051c    00000008     
                  0000051c    00000008     app_ble_pem3.oem3 (.const:xdc_runtime_Startup_lastFxns__C)

.const:xdc_runtime_Assert_E_assertFailed__C 
*          0    00000524    00000004     
                  00000524    00000004     app_ble_pem3.oem3 (.const:xdc_runtime_Assert_E_assertFailed__C)

.const:xdc_runtime_Error_E_memory__C 
*          0    00000528    00000004     
                  00000528    00000004     app_ble_pem3.oem3 (.const:xdc_runtime_Error_E_memory__C)

.const:xdc_runtime_Error_policyFxn__C 
*          0    0000052c    00000004     
                  0000052c    00000004     app_ble_pem3.oem3 (.const:xdc_runtime_Error_policyFxn__C)

.const:xdc_runtime_IGateProvider_Interface__BASE__C 
*          0    00000530    00000004     
                  00000530    00000004     app_ble_pem3.oem3 (.const:xdc_runtime_IGateProvider_Interface__BASE__C)

.const:xdc_runtime_IHeap_Interface__BASE__C 
*          0    00000534    00000004     
                  00000534    00000004     app_ble_pem3.oem3 (.const:xdc_runtime_IHeap_Interface__BASE__C)

.const:xdc_runtime_IModule_Interface__BASE__C 
*          0    00000538    00000004     
                  00000538    00000004     app_ble_pem3.oem3 (.const:xdc_runtime_IModule_Interface__BASE__C)

.const:xdc_runtime_Main_Module__diagsEnabled__C 
*          0    0000053c    00000004     
                  0000053c    00000004     app_ble_pem3.oem3 (.const:xdc_runtime_Main_Module__diagsEnabled__C)

.const:xdc_runtime_Main_Module__diagsIncluded__C 
*          0    00000540    00000004     
                  00000540    00000004     app_ble_pem3.oem3 (.const:xdc_runtime_Main_Module__diagsIncluded__C)

.const:xdc_runtime_Main_Module__diagsMask__C 
*          0    00000544    00000004     
                  00000544    00000004     app_ble_pem3.oem3 (.const:xdc_runtime_Main_Module__diagsMask__C)

.const:xdc_runtime_Memory_defaultHeapInstance__C 
*          0    00000548    00000004     
                  00000548    00000004     app_ble_pem3.oem3 (.const:xdc_runtime_Memory_defaultHeapInstance__C)

.const:xdc_runtime_Startup_execImpl__C 
*          0    0000054c    00000004     
                  0000054c    00000004     app_ble_pem3.oem3 (.const:xdc_runtime_Startup_execImpl__C)

.const:xdc_runtime_Startup_maxPasses__C 
*          0    00000550    00000004     
                  00000550    00000004     app_ble_pem3.oem3 (.const:xdc_runtime_Startup_maxPasses__C)

.const:xdc_runtime_Startup_sfxnRts__C 
*          0    00000554    00000004     
                  00000554    00000004     app_ble_pem3.oem3 (.const:xdc_runtime_Startup_sfxnRts__C)

.const:xdc_runtime_Startup_sfxnTab__C 
*          0    00000558    00000004     
                  00000558    00000004     app_ble_pem3.oem3 (.const:xdc_runtime_Startup_sfxnTab__C)

.const:xdc_runtime_Startup_startModsFxn__C 
*          0    0000055c    00000004     
                  0000055c    00000004     app_ble_pem3.oem3 (.const:xdc_runtime_Startup_startModsFxn__C)

.const:xdc_runtime_SysCallback_abortFxn__C 
*          0    00000560    00000004     
                  00000560    00000004     app_ble_pem3.oem3 (.const:xdc_runtime_SysCallback_abortFxn__C)

.const:xdc_runtime_SysCallback_exitFxn__C 
*          0    00000564    00000004     
                  00000564    00000004     app_ble_pem3.oem3 (.const:xdc_runtime_SysCallback_exitFxn__C)

.const:xdc_runtime_System_abortFxn__C 
*          0    00000568    00000004     
                  00000568    00000004     app_ble_pem3.oem3 (.const:xdc_runtime_System_abortFxn__C)

.const:xdc_runtime_System_exitFxn__C 
*          0    0000056c    00000004     
                  0000056c    00000004     app_ble_pem3.oem3 (.const:xdc_runtime_System_exitFxn__C)

.const:xdc_runtime_System_maxAtexitHandlers__C 
*          0    00000570    00000004     
                  00000570    00000004     app_ble_pem3.oem3 (.const:xdc_runtime_System_maxAtexitHandlers__C)

.const:xdc_runtime_Text_charTab__C 
*          0    00000574    00000004     
                  00000574    00000004     app_ble_pem3.oem3 (.const:xdc_runtime_Text_charTab__C)

.const:xdc_runtime_Text_nameEmpty__C 
*          0    00000578    00000004     
                  00000578    00000004     app_ble_pem3.oem3 (.const:xdc_runtime_Text_nameEmpty__C)

.const:xdc_runtime_Text_nameStatic__C 
*          0    0000057c    00000004     
                  0000057c    00000004     app_ble_pem3.oem3 (.const:xdc_runtime_Text_nameStatic__C)

.const:xdc_runtime_Text_nameUnknown__C 
*          0    00000580    00000004     
                  00000580    00000004     app_ble_pem3.oem3 (.const:xdc_runtime_Text_nameUnknown__C)

.const:xdc_runtime_Main_Module__id__C 
*          0    00000584    00000002     
                  00000584    00000002     app_ble_pem3.oem3 (.const:xdc_runtime_Main_Module__id__C)

.const:xdc_runtime_Memory_Module__id__C 
*          0    00000586    00000002     
                  00000586    00000002     app_ble_pem3.oem3 (.const:xdc_runtime_Memory_Module__id__C)

.const:xdc_runtime_Text_charCnt__C 
*          0    00000588    00000002     
                  00000588    00000002     app_ble_pem3.oem3 (.const:xdc_runtime_Text_charCnt__C)

.const:xdc_runtime_Text_isLoaded__C 
*          0    0000058a    00000002     
                  0000058a    00000002     app_ble_pem3.oem3 (.const:xdc_runtime_Text_isLoaded__C)

.const:xdc_runtime_Error_policy__C 
*          0    0000058c    00000001     
                  0000058c    00000001     app_ble_pem3.oem3 (.const:xdc_runtime_Error_policy__C)

.const:ti_sysbios_rom_ROM_AONRTCChannelEnable 
*          0    00000590    00000004     
                  00000590    00000004     app_ble_pem3.oem3 (.const:ti_sysbios_rom_ROM_AONRTCChannelEnable)

.const:ti_sysbios_rom_ROM_AONRTCCompareValueSet 
*          0    00000594    00000004     
                  00000594    00000004     app_ble_pem3.oem3 (.const:ti_sysbios_rom_ROM_AONRTCCompareValueSet)

.const:ti_sysbios_rom_ROM_AONRTCCurrentCompareValueGet 
*          0    00000598    00000004     
                  00000598    00000004     app_ble_pem3.oem3 (.const:ti_sysbios_rom_ROM_AONRTCCurrentCompareValueGet)

.const:ti_sysbios_rom_ROM_AONRTCEventClear 
*          0    0000059c    00000004     
                  0000059c    00000004     app_ble_pem3.oem3 (.const:ti_sysbios_rom_ROM_AONRTCEventClear)

.const:ti_sysbios_rom_ROM_ti_sysbios_family_arm_cc26xx_Timer_getCount64__E 
*          0    000005a0    00000004     
                  000005a0    00000004     app_ble_pem3.oem3 (.const:ti_sysbios_rom_ROM_ti_sysbios_family_arm_cc26xx_Timer_getCount64__E)

.const:ti_sysbios_rom_ROM_ti_sysbios_family_arm_cc26xx_Timer_getCurrentTick__E 
*          0    000005a4    00000004     
                  000005a4    00000004     app_ble_pem3.oem3 (.const:ti_sysbios_rom_ROM_ti_sysbios_family_arm_cc26xx_Timer_getCurrentTick__E)

.const:ti_sysbios_rom_ROM_ti_sysbios_family_arm_cc26xx_Timer_getMaxTicks__E 
*          0    000005a8    00000004     
                  000005a8    00000004     app_ble_pem3.oem3 (.const:ti_sysbios_rom_ROM_ti_sysbios_family_arm_cc26xx_Timer_getMaxTicks__E)

.const:ti_sysbios_rom_ROM_ti_sysbios_family_arm_cc26xx_Timer_initDevice__I 
*          0    000005ac    00000004     
                  000005ac    00000004     app_ble_pem3.oem3 (.const:ti_sysbios_rom_ROM_ti_sysbios_family_arm_cc26xx_Timer_initDevice__I)

.const:ti_sysbios_rom_ROM_ti_sysbios_family_arm_cc26xx_Timer_setNextTick__E 
*          0    000005b0    00000004     
                  000005b0    00000004     app_ble_pem3.oem3 (.const:ti_sysbios_rom_ROM_ti_sysbios_family_arm_cc26xx_Timer_setNextTick__E)

.const:ti_sysbios_rom_ROM_ti_sysbios_family_arm_cc26xx_Timer_setThreshold__I 
*          0    000005b4    00000004     
                  000005b4    00000004     app_ble_pem3.oem3 (.const:ti_sysbios_rom_ROM_ti_sysbios_family_arm_cc26xx_Timer_setThreshold__I)

.const:ti_sysbios_rom_ROM_ti_sysbios_family_arm_cc26xx_Timer_start__E 
*          0    000005b8    00000004     
                  000005b8    00000004     app_ble_pem3.oem3 (.const:ti_sysbios_rom_ROM_ti_sysbios_family_arm_cc26xx_Timer_start__E)

.const:ti_sysbios_rom_ROM_ti_sysbios_family_arm_cc26xx_TimestampProvider_get32__E 
*          0    000005bc    00000004     
                  000005bc    00000004     app_ble_pem3.oem3 (.const:ti_sysbios_rom_ROM_ti_sysbios_family_arm_cc26xx_TimestampProvider_get32__E)

.const:ti_sysbios_rom_ROM_xdc_runtime_Startup_getState__I 
*          0    000005c0    00000004     
                  000005c0    00000004     app_ble_pem3.oem3 (.const:ti_sysbios_rom_ROM_xdc_runtime_Startup_getState__I)

.const:ti_sysbios_rom_ROM_xdc_runtime_System_SupportProxy_abort__E 
*          0    000005c4    00000004     
                  000005c4    00000004     app_ble_pem3.oem3 (.const:ti_sysbios_rom_ROM_xdc_runtime_System_SupportProxy_abort__E)

.const:ti_sysbios_rom_ROM_xdc_runtime_System_SupportProxy_exit__E 
*          0    000005c8    00000004     
                  000005c8    00000004     app_ble_pem3.oem3 (.const:ti_sysbios_rom_ROM_xdc_runtime_System_SupportProxy_exit__E)

.const:ti_sysbios_gates_GateMutex_Instance_State_sem__O 
*          0    000005cc    00000004     
                  000005cc    00000004     app_ble_pem3.oem3 (.const:ti_sysbios_gates_GateMutex_Instance_State_sem__O)

.const:ti_sysbios_knl_Clock_Module_State_clockQ__O 
*          0    000005d0    00000004     
                  000005d0    00000004     app_ble_pem3.oem3 (.const:ti_sysbios_knl_Clock_Module_State_clockQ__O)

.const:ti_sysbios_knl_Mailbox_Instance_State_dataQue__O 
*          0    000005d4    00000004     
                  000005d4    00000004     app_ble_pem3.oem3 (.const:ti_sysbios_knl_Mailbox_Instance_State_dataQue__O)

.const:ti_sysbios_knl_Mailbox_Instance_State_dataSem__O 
*          0    000005d8    00000004     
                  000005d8    00000004     app_ble_pem3.oem3 (.const:ti_sysbios_knl_Mailbox_Instance_State_dataSem__O)

.const:ti_sysbios_knl_Mailbox_Instance_State_freeQue__O 
*          0    000005dc    00000004     
                  000005dc    00000004     app_ble_pem3.oem3 (.const:ti_sysbios_knl_Mailbox_Instance_State_freeQue__O)

.const:ti_sysbios_knl_Mailbox_Instance_State_freeSem__O 
*          0    000005e0    00000004     
                  000005e0    00000004     app_ble_pem3.oem3 (.const:ti_sysbios_knl_Mailbox_Instance_State_freeSem__O)

.const:ti_sysbios_knl_Semaphore_Instance_State_pendQ__O 
*          0    000005e4    00000004     
                  000005e4    00000004     app_ble_pem3.oem3 (.const:ti_sysbios_knl_Semaphore_Instance_State_pendQ__O)

.const:ti_sysbios_knl_Task_Module_State_inactiveQ__O 
*          0    000005e8    00000004     
                  000005e8    00000004     app_ble_pem3.oem3 (.const:ti_sysbios_knl_Task_Module_State_inactiveQ__O)

.cinit     0    0000bab0    00000b1c     
                  0000bab0    00000934     (.cinit..data.load) [load image, compression = rle]
                  0000c3e4    00000004     --HOLE-- [fill = 0]
                  0000c3e8    0000002d     (.cinit..data:ti_sysbios_family_arm_m3_Hwi_Module__state__V.load) [load image, compression = rle]
                  0000c415    00000003     --HOLE-- [fill = 0]
                  0000c418    0000002c     (.cinit..data:ti_sysbios_knl_Task_Module__state__V.load) [load image, compression = rle]
                  0000c444    00000004     --HOLE-- [fill = 0]
                  0000c448    00000021     (.cinit..data:ti_sysbios_knl_Clock_Module__state__V.load) [load image, compression = rle]
                  0000c469    00000007     --HOLE-- [fill = 0]
                  0000c470    0000001f     (.cinit..data:ti_sysbios_BIOS_Module__state__V.load) [load image, compression = rle]
                  0000c48f    00000001     --HOLE-- [fill = 0]
                  0000c490    00000011     (.cinit..data:ti_sysbios_knl_Swi_Module__state__V.load) [load image, compression = rle]
                  0000c4a1    00000007     --HOLE-- [fill = 0]
                  0000c4a8    0000000d     (.cinit..data:ti_sysbios_family_arm_cc26xx_Timer_Module__state__V.load) [load image, compression = rle]
                  0000c4b5    00000003     --HOLE-- [fill = 0]
                  0000c4b8    0000000b     (.cinit..bss.load) [load image, compression = rle]
                  0000c4c3    00000005     --HOLE-- [fill = 0]
                  0000c4c8    0000000a     (.cinit..data:xdc_runtime_Memory_Module__state__V.load) [load image, compression = rle]
                  0000c4d2    00000006     --HOLE-- [fill = 0]
                  0000c4d8    00000009     (.cinit..TI.bound:dmaSpi0RxControlTableEntry$36.load) [load image, compression = rle]
                  0000c4e1    00000007     --HOLE-- [fill = 0]
                  0000c4e8    00000009     (.cinit..TI.bound:dmaSpi0TxControlTableEntry$36.load) [load image, compression = rle]
                  0000c4f1    00000007     --HOLE-- [fill = 0]
                  0000c4f8    00000009     (.cinit..TI.bound:dmaSpi1RxControlTableEntry$36.load) [load image, compression = rle]
                  0000c501    00000007     --HOLE-- [fill = 0]
                  0000c508    00000009     (.cinit..TI.bound:dmaSpi1TxControlTableEntry$36.load) [load image, compression = rle]
                  0000c511    00000007     --HOLE-- [fill = 0]
                  0000c518    00000009     (.cinit..data:ti_sysbios_family_arm_cc26xx_TimestampProvider_Module__state__V.load) [load image, compression = rle]
                  0000c521    00000007     --HOLE-- [fill = 0]
                  0000c528    00000009     (.cinit..data:xdc_runtime_Startup_Module__state__V.load) [load image, compression = rle]
                  0000c531    00000007     --HOLE-- [fill = 0]
                  0000c538    00000009     (.cinit..data:xdc_runtime_System_Module__state__V.load) [load image, compression = rle]
                  0000c541    00000003     --HOLE-- [fill = 0]
                  0000c544    00000008     (__TI_handler_table)
                  0000c54c    00000080     (__TI_cinit_table)

.init_array 
*          0    00000000    00000000     UNINITIALIZED

.ccfg      0    0001ffa8    00000058     
                  0001ffa8    00000058     ccfg_app_ble.obj (.ccfg:retain)

.data:ti_sysbios_knl_Task_Module__state__V 
*          0    20000100    00000044     UNINITIALIZED
                  20000100    00000044     app_ble_pem3.oem3 (.data:ti_sysbios_knl_Task_Module__state__V)

.data:ti_sysbios_family_arm_m3_Hwi_Module__state__V 
*          0    20000144    00000034     UNINITIALIZED
                  20000144    00000034     app_ble_pem3.oem3 (.data:ti_sysbios_family_arm_m3_Hwi_Module__state__V)

.data:ti_sysbios_knl_Clock_Module__state__V 
*          0    20000178    0000002c     UNINITIALIZED
                  20000178    0000002c     app_ble_pem3.oem3 (.data:ti_sysbios_knl_Clock_Module__state__V)

.data:ti_sysbios_BIOS_Module__state__V 
*          0    200001a4    00000024     UNINITIALIZED
                  200001a4    00000024     app_ble_pem3.oem3 (.data:ti_sysbios_BIOS_Module__state__V)

.data:ti_sysbios_knl_Swi_Module__state__V 
*          0    200001c8    0000001c     UNINITIALIZED
                  200001c8    0000001c     app_ble_pem3.oem3 (.data:ti_sysbios_knl_Swi_Module__state__V)

.data:ti_sysbios_family_arm_cc26xx_Timer_Module__state__V 
*          0    200001e4    00000008     UNINITIALIZED
                  200001e4    00000008     app_ble_pem3.oem3 (.data:ti_sysbios_family_arm_cc26xx_Timer_Module__state__V)

.data:ti_sysbios_family_arm_cc26xx_TimestampProvider_Module__state__V 
*          0    200001ec    00000004     UNINITIALIZED
                  200001ec    00000004     app_ble_pem3.oem3 (.data:ti_sysbios_family_arm_cc26xx_TimestampProvider_Module__state__V)

.data:xdc_runtime_Startup_Module__state__V 
*          0    200001f0    00000008     UNINITIALIZED
                  200001f0    00000008     app_ble_pem3.oem3 (.data:xdc_runtime_Startup_Module__state__V)

.data:xdc_runtime_System_Module__state__V 
*          0    200001f8    00000008     UNINITIALIZED
                  200001f8    00000008     app_ble_pem3.oem3 (.data:xdc_runtime_System_Module__state__V)

.data:xdc_runtime_Memory_Module__state__V 
*          0    20000200    00000004     UNINITIALIZED
                  20000200    00000004     app_ble_pem3.oem3 (.data:xdc_runtime_Memory_Module__state__V)

.TI.bound:dmaSpi0RxControlTableEntry$36 
*          0    20000430    00000010     UNINITIALIZED
                  20000430    00000010     SPICC26XXDMA.obj (.TI.bound:dmaSpi0RxControlTableEntry$36)

.TI.bound:dmaSpi1RxControlTableEntry$36 
*          0    20000500    00000010     UNINITIALIZED
                  20000500    00000010     SPICC26XXDMA.obj (.TI.bound:dmaSpi1RxControlTableEntry$36)

.data      0    20000520    00001e2e     UNINITIALIZED
                  20000520    000003b8     sensortag.obj (.data:$O29$$)
                  200008d8    0000031c     peripheral.obj (.data:$O12$$)
                  20000bf4    000002b4     sensortag_bar.obj (.data:$O31$$)
                  20000ea8    000002b4     sensortag_hum.obj (.data:$O33$$)
                  2000115c    000002b4     sensortag_tmp.obj (.data:$O39$$)
                  20001410    00000230     RFCC26XX_singleMode.obj (.data:$O26$$)
                  20001640    000001d4     devinfoservice.obj (.data:$O3$$)
                  20001814    00000110     drivers_cc26xxware.aem3 : PowerCC26XX.oem3 (.data:PowerCC26XX_module)
                  20001924    0000010c     icall.obj (.data:$O22$$)
                  20001a30    000000a0     movementservice.obj (.data:$O8$$)
                  20001ad0    00000094     barometerservice.obj (.data:$O1$$)
                  20001b64    00000090     registerservice.obj (.data:$O13$$)
                  20001bf4    00000090     humidityservice.obj (.data:$O5$$)
                  20001c84    00000090     irtempservice.obj (.data:$O7$$)
                  20001d14    0000008c     opticservice.obj (.data:$O11$$)
                  20001da0    00000078     battservice.obj (.data:$O2$$)
                  20001e18    0000006c     ExtFlash.obj (.data:$O19$$)
                  20001e84    0000005c     ioservice.obj (.data:$O6$$)
                  20001ee0    00000058     simplekeys.obj (.data:$O14$$)
                  20001f38    00000050     ble_user_config.obj (.data:rfRegTbl)
                  20001f88    0000004c     sensortag_mov.obj (.data:$O36$$)
                  20001fd4    0000004c     app_ble_pem3.oem3 (.data:ti_sysbios_knl_Task_Object__table__V)
                  20002020    00000048     app_ble_pem3.oem3 (.data:ti_sysbios_family_arm_cc26xx_Timer_Object__table__V)
                  20002068    00000038     app_ble_pem3.oem3 (.data:ti_sysbios_gates_GateMutex_Object__table__V)
                  200020a0    00000034     SensorMpu9250.obj (.data:$O17$$)
                  200020d4    00000030     sensortag_register.obj (.data:$O38$$)
                  20002104    00000030     app_ble_pem3.oem3 (.data:ti_sysbios_knl_Swi_Module_State_0_readyQ__A)
                  20002134    00000030     app_ble_pem3.oem3 (.data:ti_sysbios_knl_Swi_Object__table__V)
                  20002164    00000030     app_ble_pem3.oem3 (.data:ti_sysbios_knl_Task_Module_State_0_readyQ__A)
                  20002194    00000030     main.obj (.data:user0Cfg)
                  200021c4    0000002c     sensortag_keys.obj (.data:$O35$$)
                  200021f0    0000002c     sensortag_opt.obj (.data:$O37$$)
                  2000221c    00000020     app_ble_pem3.oem3 (.data:ti_sysbios_knl_Clock_Object__table__V)
                  2000223c    00000018     app_ble_pem3.oem3 (.data:ti_sysbios_family_arm_m3_Hwi_Object__table__V)
                  20002254    00000018     app_ble_pem3.oem3 (.data:ti_sysbios_heaps_HeapMem_Object__table__V)
                  2000226c    00000010     simplekeys.obj (.data:skCharUserDesp$18)
                  2000227c    0000000c     rtsv7M3_T_le_eabi.lib : exit.obj (.data:$O1$$)
                  20002288    0000000c     icall_api.obj (.data:$O21$$)
                  20002294    00000009     devinfoservice.obj (.data)
                  2000229d    00000003     barometerservice.obj (.data)
                  200022a0    00000008     icall_cc2650.obj (.data:$O24$$)
                  200022a8    00000008     sensortag_io.obj (.data:$O34$$)
                  200022b0    00000008     rtsv7M3_T_le_eabi.lib : _lock.obj (.data:$O40$$)
                  200022b8    00000008     battservice.obj (.data:battLevelPresentation$4)
                  200022c0    00000008     app_ble_pem3.oem3 (.data:ti_sysbios_family_arm_m3_Hwi_Module__root__V)
                  200022c8    00000008     app_ble_pem3.oem3 (.data:ti_sysbios_gates_GateHwi_Module__root__V)
                  200022d0    00000008     app_ble_pem3.oem3 (.data:ti_sysbios_gates_GateMutex_Module__root__V)
                  200022d8    00000008     app_ble_pem3.oem3 (.data:ti_sysbios_hal_Hwi_Module__root__V)
                  200022e0    00000008     app_ble_pem3.oem3 (.data:ti_sysbios_heaps_HeapMem_Module__root__V)
                  200022e8    00000008     app_ble_pem3.oem3 (.data:ti_sysbios_knl_Clock_Module__root__V)
                  200022f0    00000008     app_ble_pem3.oem3 (.data:ti_sysbios_knl_Mailbox_Module__root__V)
                  200022f8    00000008     app_ble_pem3.oem3 (.data:ti_sysbios_knl_Queue_Module__root__V)
                  20002300    00000008     app_ble_pem3.oem3 (.data:ti_sysbios_knl_Semaphore_Module__root__V)
                  20002308    00000008     app_ble_pem3.oem3 (.data:ti_sysbios_knl_Swi_Module__root__V)
                  20002310    00000008     app_ble_pem3.oem3 (.data:ti_sysbios_knl_Task_Module__root__V)
                  20002318    00000004     I2C.obj (.data)
                  2000231c    00000004     SPI.obj (.data)
                  20002320    00000004     ble_user_config.obj (.data)
                  20002324    00000004     rtsv7M3_T_le_eabi.lib : stkdepth_vars.obj (.data)
                  20002328    00000004     sensortag_buzzer.obj (.data)
                  2000232c    00000004     app_ble_pem3.oem3 (.data:ti_sysbios_family_arm_m3_Hwi_Module_State_0_excContext__A)
                  20002330    00000004     app_ble_pem3.oem3 (.data:ti_sysbios_family_arm_m3_Hwi_Module_State_0_excStack__A)
                  20002334    00000004     app_ble_pem3.oem3 (.data:ti_sysbios_knl_Task_Module_State_0_idleTask__A)
                  20002338    00000003     humidityservice.obj (.data)
                  2000233b    00000003     irtempservice.obj (.data)
                  2000233e    00000003     movementservice.obj (.data)
                  20002341    00000003     opticservice.obj (.data)
                  20002344    00000003     registerservice.obj (.data)
                  20002347    00000002     ioservice.obj (.data)
                  20002349    00000001     TRNGCC26XX.obj (.data)
                  2000234a    00000002     app_ble_pem3.oem3 (.data:ti_sysbios_family_arm_m3_Hwi_Module_State_0_excActive__A)
                  2000234c    00000001     battservice.obj (.data)
                  2000234d    00000001     simplekeys.obj (.data)

.bss       0    20002350    00000dde     UNINITIALIZED
                  20002350    00000680     (.common:ti_sysbios_heaps_HeapMem_Instance_State_0_buf__A)
                  200029d0    00000200     app_ble_pem3.oem3 (.bss:taskStackSection)
                  20002bd0    000001b8     (.common:spiCC26XXDMAObjects)
                  20002d88    00000110     PINCC26XX.obj (.bss:$O27$$)
                  20002e98    000000e0     (.common:i2cCC26xxObjects)
                  20002f78    000000c8     (.common:ti_sysbios_family_arm_m3_Hwi_dispatchTable)
                  20003040    00000050     SensorI2C.obj (.bss:$O16$$)
                  20003090    00000028     sensortag_batt.obj (.bss:$O32$$)
                  200030b8    00000020     (.common:udmaObjects)
                  200030d8    00000018     SensorBmp280.obj (.bss:calData$21)
                  200030f0    00000014     driverlib.lib : osc.obj (.bss:oscHfGlobals$78)
                  20003104    00000008     SensorHdc1000.obj (.bss:$O15$$)
                  2000310c    00000008     SensorTmp007.obj (.bss:$O18$$)
                  20003114    00000008     RFCC26XX_singleMode.obj (.bss)
                  2000311c    00000008     driverlib.lib : sys_ctrl.obj (.bss:powerQualGlobals$81)
                  20003124    00000004     (.common:trngCC26XXObjects)
                  20003128    00000002     SensorI2C.obj (.bss)
                  2000312a    00000002     sensortag_mov.obj (.bss)
                  2000312c    00000001     SensorTagTest.obj (.bss)
                  2000312d    00000001     (.common:driverlib_release_0_46593)

.vtable    0    2000312e    00000000     UNINITIALIZED

.vtable_ram 
*          0    2000312e    00000000     UNINITIALIZED

vtable_ram 
*          0    2000312e    00000000     UNINITIALIZED

.sysmem    0    2000312e    00000000     UNINITIALIZED

.nonretenvar 
*          0    2000312e    00000000     UNINITIALIZED

.stack     0    20004050    00000400     UNINITIALIZED
                  20004050    00000400     --HOLE--

.bootVecs 
*          0    00000000    00000008     DSECT
                  00000000    00000008     boot.aem3 : boot.oem3 (.bootVecs)

.resetVecs 
*          0    00000000    0000003c     
                  00000000    0000003c     app_ble_pem3.oem3 (.resetVecs)

.vecs      0    20000000    000000c8     NOLOAD SECTION
                  20000000    000000c8     app_ble_pem3.oem3 (.vecs)

xdc.meta   0    00000000    0000010f     COPY SECTION
                  00000000    0000010f     app_ble_pem3.oem3 (xdc.meta)

xdc.noload 
*          0    00000000    00000000     COPY SECTION

.TI.bound:dmaSpi0TxControlTableEntry$36 
*          0    20000440    00000010     UNINITIALIZED
                  20000440    00000010     SPICC26XXDMA.obj (.TI.bound:dmaSpi0TxControlTableEntry$36)

.TI.bound:dmaSpi1TxControlTableEntry$36 
*          0    20000510    00000010     UNINITIALIZED
                  20000510    00000010     SPICC26XXDMA.obj (.TI.bound:dmaSpi1TxControlTableEntry$36)

.text.1    0    0000003c    000000c4     
                  0000003c    000000c4     irtempservice.obj (.text:sensor_WriteAttrCB$11)

.text.2    0    00000480    00000004     
                  00000480    00000004     icall_api.obj (.text:GATTServApp_AddService)

.text.3    0    00000500    00000002     
                  00000500    00000002     ble_user_config.obj (.text:DefaultAssertCback)

.text.4    0    000005ec    0000ad98     
                  000005ec    00000314     RFCC26XX_singleMode.obj (.text:fsmActiveState$37)
                  00000900    000002ec     peripheral.obj (.text:gapRole_processGAPMsg$16)
                  00000bec    0000023c     peripheral.obj (.text:GAPRole_SetParameter)
                  00000e28    00000228     drivers_cc26xxware.aem3 : PowerCC26XX.oem3 (.text:Power_sleep)
                  00001050    00000204     driverlib.lib : sys_ctrl.obj (.text:NOROM_SysCtrlSetRechargeBeforePowerDown)
                  00001254    000001f4     rtsv7M3_T_le_eabi.lib : ull_div_t2.obj (.text)
                  00001448    000001d4     sensortag.obj (.text:SensorTag_init$42)
                  0000161c    000001d0     drivers_cc26xxware.aem3 : PowerCC26XX_calibrateRCOSC.oem3 (.text:calibrateRcoscHf1)
                  000017ec    000001a8     PINCC26XX.obj (.text:PIN_init)
                  00001994    000001a8     RFCC26XX_singleMode.obj (.text:abortCmd$37)
                  00001b3c    00000184     drivers_cc26xxware.aem3 : PowerCC26XX_calibrateRCOSC.oem3 (.text:PowerCC26XX_doCalibrate)
                  00001cc0    00000170     RFCC26XX_singleMode.obj (.text:RF_postCmd)
                  00001e30    00000158     SPICC26XXDMA.obj (.text:SPICC26XXDMA_initIO$36)
                  00001f88    0000014c     SPICC26XXDMA.obj (.text:SPICC26XXDMA_open)
                  000020d4    00000130     driverlib.lib : setup.obj (.text:NOROM_SetupAfterColdResetWakeupFromShutDownCfg3)
                  00002204    00000120     peripheral.obj (.text:GAPRole_GetParameter)
                  00002324    0000011c     drivers_cc26xxware.aem3 : PowerCC26XX.oem3 (.text:Power_init)
                  00002440    00000114     RFCC26XX_singleMode.obj (.text:fsmSetupState$37)
                  00002554    00000110     RFCC26XX_singleMode.obj (.text:hwiFxnCpe0Active$37)
                  00002664    000000fc     I2CCC26XX.obj (.text:I2CCC26XX_open)
                  00002760    000000fc     SensorMpu9250.obj (.text:SensorMpu9250_magRead)
                  0000285c    000000fc     peripheral.obj (.text:gapRole_taskFxn$16)
                  00002958    000000f4     SensorBmp280.obj (.text:SensorBmp280_convert)
                  00002a4c    000000f4     sensortag_mov.obj (.text:SensorTagMov_processSensorEvent)
                  00002b40    000000f0     SPICC26XXDMA.obj (.text:SPICC26XXDMA_transferCancel)
                  00002c30    000000ec     icall.obj (.text:ICall_primWaitMatch$31)
                  00002d1c    000000ec     RFCC26XX_singleMode.obj (.text:rf_init$37)
                  00002e08    000000ec     registerservice.obj (.text:sensor_WriteAttrCB$17)
                  00002ef4    000000e0     I2CCC26XX.obj (.text:I2CCC26XX_hwiFxn$40)
                  00002fd4    000000e0     sensortag.obj (.text:SensorTag_processStateChangeEvt$42)
                  000030b4    000000dc     SensorMpu9250.obj (.text:SensorMpu9250_enableWom)
                  00003190    000000d4     driverlib.lib : setup.obj (.text:NOROM_SetupAfterColdResetWakeupFromShutDownCfg2)
                  00003264    000000d4     drivers_cc26xxware.aem3 : PowerCC26XX.oem3 (.text:Power_releaseDependency)
                  00003338    000000d0                             : PowerCC26XX.oem3 (.text:Power_setDependency)
                  00003408    000000cc     SPICC26XXDMA.obj (.text:SPICC26XXDMA_transfer)
                  000034d4    000000cc     driverlib.lib : setup.obj (.text:TrimAfterColdResetWakeupFromShutDown$80)
                  000035a0    000000c8     SPICC26XXDMA.obj (.text:SPICC26XXDMA_configDMA$36)
                  00003668    000000c8     RFCC26XX_singleMode.obj (.text:fsmPowerUpState$37)
                  00003730    000000c4     I2CCC26XX.obj (.text:I2CCC26XX_transfer)
                  000037f4    000000c4     movementservice.obj (.text:sensor_WriteAttrCB$12)
                  000038b8    000000c4     opticservice.obj (.text:sensor_WriteAttrCB$15)
                  0000397c    000000c4     barometerservice.obj (.text:sensor_WriteAttrCB$3)
                  00003a40    000000c4     humidityservice.obj (.text:sensor_WriteAttrCB$9)
                  00003b04    000000c4     RFCC26XX_singleMode.obj (.text:swiFxnHw$37)
                  00003bc8    000000c0     RFCC26XX_singleMode.obj (.text:RF_open)
                  00003c88    000000c0     sensortag_mov.obj (.text:SensorTagMov_processCharChangeEvt)
                  00003d48    000000c0     ioservice.obj (.text:io_WriteAttrCB$10)
                  00003e08    000000bc     power_cc26xx_tirtos.aem3 : PowerCC26XX_tirtos.oem3 (.text:PowerCC26XX_standbyPolicy)
                  00003ec4    000000b8     sensortag_bar.obj (.text:sensorTaskFxn$43)
                  00003f7c    000000b4     PINCC26XX.obj (.text:PINCC26XX_setIoCfg$38)
                  00004030    000000b0     devinfoservice.obj (.text:devInfo_ReadAttrCB$6)
                  000040e0    000000b0     peripheral.obj (.text:gapRole_init$16)
                  00004190    000000ac     sensortag_keys.obj (.text:SensorTagKeys_processEvent)
                  0000423c    000000a8     sensortag_io.obj (.text:SensorTagIO_processCharChangeEvt)
                  000042e4    000000a4     driverlib.lib : setup.obj (.text:NOROM_SetupTrimDevice)
                  00004388    000000a4     sensortag.obj (.text:SensorTag_taskFxn$42)
                  0000442c    000000a0     SPICC26XXDMA.obj (.text:SPICC26XXDMA_hwiFxn$36)
                  000044cc    000000a0     auto_init.aem3 : auto_init.oem3 (.text)
                  0000456c    000000a0     rom_sysbios.aem3 : rom_sysbios.obj (.text:ti_sysbios_knl_Task_setPri__E)
                  0000460c    0000009c     sensortag_keys.obj (.text:SensorTagKeys_clockHandler$50)
                  000046a8    0000009c     SensorTmp007.obj (.text:SensorTmp007_test)
                  00004744    0000009c     rtsv7M3_T_le_eabi.lib : memcpy_t2.obj (.text)
                  000047e0    00000098     PINCC26XX.obj (.text:PIN_open)
                  00004878    00000098     rom_sysbios.aem3 : rom_sysbios.obj (.text:ti_sysbios_knl_Clock_workFuncDynamic__E)
                  00004910    00000096     SensorBmp280.obj (.text:SensorBmp280_test)
                  000049a6    00000002     SPICC26XXDMA.obj (.text:SPICC26XXDMA_serviceISR$36)
                  000049a8    00000094     gattservapp_util.obj (.text:GATTServApp_ProcessCharCfg)
                  00004a3c    00000094     SPICC26XXDMA.obj (.text:SPICC26XXDMA_control)
                  00004ad0    00000094     sensortag_opt.obj (.text:SensorTagOpt_processCharChangeEvt)
                  00004b64    00000090     I2CCC26XX.obj (.text:I2CCC26XX_primeTransfer$40)
                  00004bf4    00000090     drivers_cc26xxware.aem3 : PowerCC26XX.oem3 (.text:switchXOSCHFclockFunc)
                  00004c84    0000008c     devinfoservice.obj (.text:DevInfo_SetParameter)
                  00004d10    00000088     I2CCC26XX.obj (.text:I2CCC26XX_cancel)
                  00004d98    00000088     driverlib.lib : osc.obj (.text:NOROM_OSCHF_GetStartupTime)
                  00004e20    00000088     sensortag_bar.obj (.text:SensorTagBar_processCharChangeEvt)
                  00004ea8    00000088     sensortag_register.obj (.text:SensorTagRegister_processCharChangeEvt)
                  00004f30    00000088     registerservice.obj (.text:sensor_ReadAttrCB$17)
                  00004fb8    00000084     icall.obj (.text:ICall_heapMalloc)
                  0000503c    00000084     icall.obj (.text:ICall_primSetTimer$31)
                  000050c0    00000084     TRNGCC26XX.obj (.text:TRNGCC26XX_getNumber)
                  00005144    00000084     sensortag_register.obj (.text:readRegister$54)
                  000051c8    00000080     RFCC26XX_singleMode.obj (.text:RF_pendCmd)
                  00005248    00000080     sensortag_tmp.obj (.text:SensorTagTmp_processCharChangeEvt)
                  000052c8    00000080     SensorMpu9250.obj (.text:sensorMagInit$24)
                  00005348    0000007c     sensortag_hum.obj (.text:SensorTagHum_processCharChangeEvt)
                  000053c4    0000007c     drivers_cc26xxware.aem3 : PowerCC26XX.oem3 (.text:disableLFClockQualifiers)
                  00005440    0000007c     sensortag_tmp.obj (.text:sensorTaskFxn$55)
                  000054bc    0000007a     rtsv7M3_T_le_eabi.lib : memset_t2.obj (.text)
                  00005536    00000002     RFCC26XX_singleMode.obj (.text:defaultErrCb$37)
                  00005538    00000078     driverlib.lib : setup.obj (.text:NOROM_SetupAfterColdResetWakeupFromShutDownCfg1)
                  000055b0    00000078     SensorTagTest.obj (.text:SensorTag_testExecute)
                  00005628    00000078     peripheral.obj (.text:gapRole_startConnUpdate$16)
                  000056a0    00000074     icall_cc2650.obj (.text:ICallPlatform_pwrUpdActivityCounter)
                  00005714    00000074     icall.obj (.text:ICall_primSend$31)
                  00005788    00000074     drivers_cc26xxware.aem3 : PowerCC26XX_calibrateRCOSC.oem3 (.text:PowerCC26XX_auxISR)
                  000057fc    00000074     sensortag_register.obj (.text:SensorTagRegister_reset)
                  00005870    00000074     drivers_cc26xxware.aem3 : PowerCC26XX_calibrateRCOSC.oem3 (.text:calibrateRcoscHf2)
                  000058e4    00000070     driverlib.lib : chipinfo.obj (.text:NOROM_ChipInfo_GetHwRevision)
                  00005954    00000070     SensorI2C.obj (.text:SensorI2C_select)
                  000059c4    00000070     sensortag_hum.obj (.text:sensorTaskFxn$48)
                  00005a34    0000006c     icall.obj (.text:ICall_createRemoteTasks)
                  00005aa0    0000006c     icall.obj (.text:ICall_heapInit)
                  00005b0c    0000006c     driverlib.lib : setup.obj (.text:NOROM_SetupGetTrimForAmpcompCtrl)
                  00005b78    0000006c     drivers_cc26xxware.aem3 : PowerCC26XX.oem3 (.text:PowerCC26XX_calibrate)
                  00005be4    0000006c     SensorMpu9250.obj (.text:SensorMpu9250_reset)
                  00005c50    0000006c     gattservapp_util.obj (.text:gattServApp_SendNotiInd$8)
                  00005cbc    0000006c     movementservice.obj (.text:sensor_ReadAttrCB$12)
                  00005d28    0000006a     rtsv7M3_T_le_eabi.lib : copy_decompress_rle.obj (.text)
                  00005d92    00000002     drivers_cc26xxware.aem3 : PowerCC26XX.oem3 (.text:emptyClockFunc)
                  00005d94    00000068     driverlib.lib : setup.obj (.text:NOROM_SetupGetTrimForAnabypassValue1)
                  00005dfc    00000068                   : sys_ctrl.obj (.text:NOROM_SysCtrl_DCDC_VoltageConditionalControl)
                  00005e64    00000068     SensorTmp007.obj (.text:SensorTmp007_read)
                  00005ecc    00000068     RFCC26XX_singleMode.obj (.text:fsmPowerDownState$37)
                  00005f34    00000066     SensorHdc1000.obj (.text:SensorHdc1000_test)
                  00005f9a    00000002     rom_sysbios.aem3 : rom_sysbios.obj (.text:ti_sysbios_BIOS_linkedWithIncorrectBootLibrary__E)
                  00005f9c    00000064     I2CCC26XX.obj (.text:I2CCC26XX_close)
                  00006000    00000064     PINCC26XX.obj (.text:PIN_add)
                  00006064    00000064     rom_sysbios.aem3 : rom_sysbios.obj (.text:ti_sysbios_family_arm_cc26xx_Timer_start__E)
                  000060c8    00000062     barometerservice.obj (.text:sensor_ReadAttrCB$3)
                  0000612a    00000002     app_ble_pem3.oem3 (.text:ti_sysbios_BIOS_nullFunc__I)
                  0000612c    00000060     I2CCC26XX.obj (.text:I2CCC26XX_initIO$40)
                  0000618c    00000060     icall.obj (.text:ICall_primEnroll$31)
                  000061ec    00000060     drivers_cc26xxware.aem3 : PowerCC26XX_calibrateRCOSC.oem3 (.text:PowerCC26XX_RCOSC_clockFunc)
                  0000624c    00000060     RFCC26XX_singleMode.obj (.text:RF_getCurrentTime)
                  000062ac    00000060     sensortag_mov.obj (.text:appStateSet$51)
                  0000630c    00000060     battservice.obj (.text:battReadAttrCB$4)
                  0000636c    00000060     drivers_cc26xxware.aem3 : PowerCC26XX_calibrateRCOSC.oem3 (.text:updateSubSecInc)
                  000063cc    0000005c     barometerservice.obj (.text:Barometer_setParameter)
                  00006428    0000005c     icall.obj (.text:ICall_primThreadServes$31)
                  00006484    0000005c     driverlib.lib : osc.obj (.text:NOROM_OSCHF_AttemptToSwitchToXosc)
                  000064e0    0000005c                   : sys_ctrl.obj (.text:NOROM_SysCtrlAdjustRechargeAfterPowerDown)
                  0000653c    0000005c     SensorMpu9250.obj (.text:SensorMpu9250_magReset)
                  00006598    0000005c     SensorMpu9250.obj (.text:SensorMpu9250_test)
                  000065f4    0000005c     UDMACC26XX.obj (.text:UDMACC26XX_open)
                  00006650    0000005c     RFCC26XX_singleMode.obj (.text:applyRfCorePatch$37)
                  000066ac    0000005c     RFCC26XX_singleMode.obj (.text:decActiveClientCnt$37)
                  00006708    0000005c     SensorMpu9250.obj (.text:sensorMpu9250WakeUp$24)
                  00006764    0000005c     app_ble_pem3.oem3 (.text:xdc_runtime_Startup_getState__I)
                  000067c0    0000005a     SPICC26XXDMA.obj (.text:SPICC26XXDMA_close)
                  0000681a    0000005a     irtempservice.obj (.text:sensor_ReadAttrCB$11)
                  00006874    0000005a     opticservice.obj (.text:sensor_ReadAttrCB$15)
                  000068ce    0000005a     humidityservice.obj (.text:sensor_ReadAttrCB$9)
                  00006928    00000058     humidityservice.obj (.text:Humidity_setParameter)
                  00006980    00000058     movementservice.obj (.text:Movement_setParameter)
                  000069d8    00000058     PINCC26XX.obj (.text:PIN_remove)
                  00006a30    00000058     drivers_cc26xxware.aem3 : PowerCC26XX_calibrateRCOSC.oem3 (.text:PowerCC26XX_initiateCalibration)
                  00006a88    00000058     SPICC26XXDMA.obj (.text:SPICC26XXDMA_initHw$36)
                  00006ae0    00000058     sensortag_keys.obj (.text:processGapStateChange$50)
                  00006b38    00000054     I2CCC26XX.obj (.text:I2CCC26XX_swiFxn$40)
                  00006b8c    00000054     opticservice.obj (.text:Optic_setParameter)
                  00006be0    00000054     SensorI2C.obj (.text:SensorI2C_open)
                  00006c34    00000054     sensortag_mov.obj (.text:SensorTagMov_init)
                  00006c88    00000054     util.obj (.text:Util_rescheduleClock)
                  00006cdc    00000054     drivers_cc26xxware.aem3 : PowerCC26XX.oem3 (.text:configureXOSCHF)
                  00006d30    00000054     RFCC26XX_singleMode.obj (.text:fsmXOSCState$37)
                  00006d84    00000054     RFCC26XX_singleMode.obj (.text:hwiFxnHw$37)
                  00006dd8    00000054     RFCC26XX_singleMode.obj (.text:ratChanFree$37)
                  00006e2c    00000054     rtsv7M3_T_le_eabi.lib : exit.obj (.text)
                  00006e80    00000052     icall.obj (.text:ICall_primWait$31)
                  00006ed2    00000052     SPICC26XXDMA.obj (.text:SPICC26XXDMA_swiFxn$36)
                  00006f24    00000050     icall_api.obj (.text:GAP_DeviceInit)
                  00006f74    00000050     icall_api.obj (.text:GAP_UpdateAdvertisingData)
                  00006fc4    00000050     icall.obj (.text:ICall_primRegisterApp$31)
                  00007014    00000050     irtempservice.obj (.text:IRTemp_setParameter)
                  00007064    00000050     driverlib.lib : setup.obj (.text:NOROM_SetupSetCacheModeAccordingToCcfgSetting)
                  000070b4    00000050     RFCC26XX_singleMode.obj (.text:RF_getInfo)
                  00007104    00000050     RFCC26XX_singleMode.obj (.text:syncCb$37)
                  00007154    0000004e     SensorOpt3001.obj (.text:SensorOpt3001_test)
                  000071a2    0000004e     ioservice.obj (.text:io_ReadAttrCB$10)
                  000071f0    0000004c     ExtFlash.obj (.text:ExtFlash_waitReady$28)
                  0000723c    0000004c     icall.obj (.text:ICall_newTask$31)
                  00007288    0000004c     icall.obj (.text:ICall_primGetEntityId$31)
                  000072d4    0000004c     driverlib.lib : osc.obj (.text:NOROM_OSCClockSourceSet)
                  00007320    0000004c     sensortag_opt.obj (.text:SensorTagOpt_init)
                  0000736c    0000004c     sensortag.obj (.text:SensorTag_setDeviceInfo$42)
                  000073b8    0000004c     util.obj (.text:Util_constructClock)
                  00007404    0000004c     battservice.obj (.text:battWriteAttrCB$4)
                  00007450    0000004c     RFCC26XX_singleMode.obj (.text:dispatchOpWhen$37)
                  0000749c    0000004c     peripheral.obj (.text:gapRole_processStackMsg$16)
                  000074e8    0000004c     rtsv7M3_T_le_eabi.lib : cpy_tbl.obj (.text)
                  00007534    0000004a     gattservapp_util.obj (.text:GATTServApp_ProcessCCCWriteReq)
                  0000757e    0000004a     SensorOpt3001.obj (.text:SensorOpt3001_read)
                  000075c8    00000048     I2CCC26XX.obj (.text:I2CCC26XX_initHw$40)
                  00007610    00000048     driverlib.lib : chipinfo.obj (.text:NOROM_ChipInfo_GetChipFamily)
                  00007658    00000048                   : ddi.obj (.text:NOROM_DDI16BitfieldWrite)
                  000076a0    00000048     sensortag.obj (.text:SensorTag_processCharValueChangeEvt$42)
                  000076e8    00000048     battservice.obj (.text:battNotify$4)
                  00007730    00000048     icall_api.obj (.text:gapSendParamAndPtrCmd$30)
                  00007778    00000048     icall_api.obj (.text:gattIndNoti$30)
                  000077c0    00000048     drivers_cc26xxware.aem3 : PowerCC26XX.oem3 (.text:notify)
                  00007808    00000048     sensortag_register.obj (.text:writeRegister$54)
                  00007850    00000044     icall_api.obj (.text:GAP_TerminateLinkReq)
                  00007894    00000044     PINCC26XX.obj (.text:PIN_swi$38)
                  000078d8    00000044     SensorHdc1000.obj (.text:SensorHdc1000_read)
                  0000791c    00000044     SensorMpu9250.obj (.text:SensorMpu9250_accSetRange)
                  00007960    00000044     sensortag_io.obj (.text:SensorTagIO_blinkLed)
                  000079a4    00000044     sensortag_io.obj (.text:SensorTagIO_reset)
                  000079e8    00000044     boot.aem3 : boot.oem3 (.text)
                  00007a2c    00000044     SensorMpu9250.obj (.text:sensorMpu9250SetBypass$24)
                  00007a70    00000042     icall.obj (.text:ICall_primCreateTask$31)
                  00007ab2    00000002     rom_sysbios.aem3 : rom_sysbios.obj (.text:ti_sysbios_knl_Clock_triggerFunc__I)
                  00007ab4    00000040     ExtFlash.obj (.text:ExtFlash_open)
                  00007af4    00000040     ExtFlash.obj (.text:ExtFlash_readInfo$28)
                  00007b34    00000040     peripheral.obj (.text:GAPRole_SendUpdateParam)
                  00007b74    00000040     peripheral.obj (.text:GAPRole_createTask)
                  00007bb4    00000040     driverlib.lib : ddi.obj (.text:NOROM_DDI16BitfieldRead)
                  00007bf4    00000040     RFCC26XX_singleMode.obj (.text:RF_getRssi)
                  00007c34    00000040     simplekeys.obj (.text:SK_readAttrCB$18)
                  00007c74    00000040     SensorI2C.obj (.text:SensorI2C_read)
                  00007cb4    00000040     SensorMpu9250.obj (.text:SensorMpu9250_magTest)
                  00007cf4    00000040     SensorTmp007.obj (.text:SensorTmp007_enable)
                  00007d34    00000040     ExtFlash.obj (.text:extFlashVerifyPart$28)
                  00007d74    00000040     SensorMpu9250.obj (.text:sensorMagEnable$24)
                  00007db4    00000040     SensorMpu9250.obj (.text:sensorMpuSleep$24)
                  00007df4    0000003c     icall_api.obj (.text:GAP_GetParamValue)
                  00007e30    0000003c     icall_api.obj (.text:GATTServApp_RegisterService)
                  00007e6c    0000003c     icall_cc2650.obj (.text:ICallPlatform_pwrConfigACAction)
                  00007ea8    0000003c     driverlib.lib : osc.obj (.text:NOROM_OSC_HPOSCRelativeFrequencyOffsetGet)
                  00007ee4    0000003c                   : rfc.obj (.text:NOROM_RFCSynthPowerDown)
                  00007f20    0000003c     PINCC26XX.obj (.text:PINCC26XX_getConfig)
                  00007f5c    0000003c     RFCC26XX_singleMode.obj (.text:RF_runCmd)
                  00007f98    0000003c     registerservice.obj (.text:Register_setParameter)
                  00007fd4    0000003c     SPICC26XXDMA.obj (.text:SPICC26XXDMA_csnCallback$36)
                  00008010    0000003c     SensorBmp280.obj (.text:SensorBmp280_read)
                  0000804c    0000003c     SensorI2C.obj (.text:SensorI2C_writeRead)
                  00008088    0000003c     SensorMpu9250.obj (.text:SensorMpu9250_accRead)
                  000080c4    0000003c     SensorMpu9250.obj (.text:SensorMpu9250_accReadRange)
                  00008100    0000003c     sensortag_bar.obj (.text:SensorTagBar_createTask)
                  0000813c    0000003c     sensortag_buzzer.obj (.text:SensorTagBuzzer_open)
                  00008178    0000003c     sensortag_buzzer.obj (.text:SensorTagBuzzer_setFrequency)
                  000081b4    0000003c     sensortag_hum.obj (.text:SensorTagHum_createTask)
                  000081f0    0000003c     sensortag_tmp.obj (.text:SensorTagTmp_createTask)
                  0000822c    0000003c     sensortag.obj (.text:SensorTag_createTask)
                  00008268    0000003c     RFCC26XX_singleMode.obj (.text:postDirImmCmd$37)
                  000082a4    0000003c     icall_api.obj (.text:profileSetParameter$30)
                  000082e0    0000003c     icall_api.obj (.text:sendWaitMatchCS$30)
                  0000831c    0000003c     icall_api.obj (.text:sendWaitMatchValueCS$30)
                  00008358    0000003a     SensorMpu9250.obj (.text:SensorMpu9250_irqStatus)
                  00008392    00000002     app_ble_pem3.oem3 (.text:ti_sysbios_rom_cortexm_cc26xx_CC26xx_badRomRevision__E)
                  00008394    00000038     icall_api.obj (.text:GAPBondMgr_LinkEst)
                  000083cc    00000038     I2C.obj (.text:I2C_init)
                  00008404    00000038     icall.obj (.text:ICall_primGetMaxMSecs$31)
                  0000843c    00000038     SensorI2C.obj (.text:SensorI2C_write)
                  00008474    00000038     SensorMpu9250.obj (.text:SensorMpu9250_gyroRead)
                  000084ac    00000038     sensortag_opt.obj (.text:SensorTagOpt_reset)
                  000084e4    00000038     util.obj (.text:Util_restartClock)
                  0000851c    00000038     battservice.obj (.text:battMeasure$4)
                  00008554    00000038     battservice.obj (.text:battNotifyLevel$4)
                  0000858c    00000038     icall_api.obj (.text:linkDB_NumConns)
                  000085c4    00000038     rom_sysbios.aem3 : rom_sysbios.obj (.text:ti_sysbios_family_arm_cc26xx_Timer_getCurrentTick__E)
                  000085fc    00000036     UDMACC26XX.obj (.text:UDMACC26XX_close)
                  00008632    00000036     RFCC26XX_singleMode.obj (.text:updateImplicitState$37)
                  00008668    00000034     icall_api.obj (.text:GAPBondMgr_SetParameter)
                  0000869c    00000034     icall_api.obj (.text:GAP_SetParamValue)
                  000086d0    00000034     icall.obj (.text:ICall_primEntityId2ServiceId$31)
                  00008704    00000034     icall.obj (.text:ICall_primFetchMsg$31)
[...]
1001c2b9  ti_sysbios_knl_Clock_destruct                                             
1001c2bd  ti_sysbios_knl_Clock_removeI__E                                           
1001c2c1  ti_sysbios_knl_Clock_setTimeout__E                                        
1001c2c5  ti_sysbios_knl_Mailbox_delete                                             
1001c2c9  ti_sysbios_knl_Mailbox_destruct                                           
1001c2cd  ti_sysbios_knl_Queue_delete                                               
1001c2d1  ti_sysbios_knl_Queue_destruct                                             
1001c2d5  ti_sysbios_knl_Queue_head__E                                              
1001c2d9  ti_sysbios_knl_Queue_next__E                                              
1001c2dd  ti_sysbios_knl_Semaphore_delete                                           
1001c2e1  ti_sysbios_knl_Semaphore_destruct                                         
1001c2e5  ti_sysbios_knl_Swi_delete                                                 
1001c2e9  ti_sysbios_knl_Swi_destruct                                               
1001c2ed  ti_sysbios_knl_Swi_postInit__I                                            
1001c2f1  ti_sysbios_knl_Task_SupportProxy_Module__startupDone__S                   
1001c2f5  ti_sysbios_knl_Task_SupportProxy_getStackAlignment__E                     
1001c2f9  ti_sysbios_knl_Task_SupportProxy_start__E                                 
1001c2fd  ti_sysbios_knl_Task_SupportProxy_swap__E                                  
1001c301  ti_sysbios_knl_Task_delete                                                
1001c305  ti_sysbios_knl_Task_destruct                                              
1001c309  ti_sysbios_knl_Task_startup__E                                            
1001c30d  xdc_runtime_Startup_startMods__I                                          
1001c405  xdc_runtime_Core_createObject__I                                          
1001c487  xdc_runtime_Error_policySpin__E                                           
1001c489  xdc_runtime_Memory_alloc__E                                               
1001c4f9  xdc_runtime_Core_deleteObject__I                                          
1001c559  xdc_runtime_Startup_exec__E                                               
1001c5a9  xdc_runtime_Assert_raise__I                                               
1001c5f1  xdc_runtime_Core_assignParams__I                                          
1001c639  xdc_runtime_Core_constructObject__I                                       
1001c681  xdc_runtime_System_atexit__E                                              
1001c6b9  xdc_runtime_System_processAtExit__E                                       
1001c6ed  xdc_runtime_Core_assignLabel__I                                           
1001c71d  xdc_runtime_Text_cordText__E                                              
1001c749  xdc_runtime_System_abort__E                                               
1001c769  xdc_runtime_Error_raiseX__E                                               
1001c785  xdc_runtime_Memory_valloc__E                                              
1001c7a1  xdc_runtime_Core_destructObject__I                                        
1001c7b9  xdc_runtime_Error_check__E                                                
1001c7d1  xdc_runtime_System_exit__E                                                
1001c7e9  xdc_runtime_Text_ropeText__E                                              
1001c801  xdc_runtime_Memory_free__E                                                
1001c811  xdc_runtime_SysCallback_abort__E                                          
1001c821  xdc_runtime_SysCallback_exit__E                                           
1001c831  xdc_runtime_Timestamp_SupportProxy_get32__E                               
1001c831  xdc_runtime_Timestamp_get32__E                                            
1001c841  xdc_runtime_Error_init__E                                                 
1001c84d  xdc_runtime_Memory_calloc__E                                              
1001c859  xdc_runtime_Memory_getMaxDefaultTypeAlign__E                              
1001c879  xdc_runtime_Gate_leaveSystem__E                                           
1001c87f  xdc_runtime_System_Module_startup__E                                      
1001c885  xdc_runtime_Gate_enterSystem__E                                           
1001c889  xdc_runtime_Memory_HeapProxy_alloc__E                                     
1001c88d  xdc_runtime_Memory_HeapProxy_free__E                                      
1001c891  xdc_runtime_System_Module_GateProxy_enter__E                              
1001c895  xdc_runtime_System_Module_GateProxy_leave__E                              
1001c899  xdc_runtime_System_abortSpin__E                                           
1001c89b  xdc_runtime_System_exitSpin__E                                            
1001c89d  ti_sysbios_family_arm_m3_Hwi_dispatch__I                                  
1001c96d  ti_sysbios_family_arm_m3_TaskSupport_buildTaskStack                       
1001c9b9  ti_sysbios_family_arm_m3_Hwi_initStacks__E                                
1001ca01  ti_sysbios_family_arm_m3_Hwi_excHandlerAsm__I                             
1001ca21  ti_sysbios_family_xxx_Hwi_switchAndRunFunc                                
1001ca3f  ti_sysbios_family_arm_m3_Hwi_pendSV__I                                    
1001ca57  ti_sysbios_family_arm_m3_Hwi_return                                       
1001ca59  ti_sysbios_family_arm_m3_TaskSupport_glue                                 
1001ca69  ti_sysbios_family_arm_m3_TaskSupport_swap__E                              
1001ca71  ti_sysbios_knl_Task_swapReturn                                            
1001ca9b  ti_sysbios_rom_cortexm_cc26xx_CC26xx_getRevision__E                       
20000000  ti_sysbios_family_arm_m3_Hwi_ramVectors                                   
20000100  ti_sysbios_knl_Task_Module__state__V                                      
20000144  ti_sysbios_family_arm_m3_Hwi_Module__state__V                             
20000178  ti_sysbios_knl_Clock_Module__state__V                                     
200001a4  ti_sysbios_BIOS_Module__state__V                                          
200001c8  ti_sysbios_knl_Swi_Module__state__V                                       
200001e4  ti_sysbios_family_arm_cc26xx_Timer_Module__state__V                       
200001ec  ti_sysbios_family_arm_cc26xx_TimestampProvider_Module__state__V           
200001f0  xdc_runtime_Startup_Module__state__V                                      
200001f8  xdc_runtime_System_Module__state__V                                       
20000200  xdc_runtime_Memory_Module__state__V                                       
20000520  gapProfileState                                                           
20000521  selfEntityMain                                                            
20000528  sem                                                                       
2000052c  hGpioPin                                                                  
20000548  pinGpioState                                                              
200008d8  linkDBNumConns                                                            
200009ec  gapRoleTask                                                               
20000a3c  gapRoleTaskStack                                                          
20001814  PowerCC26XX_module                                                        
20001924  ICall_dispatcher                                                          
2000192c  ICall_enterCriticalSection                                                
20001930  ICall_leaveCriticalSection                                                
20001948  HEAPMGR_SIZE                                                              
20001f38  rfRegTbl                                                                  
20001fd4  ti_sysbios_knl_Task_Object__table__V                                      
20002020  ti_sysbios_family_arm_cc26xx_Timer_Object__table__V                       
20002068  ti_sysbios_gates_GateMutex_Object__table__V                               
20002104  ti_sysbios_knl_Swi_Module_State_0_readyQ__A                               
20002134  ti_sysbios_knl_Swi_Object__table__V                                       
20002164  ti_sysbios_knl_Task_Module_State_0_readyQ__A                              
20002194  user0Cfg                                                                  
2000221c  ti_sysbios_knl_Clock_Object__table__V                                     
2000223c  ti_sysbios_family_arm_m3_Hwi_Object__table__V                             
20002254  ti_sysbios_heaps_HeapMem_Object__table__V                                 
2000227c  __TI_cleanup_ptr                                                          
20002280  __TI_dtors_ptr                                                            
20002284  __TI_enable_exit_profile_output                                           
20002288  lastAppOpcodeSent                                                         
2000228c  pfnBMAlloc                                                                
20002290  pfnBMFree                                                                 
200022b0  _lock                                                                     
200022b4  _unlock                                                                   
200022c0  ti_sysbios_family_arm_m3_Hwi_Module__root__V                              
200022c8  ti_sysbios_gates_GateHwi_Module__root__V                                  
200022d0  ti_sysbios_gates_GateMutex_Module__root__V                                
200022d8  ti_sysbios_hal_Hwi_Module__root__V                                        
200022e0  ti_sysbios_heaps_HeapMem_Module__root__V                                  
200022e8  ti_sysbios_knl_Clock_Module__root__V                                      
200022f0  ti_sysbios_knl_Mailbox_Module__root__V                                    
200022f8  ti_sysbios_knl_Queue_Module__root__V                                      
20002300  ti_sysbios_knl_Semaphore_Module__root__V                                  
20002308  ti_sysbios_knl_Swi_Module__root__V                                        
20002310  ti_sysbios_knl_Task_Module__root__V                                       
20002320  appAssertCback                                                            
20002324  main_func_sp                                                              
2000232c  ti_sysbios_family_arm_m3_Hwi_Module_State_0_excContext__A                 
20002330  ti_sysbios_family_arm_m3_Hwi_Module_State_0_excStack__A                   
20002334  ti_sysbios_knl_Task_Module_State_0_idleTask__A                            
2000234a  ti_sysbios_family_arm_m3_Hwi_Module_State_0_excActive__A                  
20002350  ti_sysbios_heaps_HeapMem_Instance_State_0_buf__A                          
200029d0  ti_sysbios_knl_Task_Instance_State_0_stack__A                             
20002bd0  spiCC26XXDMAObjects                                                       
20002d88  PIN_NumPins                                                               
20002e1c  PIN_HandleTable                                                           
20002e98  i2cCC26xxObjects                                                          
20002f78  ti_sysbios_family_arm_m3_Hwi_dispatchTable                                
200030b8  udmaObjects                                                               
20003124  trngCC26XXObjects                                                         
2000312d  driverlib_release_0_46593                                                 
2000312e  heapStart                                                                 
20004050  __stack                                                                   
20004050  heapEnd                                                                   
20004450  __STACK_END                                                               
20004450  __STACK_TOP                                                               
20004f2c  A4_rw                                                                     
20004f2c  COMMON_RAM_BASE_ADDR                                                      
20004f40  P2_rw                                                                     
20004f40  P2_s0                                                                     
20004f40  eccRom_windowSize                                                         
20004f44  eccRom_workzone                                                           
20004f48  eccRom_param_p                                                            
20004f4c  eccRom_param_r                                                            
20004f50  eccRom_param_a                                                            
20004f54  inScalar                                                                  
20004f58  inPointX                                                                  
20004f5c  inPointY                                                                  
20004f60  outPointX                                                                 
20004f64  outPointY                                                                 
20004f68  SCAL                                                                      
20004f6c  EXPX                                                                      
20004f70  EXPY                                                                      
20004f74  EXPZ                                                                      
20004f78  EXPW                                                                      
20004f7c  ACCX                                                                      
20004f80  ACCY                                                                      
20004f84  ACCZ                                                                      
20004f88  TMP1                                                                      
20004f8c  TMP2                                                                      
20004f90  TMP3                                                                      
20004f94  TMP4                                                                      
20004f98  TMP5                                                                      
20004f9c  TMP6                                                                      
20004fa0  eccRom_param_Gx                                                           
20004fa4  eccRom_param_Gy                                                           
20004fa8  eccRom_param_b                                                            
20004fac  P2_zi                                                                     
20004fac  ratChanInfo                                                               
20004fcc  fwInfoCmd                                                                 
20004fd8  MSBMOD                                                                    
20004fdc  aux64                                                                     
20004fe4  MOD                                                                       
20004fe8  LEN                                                                       
20004ffc  pSspAesEncrypt_Sw                                                         
e000e000  ti_sysbios_family_arm_m3_Hwi_nvic                                         
ffffffff  __TI_pprof_out_hndl                                                       
ffffffff  __TI_prof_data_size                                                       
ffffffff  __TI_prof_data_start                                                      
ffffffff  __binit__                                                                 
ffffffff  __c_args__                                                                
ffffffff  binit                                                                     
UNDEFED   HwiP_restore                                                              
UNDEFED   SHT$$INIT_ARRAY$$Base                                                     
UNDEFED   SHT$$INIT_ARRAY$$Limit                                                    
UNDEFED   ti_sysbios_BIOS_RtsGateProxy_Handle__label__S__mangled__                  
UNDEFED   ti_sysbios_BIOS_RtsGateProxy_Object__delete__S__mangled__                 
UNDEFED   ti_sysbios_BIOS_RtsGateProxy_Params__init__S__mangled__                   
UNDEFED   ti_sysbios_BIOS_RtsGateProxy_query__E__mangled__                          
UNDEFED   ti_sysbios_hal_Hwi_HwiProxy_Module__startupDone__S__mangled__             
UNDEFED   ti_sysbios_hal_Hwi_HwiProxy_Object__delete__S__mangled__                  
UNDEFED   ti_sysbios_hal_Hwi_HwiProxy_Params__init__S__mangled__                    
UNDEFED   ti_sysbios_hal_Hwi_HwiProxy_disableInterrupt__E__mangled__                
UNDEFED   ti_sysbios_hal_Hwi_HwiProxy_enableInterrupt__E__mangled__                 
UNDEFED   ti_sysbios_hal_Hwi_HwiProxy_getStackInfo__E__mangled__                    
UNDEFED   ti_sysbios_hal_Hwi_HwiProxy_startup__E__mangled__                         
UNDEFED   ti_sysbios_hal_Hwi_HwiProxy_switchFromBootStack__E__mangled__             
UNDEFED   ti_sysbios_hal_Hwi_disableInterrupt__E                                    
UNDEFED   ti_sysbios_hal_Hwi_enableInterrupt__E                                     
UNDEFED   ti_sysbios_hal_Hwi_getStackInfo__E                                        
UNDEFED   ti_sysbios_hal_Hwi_startup__E                                             
UNDEFED   ti_sysbios_hal_Hwi_switchFromBootStack__E                                 
UNDEFED   ti_sysbios_heaps_HeapMem_Module_GateProxy_Handle__label__S__mangled__     
UNDEFED   ti_sysbios_heaps_HeapMem_Module_GateProxy_Object__delete__S__mangled__    
UNDEFED   ti_sysbios_heaps_HeapMem_Module_GateProxy_Params__init__S__mangled__      
UNDEFED   ti_sysbios_heaps_HeapMem_Module_GateProxy_query__E__mangled__             
UNDEFED   ti_sysbios_knl_Clock_TimerProxy_Module__startupDone__S__mangled__         
UNDEFED   ti_sysbios_knl_Clock_TimerProxy_startup__E__mangled__                     
UNDEFED   ti_sysbios_knl_Task_SupportProxy_Module__startupDone__S__mangled__        
UNDEFED   ti_sysbios_knl_Task_SupportProxy_getStackAlignment__E__mangled__          
UNDEFED   ti_sysbios_knl_Task_SupportProxy_start__E__mangled__                      
UNDEFED   ti_sysbios_knl_Task_SupportProxy_swap__E__mangled__                       
UNDEFED   xdc_runtime_Main_Module_GateProxy_Handle__label__S                        
UNDEFED   xdc_runtime_Main_Module_GateProxy_Object__delete__S                       
UNDEFED   xdc_runtime_Main_Module_GateProxy_query__E                                
UNDEFED   xdc_runtime_Memory_HeapProxy_Handle__label__S__mangled__                  
UNDEFED   xdc_runtime_Memory_HeapProxy_Object__delete__S__mangled__                 
UNDEFED   xdc_runtime_System_Module_GateProxy_Handle__label__S__mangled__           
UNDEFED   xdc_runtime_System_Module_GateProxy_Object__delete__S__mangled__          
UNDEFED   xdc_runtime_System_Module_GateProxy_query__E__mangled__                   
UNDEFED   xdc_runtime_System_SupportProxy_abort__E                                  
UNDEFED   xdc_runtime_System_SupportProxy_exit__E                                   
UNDEFED   xdc_runtime_Timestamp_SupportProxy_get64__E__mangled__                    
UNDEFED   xdc_runtime_Timestamp_SupportProxy_getFreq__E__mangled__                  
UNDEFED   xdc_runtime_Timestamp_get32__E                                            
UNDEFED   xdc_runtime_Timestamp_get64__E                                            
UNDEFED   xdc_runtime_Timestamp_getFreq__E                                          

[1220 symbols]
