******************************************************************************
                  TI ARM Linker Unix v15.12.3                  
******************************************************************************
>> Linked Mon Nov  7 14:41:46 2016

OUTPUT FILE NAME:   <sensortag_cc2650stk_stack_base.out>
ENTRY POINT SYMBOL: "startup_entry"  address: 00011001


MEMORY CONFIGURATION

         name            origin    length      used     unused   attr    fill
----------------------  --------  ---------  --------  --------  ----  --------
  FLASH                 00000000   0001f000  0000dacb  00011535  R  X
  SRAM                  20000000   000048e7  000004b8  0000442f  RW X


SEGMENT ALLOCATION MAP

run origin  load origin   length   init length attrs members
----------  ----------- ---------- ----------- ----- -------
00011000    00011000    0000dacb   0000dacb    r-x
  00011000    00011000    0000004c   0000004c    r-x EntrySection
  0001104c    0001104c    0000cf74   0000cf74    r-x .text
  0001dfc0    0001dfc0    000006f4   000006f4    r-- .const
  0001e6b4    0001e6b4    0000006e   0000006e    r-- .rodata
  0001e728    0001e728    000003a3   000003a3    r-- .cinit
20004428    20004428    000004bc   00000000    rw-
  20004428    20004428    00000144   00000000    rw- .bss
  20004570    20004570    00000374   00000000    rw- .data


SECTION ALLOCATION MAP

 output                                  attributes/
section   page    origin      length       input sections
--------  ----  ----------  ----------   ----------------
EntrySection 
*          0    00011000    0000004c     
                  00011000    0000002c     icall_startup.obj (EntrySection)
                  0001102c    00000008     rtsv7M3_T_le_eabi.lib : autoinit.obj (.tramp.__TI_auto_init.1)
                  00011034    00000008     <whole-program> (.tramp.CommonROM_Init.1)
                  0001103c    00000008     <whole-program> (.tramp.ROM_Init.1)
                  00011044    00000008     <whole-program> (.tramp.stack_main.1)

.text      0    0001104c    0000cf74     
                  0001104c    000001ec     host_pxxx.a : att_server.o (.text)
                  00011238    000005cc                 : att_util.o (.text)
                  00011804    00000348                 : gap_configmgr.o (.text)
                  00011b4c    000000b0                 : gap_devmgr.o (.text)
                  00011bfc    000009b8                 : gap_linkmgr.o (.text)
                  000125b4    00000624                 : gap_peridevmgr.o (.text)
                  00012bd8    00000110                 : gap_perilinkmgr.o (.text)
                  00012ce8    000002ec                 : gap_task.o (.text)
                  00012fd4    0000032c                 : gapgattserver.o (.text)
                  00013300    00000b16                 : gatt_server.o (.text)
                  00013e16    00000002     rtsv7M3_T_le_eabi.lib : startup.obj (.text)
                  00013e18    000002f6     host_pxxx.a : gatt_task.o (.text)
                  0001410e    00000002     --HOLE-- [fill = 0]
                  00014110    0000013e                 : gatt_uuid.o (.text)
                  0001424e    00000002     --HOLE-- [fill = 0]
                  00014250    00000fcc                 : gattservapp.o (.text)
                  0001521c    0000017e                 : l2cap_if.o (.text)
                  0001539a    00000002     --HOLE-- [fill = 0]
                  0001539c    000002b0                 : l2cap_task.o (.text)
                  0001564c    0000068c                 : l2cap_util.o (.text)
                  00015cd8    000002ec                 : linkdb.o (.text)
                  00015fc4    000006a0                 : sm_mgr.o (.text)
                  00016664    000007e4                 : sm_pairing.o (.text)
                  00016e48    00000570                 : sm_rsppairing.o (.text)
                  000173b8    000000e8                 : sm_task.o (.text)
                  000174a0    0000039c                 : smp.o (.text)
                  0001783c    000004f4     cc2640_ctrl_pxxx.a : ble_patch.o (.text)
                  00017d30    000000a8                        : hci_data_patch.o (.text)
                  00017dd8    0000052c                        : hci_event_patch.o (.text)
                  00018304    00000308                        : hci_patch.o (.text)
                  0001860c    00000428                        : ll_adv_end_causes_patch.o (.text)
                  00018a34    00000c08                        : ll_common_patch.o (.text)
                  0001963c    0000014c                        : ll_enc_patch.o (.text)
                  00019788    0000171c                        : ll_patch.o (.text)
                  0001aea4    00000010                        : ll_rat_patch.o (.text)
                  0001aeb4    000001a8                        : ll_scheduler_patch.o (.text)
                  0001b05c    000006fe                        : ll_slave_end_causes_patch.o (.text)
                  0001b75a    00000002     --HOLE-- [fill = 0]
                  0001b75c    00000046                        : ll_sleep.o (.text)
                  0001b7a2    000000ae                        : ll_wl_patch.o (.text)
                  0001b850    000003c8                        : ll_isr.o (.text)
                  0001bc18    000000a8     cc26xx_hci_tl_none.a : hci_tl.o (.text)
                  0001bcc0    00000070     rtsv7M3_T_le_eabi.lib : autoinit.obj (.text)
                  0001bd30    00000018                           : ll_mul_t2.obj (.text)
                  0001bd48    0000009c                           : memcpy_t2.obj (.text)
                  0001bde4    0000007a                           : memset_t2.obj (.text)
                  0001be5e    000001f4                           : ull_div_t2.obj (.text)
                  0001c052    0000000c     driverlib.lib : cpu.obj (.text:NOROM_CPUcpsie)
                  0001c05e    0000000c                   : cpu.obj (.text:NOROM_CPUcpsid)
                  0001c06a    00000002     --HOLE-- [fill = 0]
                  0001c06c    000002c8     osal_timers.obj (.text)
                  0001c334    00000034     hal_assert.obj (.text)
                  0001c368    00000094     rom_jt.obj (.text)
                  0001c3fc    00000024     driverlib.lib : trng.obj (.text:NOROM_TRNGConfigure)
                  0001c420    00000060     hal_trng_wrapper.obj (.text)
                  0001c480    00000068     driverlib.lib : interrupt.obj (.text:NOROM_IntDisable)
                  0001c4e8    0000005c                   : interrupt.obj (.text:NOROM_IntEnable)
                  0001c544    00000012     onboard.obj (.text)
                  0001c556    00000002     --HOLE-- [fill = 0]
                  0001c558    000000d0     osal_bufmgr.obj (.text)
                  0001c628    00000760     osal.obj (.text)
                  0001cd88    0000019c     osal_cbtimer.obj (.text)
                  0001cf24    000008a8     ble_dispatch.obj (.text)
                  0001d7cc    0000000a     osal_snv_wrapper.obj (.text)
                  0001d7d6    00000040     gap.obj (.text)
                  0001d816    00000002     --HOLE-- [fill = 0]
                  0001d818    000000a0     osal_pwrmgr.obj (.text)
                  0001d8b8    00000068     osal_clock.obj (.text)
                  0001d920    00000048     osal_memory_icall.obj (.text)
                  0001d968    0000006c     ble_user_config.obj (.text)
                  0001d9d4    00000110     osal_icall_ble.obj (.text)
                  0001dae4    00000014     rtsv7M3_T_le_eabi.lib : strlen.obj (.text)
                  0001daf8    0000004c                           : cpy_tbl.obj (.text)
                  0001db44    0000006a                           : copy_decompress_rle.obj (.text)
                  0001dbae    00000006                           : copy_decompress_rle.obj (.text:decompress:rle24)
                  0001dbb4    0000000e                           : copy_decompress_none.obj (.text:decompress:none)
                  0001dbc2    00000002     --HOLE-- [fill = 0]
                  0001dbc4    00000064     gattservapp_util.obj (.text)
                  0001dc28    00000008     ble_rom_patch.symbols (.tramp.HCI_ReadBDADDRCmd.1)
                  0001dc30    00000008     ble_rom_patch.symbols (.tramp.HCI_LE_SetRandomAddressCmd.1)
                  0001dc38    00000008     ble_rom_patch.symbols (.tramp.LL_ReadBDADDR.1)
                  0001dc40    00000008     ble_rom_patch.symbols (.tramp.HCI_DisconnectCmd.1)
                  0001dc48    00000008     ble_rom_patch.symbols (.tramp.HCI_LE_SetAdvDataCmd.1)
                  0001dc50    00000008     ble_rom_patch.symbols (.tramp.HCI_LE_SetScanRspDataCmd.1)
                  0001dc58    00000008     ble_rom_patch.symbols (.tramp.HCI_LE_SetAdvEnableCmd.1)
                  0001dc60    00000008     ble_rom_patch.symbols (.tramp.HCI_LE_SetAdvParamCmd.1)
                  0001dc68    00000008     ble_rom_patch.symbols (.tramp.HCI_SetControllerToHostFlowCtrlCmd.1)
                  0001dc70    00000008     ble_rom_patch.symbols (.tramp.HCI_HostBufferSizeCmd.1)
                  0001dc78    00000008     ble_rom_patch.symbols (.tramp.HCI_HostNumCompletedPktCmd.1)
                  0001dc80    00000008     ble_rom_patch.symbols (.tramp.HCI_SendDataPkt.1)
                  0001dc88    00000008     ble_rom_patch.symbols (.tramp.HCI_bm_alloc.1)
                  0001dc90    00000008     ble_rom_patch.symbols (.tramp.LL_Encrypt.1)
                  0001dc98    00000008     ble_rom_patch.symbols (.tramp.HCI_LE_LtkReqReplyCmd.1)
                  0001dca0    00000008     ble_rom_patch.symbols (.tramp.HCI_LE_LtkReqNegReplyCmd.1)
                  0001dca8    00000008     ble_rom_patch.symbols (.tramp.llMemCopySrc.1)
                  0001dcb0    00000008     ble_rom_patch.symbols (.tramp.LL_ENC_ReverseBytes.1)
                  0001dcb8    00000008     ble_rom_patch.symbols (.tramp.LL_ENC_GenDeviceSKD.1)
                  0001dcc0    00000008     ble_rom_patch.symbols (.tramp.LL_ENC_GenDeviceIV.1)
                  0001dcc8    00000008     ble_rom_patch.symbols (.tramp.llEnqueueCtrlPkt.1)
                  0001dcd0    00000008     ble_rom_patch.symbols (.tramp.llSetupUnknownRsp.1)
                  0001dcd8    00000008     ble_rom_patch.symbols (.tramp.LL_RX_bm_alloc.1)
                  0001dce0    00000008     ble_rom_patch.symbols (.tramp.llPatchCM0.1)
                  0001dce8    00000008     ble_rom_patch.symbols (.tramp.RFHAL_AllocRatChan.1)
                  0001dcf0    00000008     ble_rom_patch.symbols (.tramp.RFHAL_RegisterRatChanCallback.1)
                  0001dcf8    00000008     ble_rom_patch.symbols (.tramp.LL_CtrlToHostFlowControl.1)
                  0001dd00    00000008     ble_rom_patch.symbols (.tramp.HCI_SendCommandCompleteEvent.1)
                  0001dd08    00000008     ble_rom_patch.symbols (.tramp.HCI_CommandCompleteEvent.1)
                  0001dd10    00000008     ble_rom_patch.symbols (.tramp.HCI_CommandStatusEvent.1)
                  0001dd18    00000008     ble_rom_patch.symbols (.tramp.LL_EXT_ResetSystem.1)
                  0001dd20    00000008     ble_rom_patch.symbols (.tramp.LL_ReadLocalVersionInfo.1)
                  0001dd28    00000008     ble_rom_patch.symbols (.tramp.llFreeTask.1)
                  0001dd30    00000008     ble_rom_patch.symbols (.tramp.LL_ENC_GeneratePseudoRandNum.1)
                  0001dd38    00000008     ble_rom_patch.symbols (.tramp.llScheduler.1)
                  0001dd40    00000008     ble_rom_patch.symbols (.tramp.llConvertLstoToEvent.1)
                  0001dd48    00000008     ble_rom_patch.symbols (.tramp.llConvertCtrlProcTimeoutToEvent.1)
                  0001dd50    00000008     ble_rom_patch.symbols (.tramp.llCalcScaFactor.1)
                  0001dd58    00000008     ble_rom_patch.symbols (.tramp.llConnTerminate.1)
                  0001dd60    00000008     ble_rom_patch.symbols (.tramp.RFHAL_InitDataQueue.1)
                  0001dd68    00000008     ble_rom_patch.symbols (.tramp.llEventDelta.1)
                  0001dd70    00000008     ble_rom_patch.symbols (.tramp.LL_TX_bm_alloc.1)
                  0001dd78    00000008     ble_rom_patch.symbols (.tramp.RFHAL_FreeNextTxDataEntry.1)
                  0001dd80    00000008     ble_rom_patch.symbols (.tramp.RFHAL_GetNextDataEntry.1)
                  0001dd88    00000008     ble_rom_patch.symbols (.tramp.RFHAL_GetTempDataEntry.1)
                  0001dd90    00000008     ble_rom_patch.symbols (.tramp.llReleaseConnId.1)
                  0001dd98    00000008     ble_rom_patch.symbols (.tramp.llTimeCompare.1)
                  0001dda0    00000008     ble_rom_patch.symbols (.tramp.HCI_HardwareErrorEvent.1)
                  0001dda8    00000008     ble_rom_patch.symbols (.tramp.llGetCurrentTask.1)
                  0001ddb0    00000008     ble_rom_patch.symbols (.tramp.llTimeDelta.1)
                  0001ddb8    00000008     ble_rom_patch.symbols (.tramp.llSetupRejectInd.1)
                  0001ddc0    00000008     ble_rom_patch.symbols (.tramp.LL_ENC_Init.1)
                  0001ddc8    00000008     ble_rom_patch.symbols (.tramp.LL_ENC_LoadKey.1)
                  0001ddd0    00000008     ble_rom_patch.symbols (.tramp.LL_ENC_GenerateNonce.1)
                  0001ddd8    00000008     ble_rom_patch.symbols (.tramp.LL_ENC_EncryptMsg.1)
                  0001dde0    00000008     ble_rom_patch.symbols (.tramp.LL_ENC_DecryptMsg.1)
                  0001dde8    00000008     ble_rom_patch.symbols (.tramp.LL_ENC_GenerateTrueRandNum.1)
                  0001ddf0    00000008     ble_rom_patch.symbols (.tramp.WL_Init.1)
                  0001ddf8    00000008     ble_rom_patch.symbols (.tramp.LL_ClearWhiteList.1)
                  0001de00    00000008     ble_rom_patch.symbols (.tramp.llReleaseAllConnId.1)
                  0001de08    00000008     ble_rom_patch.symbols (.tramp.LL_ConnActive.1)
                  0001de10    00000008     ble_rom_patch.symbols (.tramp.HCI_DataBufferOverflowEvent.1)
                  0001de18    00000008     ble_rom_patch.symbols (.tramp.LL_DirectTestEndDoneCback.1)
                  0001de20    00000008     ble_rom_patch.symbols (.tramp.llGetActiveTasks.1)
                  0001de28    00000008     ble_rom_patch.symbols (.tramp.llSetupAdv.1)
                  0001de30    00000008     ble_rom_patch.symbols (.tramp.llGetNumTasks.1)
                  0001de38    00000008     ble_rom_patch.symbols (.tramp.llCheckForLstoDuringSL.1)
                  0001de40    00000008     ble_rom_patch.symbols (.tramp.llEventInRange.1)
                  0001de48    00000008     ble_rom_patch.symbols (.tramp.LL_EncLtkReqCback.1)
                  0001de50    00000008     ble_rom_patch.symbols (.tramp.llSetupEncRsp.1)
                  0001de58    00000008     ble_rom_patch.symbols (.tramp.LL_ENC_AES128_Encrypt.1)
                  0001de60    00000008     ble_rom_patch.symbols (.tramp.LL_EncKeyRefreshCback.1)
                  0001de68    00000008     ble_rom_patch.symbols (.tramp.LL_EncChangeCback.1)
                  0001de70    00000008     ble_rom_patch.symbols (.tramp.llSetupStartEncRsp.1)
                  0001de78    00000008     ble_rom_patch.symbols (.tramp.llSetupPauseEncRsp.1)
                  0001de80    00000008     ble_rom_patch.symbols (.tramp.LL_ReadRemoteVersionInfoCback.1)
                  0001de88    00000008     ble_rom_patch.symbols (.tramp.llSetupVersionIndReq.1)
                  0001de90    00000008     ble_rom_patch.symbols (.tramp.llMoveTempTxDataEntries.1)
                  0001de98    00000008     ble_rom_patch.symbols (.tramp.WL_ClearEntry.1)
                  0001dea0    00000008     ble_rom_patch.symbols (.tramp.RFHAL_NextDataEntryDone.1)
                  0001dea8    00000008     ble_rom_patch.symbols (.tramp.LL_PseudoRand.1)
                  0001deb0    00000008     ble_rom_patch.symbols (.tramp.HCI_EXT_NumComplPktsLimitCmd.1)
                  0001deb8    00000008     ble_rom_patch.symbols (.tramp.HCI_EXT_BuildRevisionCmd.1)
                  0001dec0    00000008     ble_rom_patch.symbols (.tramp.HCI_EXT_SetSlaveLatencyOverrideCmd.1)
                  0001dec8    00000008     ble_rom_patch.symbols (.tramp.HCI_EXT_AdvEventNoticeCmd.1)
                  0001ded0    00000008     ble_rom_patch.symbols (.tramp.HCI_EXT_PERbyChanCmd.1)
                  0001ded8    00000008     ble_rom_patch.symbols (.tramp.HCI_EXT_PacketErrorRateCmd.1)
                  0001dee0    00000008     ble_rom_patch.symbols (.tramp.HCI_EXT_DisconnectImmedCmd.1)
                  0001dee8    00000008     ble_rom_patch.symbols (.tramp.HCI_EXT_SetMaxDtmTxPowerCmd.1)
                  0001def0    00000008     ble_rom_patch.symbols (.tramp.HCI_EXT_EnablePTMCmd.1)
                  0001def8    00000008     ble_rom_patch.symbols (.tramp.HCI_EXT_SetSCACmd.1)
                  0001df00    00000008     ble_rom_patch.symbols (.tramp.HCI_EXT_SetBDADDRCmd.1)
                  0001df08    00000008     ble_rom_patch.symbols (.tramp.HCI_EXT_EndModemTestCmd.1)
                  0001df10    00000008     ble_rom_patch.symbols (.tramp.HCI_EXT_ModemTestRxCmd.1)
                  0001df18    00000008     ble_rom_patch.symbols (.tramp.HCI_EXT_ModemHopTestTxCmd.1)
                  0001df20    00000008     ble_rom_patch.symbols (.tramp.HCI_EXT_ModemTestTxCmd.1)
                  0001df28    00000008     ble_rom_patch.symbols (.tramp.HCI_EXT_SetFastTxResponseTimeCmd.1)
                  0001df30    00000008     ble_rom_patch.symbols (.tramp.HCI_EXT_SetLocalSupportedFeaturesCmd.1)
                  0001df38    00000008     ble_rom_patch.symbols (.tramp.HCI_EXT_DecryptCmd.1)
                  0001df40    00000008     ble_rom_patch.symbols (.tramp.HCI_EXT_OnePktPerEvtCmd.1)
                  0001df48    00000008     ble_rom_patch.symbols (.tramp.HCI_EXT_SetTxPowerCmd.1)
                  0001df50    00000008     ble_rom_patch.symbols (.tramp.HCI_LE_TestEndCmd.1)
                  0001df58    00000008     ble_rom_patch.symbols (.tramp.HCI_LE_ReadSupportedStatesCmd.1)
                  0001df60    00000008     ble_rom_patch.symbols (.tramp.HCI_LE_EncryptCmd.1)
                  0001df68    00000008     ble_rom_patch.symbols (.tramp.HCI_LE_ReadChannelMapCmd.1)
                  0001df70    00000008     ble_rom_patch.symbols (.tramp.HCI_LE_RemoveWhiteListCmd.1)
                  0001df78    00000008     ble_rom_patch.symbols (.tramp.HCI_LE_AddWhiteListCmd.1)
                  0001df80    00000008     ble_rom_patch.symbols (.tramp.HCI_LE_ClearWhiteListCmd.1)
                  0001df88    00000008     ble_rom_patch.symbols (.tramp.HCI_LE_ReadWhiteListSizeCmd.1)
                  0001df90    00000008     ble_rom_patch.symbols (.tramp.HCI_LE_ReadAdvChanTxPowerCmd.1)
                  0001df98    00000008     ble_rom_patch.symbols (.tramp.HCI_LE_ReadLocalSupportedFeaturesCmd.1)
                  0001dfa0    00000008     ble_rom_patch.symbols (.tramp.HCI_ReadLocalSupportedFeaturesCmd.1)
                  0001dfa8    00000008     ble_rom_patch.symbols (.tramp.HCI_ReadTransmitPowerLevelCmd.1)
                  0001dfb0    00000008     ble_rom_patch.symbols (.tramp.HCI_SetEventMaskCmd.1)
                  0001dfb8    00000008     ble_rom_patch.symbols (.tramp.HCI_ReadRemoteVersionInfoCmd.1)

.const     0    0001dfc0    000006f4     
                  0001dfc0    00000024     osal_icall_ble.obj (.const:tasksArr)
                  0001dfe4    000006d0     rom_jt.obj (.const:$O3$$)

.constdata 
*          0    0001e6b4    00000000     UNINITIALIZED

.rodata    0    0001e6b4    0000006e     
                  0001e6b4    00000008     host_pxxx.a : gapgattserver.o (.rodata)
                  0001e6bc    00000008                 : gattservapp.o (.rodata)
                  0001e6c4    0000005c     cc2640_ctrl_pxxx.a : ll_config.o (.rodata)
                  0001e720    00000002                        : ll_patch.o (.rodata)

.cinit     0    0001e728    000003a3     
                  0001e728    00000008     (__TI_handler_table)
                  0001e730    00000010     (__TI_cinit_table)
                  0001e740    0000037c     (.cinit..data.load) [load image]
                  0001eabc    00000004     --HOLE-- [fill = 0]
                  0001eac0    0000000b     (.cinit..bss.load) [load image, compression = rle]

.pinit     0    0001eacb    00000000     UNINITIALIZED

.init_array 
*          0    0001eacb    00000000     UNINITIALIZED

.emb_text 
*          0    0001eacb    00000000     UNINITIALIZED

.bss       0    20004428    00000144     UNINITIALIZED
                  20004428    00000004     host_pxxx.a : att_server.o (.bss)
                  2000442c    00000004                 : gap_devmgr.o (.bss)
                  20004430    00000004                 : gap_devmgr.o (.bss)
                  20004434    00000001                 : gap_devmgr.o (.bss)
                  20004435    00000002                 : gatt_task.o (.bss)
                  20004437    00000001                 : l2cap_if.o (.bss)
                  20004438    00000004                 : gap_linkmgr.o (.bss)
                  2000443c    00000004                 : gap_task.o (.bss)
                  20004440    00000004                 : gapgattserver.o (.bss)
                  20004444    00000004                 : gatt_server.o (.bss)
                  20004448    00000008                 : gatt_task.o (.bss)
                  20004450    00000024                 : gattservapp.o (.bss)
                  20004474    00000004                 : gattservapp.o (.bss)
                  20004478    00000030                 : l2cap_task.o (.bss)
                  200044a8    00000001                 : l2cap_util.o (.bss)
                  200044a9    00000001                 : sm_task.o (.bss)
                  200044aa    00000002     cc2640_ctrl_pxxx.a : ll_slave_end_causes_patch.o (.bss)
                  200044ac    00000038     host_pxxx.a : linkdb.o (.bss)
                  200044e4    0000000c                 : sm_pairing.o (.bss)
                  200044f0    00000010     cc2640_ctrl_pxxx.a : hci_event_patch.o (.bss)
                  20004500    00000008                        : ll_patch.o (.bss)
                  20004508    00000001     cc26xx_hci_tl_none.a : hci_tl.o (.bss)
                  20004509    00000001                          : hci_tl.o (.bss)
                  2000450a    00000001                          : hci_tl.o (.bss)
                  2000450b    00000001                          : hci_tl.o (.bss)
                  2000450c    00000001                          : hci_tl.o (.bss)
                  2000450d    00000001                          : hci_tl.o (.bss)
                  2000450e    00000002     --HOLE--
                  20004510    00000004     hal_trng_wrapper.obj (.bss)
                  20004514    0000000c     icall_startup.obj (.bss:$O2$$)
                  20004520    0000000c     osal_timers.obj (.bss:$O9$$)
                  2000452c    0000003c     ble_dispatch.obj (.bss:$O10$$)
                  20004568    00000004     (.common:tasksEvents)

.data      0    20004570    00000374     UNINITIALIZED
                  20004570    0000002c     host_pxxx.a : gap_configmgr.o (.data)
                  2000459c    00000050                 : gap_configmgr.o (.data)
                  200045ec    0000001c                 : gap_linkmgr.o (.data)
                  20004608    0000001c                 : gap_peridevmgr.o (.data)
                  20004624    00000004                 : gap_perilinkmgr.o (.data)
                  20004628    0000000c                 : gap_task.o (.data)
                  20004634    00000001                 : gapgattserver.o (.data)
                  20004635    00000001                 : gapgattserver.o (.data)
                  20004636    00000001                 : gapgattserver.o (.data)
                  20004637    00000001                 : gatt_server.o (.data)
                  20004638    00000024                 : gapgattserver.o (.data)
                  2000465c    00000070                 : gapgattserver.o (.data)
                  200046cc    00000008                 : gatt_server.o (.data)
                  200046d4    00000001                 : gatt_task.o (.data)
                  200046d5    00000001                 : gattservapp.o (.data)
                  200046d6    00000002                 : l2cap_task.o (.data)
                  200046d8    00000010                 : gattservapp.o (.data)
                  200046e8    00000008                 : l2cap_task.o (.data)
                  200046f0    00000010                 : sm_rsppairing.o (.data)
                  20004700    0000000c     cc2640_ctrl_pxxx.a : ll_common_patch.o (.data)
                  2000470c    00000020                        : ll_config.o (.data)
                  2000472c    00000004     osal_bufmgr.obj (.data)
                  20004730    000000f8     cc2640_ctrl_pxxx.a : ll_patch.o (.data)
                  20004828    0000002c     osal.obj (.data:$O5$$)
                  20004854    0000007c     osal_cbtimer.obj (.data:$O6$$)
                  200048d0    00000008     osal_clock.obj (.data:$O7$$)
                  200048d8    00000004     osal_pwrmgr.obj (.data:$O8$$)
                  200048dc    00000008     hal_assert.obj (.data:$O12$$)

MODULE SUMMARY

       Module                        code    ro data   rw data
       ------                        ----    -------   -------
    ./HAL/Common/
       hal_assert.obj                52      0         8      
    +--+-----------------------------+-------+---------+---------+
       Total:                        52      0         8      
                                                              
    ./HAL/Target/CC2650/Drivers/
       hal_trng_wrapper.obj          96      0         4      
    +--+-----------------------------+-------+---------+---------+
       Total:                        96      0         4      
                                                              
    ./ICallBLE/
       ble_dispatch.obj              2216    0         60     
    +--+-----------------------------+-------+---------+---------+
       Total:                        2216    0         60     
                                                              
    ./OSAL/
       osal.obj                      1888    0         44     
       osal_timers.obj               712     0         12     
       osal_cbtimer.obj              412     0         124    
       osal_bufmgr.obj               208     0         4      
       osal_pwrmgr.obj               160     0         4      
       osal_clock.obj                104     0         8      
       osal_memory_icall.obj         72      0         0      
       osal_snv_wrapper.obj          10      0         0      
    +--+-----------------------------+-------+---------+---------+
       Total:                        3566    0         196    
                                                              
    ./PROFILES/
       gattservapp_util.obj          100     0         0      
       gap.obj                       64      0         0      
    +--+-----------------------------+-------+---------+---------+
       Total:                        164     0         0      
                                                              
    ./Startup/
       rom_jt.obj                    148     1744      0      
       osal_icall_ble.obj            272     36        0      
       ble_user_config.obj           108     0         0      
       icall_startup.obj             44      0         12     
    +--+-----------------------------+-------+---------+---------+
       Total:                        572     1780      12     
                                                              
    ./TOOLS/
       onboard.obj                   18      0         0      
    +--+-----------------------------+-------+---------+---------+
       Total:                        18      0         0      
                                                              
    /home/data/remi/.wine_installs/win64/drive_c/ti/simplelink/ble_sdk_2_02_01_18/src/rom/ble_rom_releases/04242014/
       ble_rom_patch.symbols         920     0         0      
    +--+-----------------------------+-------+---------+---------+
       Total:                        920     0         0      
                                                              
    /tmp/
       20957qdAhog                   24      0         4      
    +--+-----------------------------+-------+---------+---------+
       Total:                        24      0         4      
                                                              
    /home/data/remi/.wine_installs/win64/drive_c/ti/simplelink/ble_sdk_2_02_01_18/blelib/ctrl/cc2640/cc2640_ctrl_pxxx.a
       ll_patch.o                    5916    2         256    
       ll_common_patch.o             3080    0         12     
       ll_slave_end_causes_patch.o   1790    0         2      
       hci_event_patch.o             1324    0         16     
       ble_patch.o                   1268    0         0      
       ll_adv_end_causes_patch.o     1064    0         0      
       ll_isr.o                      968     0         0      
       hci_patch.o                   776     0         0      
       ll_scheduler_patch.o          424     0         0      
       ll_enc_patch.o                332     0         0      
       ll_wl_patch.o                 174     0         0      
       hci_data_patch.o              168     0         0      
       ll_config.o                   0       92        32     
       ll_sleep.o                    70      0         0      
       ll_rat_patch.o                16      0         0      
    +--+-----------------------------+-------+---------+---------+
       Total:                        17370   94        318    
                                                              
    /home/data/remi/.wine_installs/win64/drive_c/ti/simplelink/ble_sdk_2_02_01_18/blelib/hci_tl/cc26xx/cc26xx_hci_tl_none.a
       hci_tl.o                      168     0         6      
    +--+-----------------------------+-------+---------+---------+
       Total:                        168     0         6      
                                                              
    /home/data/remi/.wine_installs/win64/drive_c/ti/simplelink/ble_sdk_2_02_01_18/blelib/host/host_pxxx.a
       gattservapp.o                 4044    8         57     
       gatt_server.o                 2838    0         13     
       gap_linkmgr.o                 2488    0         32     
       sm_pairing.o                  2020    0         12     
       sm_mgr.o                      1696    0         0      
       l2cap_util.o                  1676    0         1      
       gap_peridevmgr.o              1572    0         28     
       att_util.o                    1484    0         0      
       sm_rsppairing.o               1392    0         16     
       gapgattserver.o               812     8         155    
       gap_configmgr.o               840     0         124    
       smp.o                         924     0         0      
       linkdb.o                      748     0         56     
       gatt_task.o                   758     0         11     
       gap_task.o                    748     0         16     
       l2cap_task.o                  688     0         58     
       att_server.o                  492     0         4      
       l2cap_if.o                    382     0         1      
       gatt_uuid.o                   318     0         0      
       gap_perilinkmgr.o             272     0         4      
       sm_task.o                     232     0         1      
       gap_devmgr.o                  176     0         9      
    +--+-----------------------------+-------+---------+---------+
       Total:                        26600   16        598    
                                                              
    /home/data/remi/dev_tools/Embedded/TI/ccsv6_install/ccsv6/tools/compiler/arm_15.12.3.LTS/lib/rtsv7M3_T_le_eabi.lib
       ull_div_t2.obj                500     0         0      
       memcpy_t2.obj                 156     0         0      
       memset_t2.obj                 122     0         0      
       autoinit.obj                  120     0         0      
       copy_decompress_rle.obj       112     0         0      
       cpy_tbl.obj                   76      0         0      
       ll_mul_t2.obj                 24      0         0      
       strlen.obj                    20      0         0      
       copy_decompress_none.obj      14      0         0      
       startup.obj                   2       0         0      
    +--+-----------------------------+-------+---------+---------+
       Total:                        1146    0         0      
                                                              
    /home/remi/.wine_installs/win64/drive_c/ti/tirtos_cc13xx_cc26xx_2_20_01_08/products/cc26xxware_2_24_02_17393/driverlib/bin/ccs/driverlib.lib
       interrupt.obj                 196     0         0      
       trng.obj                      36      0         0      
       cpu.obj                       24      0         0      
    +--+-----------------------------+-------+---------+---------+
       Total:                        256     0         0      
                                                              
       Linker Generated:             0       927       0      
    +--+-----------------------------+-------+---------+---------+
       Grand Total:                  53168   2817      1206   


LINKER GENERATED COPY TABLES

__TI_cinit_table @ 0001e730 records: 2, size/record: 8, table size: 16
	.data: load addr=0001e740, load size=0000037c bytes, run addr=20004570, run size=00000374 bytes, compression=copy
	.bss: load addr=0001eac0, load size=0000000b bytes, run addr=20004428, run size=00000144 bytes, compression=rle


LINKER GENERATED HANDLER TABLE

__TI_handler_table @ 0001e728 records: 2, size/record: 4, table size: 8
	index: 0, handler: __TI_decompress_rle24
	index: 1, handler: __TI_decompress_none


FAR CALL TRAMPOLINES

callee name               trampoline name
   callee addr  tramp addr   call addr  call info
--------------  -----------  ---------  ----------------
__TI_auto_init            $Tramp$TT$S$$__TI_auto_init
   0001bcc1     0001102c     00011006   icall_startup.obj (EntrySection)
CommonROM_Init            $Tramp$TT$S$$CommonROM_Init
   0001c39f     00011034     00011018   icall_startup.obj (EntrySection)
ROM_Init                  $Tramp$TT$S$$ROM_Init
   0001c3bf     0001103c     0001101c   icall_startup.obj (EntrySection)
stack_main                $Tramp$TT$S$$stack_main
   0001da9b     00011044     00011022   icall_startup.obj (EntrySection)
HCI_ReadBDADDRCmd         $Tramp$TT$L$PI$$HCI_ReadBDADDRCmd
   10009765     0001dc28     00011846   host_pxxx.a : gap_configmgr.o (.text)
                             0001d684   ble_dispatch.obj (.text)
HCI_LE_SetRandomAddressCmd  $Tramp$TT$L$PI$$HCI_LE_SetRandomAddressCmd
   10009849     0001dc30     00011a16   host_pxxx.a : gap_configmgr.o (.text)
LL_ReadBDADDR             $Tramp$TT$L$PI$$LL_ReadBDADDR
   100056c9     0001dc38     00011ae4   host_pxxx.a : gap_configmgr.o (.text)
HCI_DisconnectCmd         $Tramp$TT$L$PI$$HCI_DisconnectCmd
   10009525     0001dc40     00011c66   host_pxxx.a : gap_linkmgr.o (.text)
                             00012212               : gap_linkmgr.o (.text)
HCI_LE_SetAdvDataCmd      $Tramp$TT$L$PI$$HCI_LE_SetAdvDataCmd
   100098a1     0001dc48     0001269c   host_pxxx.a : gap_peridevmgr.o (.text)
                             00012b34               : gap_peridevmgr.o (.text)
HCI_LE_SetScanRspDataCmd  $Tramp$TT$L$PI$$HCI_LE_SetScanRspDataCmd
   100098bd     0001dc50     000126a6   host_pxxx.a : gap_peridevmgr.o (.text)
                             00012b3e               : gap_peridevmgr.o (.text)
HCI_LE_SetAdvEnableCmd    $Tramp$TT$L$PI$$HCI_LE_SetAdvEnableCmd
   100098d9     0001dc58     000126f6   host_pxxx.a : gap_peridevmgr.o (.text)
                             000128c4               : gap_peridevmgr.o (.text)
HCI_LE_SetAdvParamCmd     $Tramp$TT$L$PI$$HCI_LE_SetAdvParamCmd
   1000986d     0001dc60     00012a0c   host_pxxx.a : gap_peridevmgr.o (.text)
HCI_SetControllerToHostFlowCtrlCmd  $Tramp$TT$L$PI$$HCI_SetControllerToHostFlowCtrlCmd
   100095f5     0001dc68     0001532c   host_pxxx.a : l2cap_if.o (.text)
                             0001534c               : l2cap_if.o (.text)
HCI_HostBufferSizeCmd     $Tramp$TT$L$PI$$HCI_HostBufferSizeCmd
   10009631     0001dc70     00015342   host_pxxx.a : l2cap_if.o (.text)
HCI_HostNumCompletedPktCmd  $Tramp$TT$L$PI$$HCI_HostNumCompletedPktCmd
   1000965d     0001dc78     00015360   host_pxxx.a : l2cap_if.o (.text)
HCI_SendDataPkt           $Tramp$TT$L$PI$$HCI_SendDataPkt
   100094e9     0001dc80     0001583c   host_pxxx.a : l2cap_util.o (.text)
HCI_bm_alloc              $Tramp$TT$L$PI$$HCI_bm_alloc
   100094a1     0001dc88     00015cbe   host_pxxx.a : l2cap_util.o (.text)
                             00018f4c   cc2640_ctrl_pxxx.a : ll_common_patch.o (.text)
LL_Encrypt                $Tramp$TT$L$PI$$LL_Encrypt
   100057d5     0001dc90     000162e8   host_pxxx.a : sm_mgr.o (.text)
HCI_LE_LtkReqReplyCmd     $Tramp$TT$L$PI$$HCI_LE_LtkReqReplyCmd
   10009bc5     0001dc98     00016f00   host_pxxx.a : sm_rsppairing.o (.text)
HCI_LE_LtkReqNegReplyCmd  $Tramp$TT$L$PI$$HCI_LE_LtkReqNegReplyCmd
   10009be1     0001dca0     00016f1a   host_pxxx.a : sm_rsppairing.o (.text)
llMemCopySrc              $Tramp$TT$L$PI$$llMemCopySrc
   100089d9     0001dca8     000178a4   cc2640_ctrl_pxxx.a : ble_patch.o (.text)
                             000178b0                      : ble_patch.o (.text)
                             000178bc                      : ble_patch.o (.text)
                             000178c8                      : ble_patch.o (.text)
                             000178ec                      : ble_patch.o (.text)
                             0001792c                      : ble_patch.o (.text)
                             00017938                      : ble_patch.o (.text)
                             0001798c                      : ble_patch.o (.text)
                             00017998                      : ble_patch.o (.text)
                             000179a6                      : ble_patch.o (.text)
                             000179be                      : ble_patch.o (.text)
                             00017a6c                      : ble_patch.o (.text)
                             00017a7a                      : ble_patch.o (.text)
LL_ENC_ReverseBytes       $Tramp$TT$L$PI$$LL_ENC_ReverseBytes
   1000b4ed     0001dcb0     000179b0   cc2640_ctrl_pxxx.a : ble_patch.o (.text)
                             000179c6                      : ble_patch.o (.text)
LL_ENC_GenDeviceSKD       $Tramp$TT$L$PI$$LL_ENC_GenDeviceSKD
   1000b541     0001dcb8     000179ce   cc2640_ctrl_pxxx.a : ble_patch.o (.text)
LL_ENC_GenDeviceIV        $Tramp$TT$L$PI$$LL_ENC_GenDeviceIV
   1000b555     0001dcc0     000179d6   cc2640_ctrl_pxxx.a : ble_patch.o (.text)
llEnqueueCtrlPkt          $Tramp$TT$L$PI$$llEnqueueCtrlPkt
   100080bd     0001dcc8     00017a0c   cc2640_ctrl_pxxx.a : ble_patch.o (.text)
                             00017a8e                      : ble_patch.o (.text)
                             0001a424                      : ll_patch.o (.text)
llSetupUnknownRsp         $Tramp$TT$L$PI$$llSetupUnknownRsp
   10008069     0001dcd0     00017aa2   cc2640_ctrl_pxxx.a : ble_patch.o (.text)
                             0001b4f8                      : ll_slave_end_causes_patch.o (.text)
LL_RX_bm_alloc            $Tramp$TT$L$PI$$LL_RX_bm_alloc
   1000556d     0001dcd8     00017b30   cc2640_ctrl_pxxx.a : ble_patch.o (.text)
                             00017b72                      : ble_patch.o (.text)
                             00019040                      : ll_common_patch.o (.text)
llPatchCM0                $Tramp$TT$L$PI$$llPatchCM0
   1000adb1     0001dce0     00017bea   cc2640_ctrl_pxxx.a : ble_patch.o (.text)
RFHAL_AllocRatChan        $Tramp$TT$L$PI$$RFHAL_AllocRatChan
   10018315     0001dce8     00017bee   cc2640_ctrl_pxxx.a : ble_patch.o (.text)
RFHAL_RegisterRatChanCallback  $Tramp$TT$L$PI$$RFHAL_RegisterRatChanCallback
   10018391     0001dcf0     00017bfa   cc2640_ctrl_pxxx.a : ble_patch.o (.text)
LL_CtrlToHostFlowControl  $Tramp$TT$L$PI$$LL_CtrlToHostFlowControl
   100058d5     0001dcf8     00017d52   cc2640_ctrl_pxxx.a : hci_data_patch.o (.text)
HCI_SendCommandCompleteEvent  $Tramp$TT$L$PI$$HCI_SendCommandCompleteEvent
   10008c81     0001dd00     000182d8   cc2640_ctrl_pxxx.a : hci_event_patch.o (.text)
HCI_CommandCompleteEvent  $Tramp$TT$L$PI$$HCI_CommandCompleteEvent
   10008add     0001dd08     0001836e   cc2640_ctrl_pxxx.a : hci_patch.o (.text)
                             0001842a                      : hci_patch.o (.text)
                             0001845c                      : hci_patch.o (.text)
                             00018592                      : hci_patch.o (.text)
                             000185c0                      : hci_patch.o (.text)
HCI_CommandStatusEvent    $Tramp$TT$L$PI$$HCI_CommandStatusEvent
   10008ba1     0001dd10     00018446   cc2640_ctrl_pxxx.a : hci_patch.o (.text)
                             000184b8                      : hci_patch.o (.text)
LL_EXT_ResetSystem        $Tramp$TT$L$PI$$LL_EXT_ResetSystem
   100070d5     0001dd18     000184d0   cc2640_ctrl_pxxx.a : hci_patch.o (.text)
LL_ReadLocalVersionInfo   $Tramp$TT$L$PI$$LL_ReadLocalVersionInfo
   1000589d     0001dd20     00018550   cc2640_ctrl_pxxx.a : hci_patch.o (.text)
llFreeTask                $Tramp$TT$L$PI$$llFreeTask
   1000abed     0001dd28     0001862c   cc2640_ctrl_pxxx.a : ll_adv_end_causes_patch.o (.text)
                             00018748                      : ll_adv_end_causes_patch.o (.text)
                             00018dca                      : ll_common_patch.o (.text)
                             0001aca4                      : ll_patch.o (.text)
LL_ENC_GeneratePseudoRandNum  $Tramp$TT$L$PI$$LL_ENC_GeneratePseudoRandNum
   1000b50d     0001dd30     00018640   cc2640_ctrl_pxxx.a : ll_adv_end_causes_patch.o (.text)
                             000186d8                      : ll_adv_end_causes_patch.o (.text)
llScheduler               $Tramp$TT$L$PI$$llScheduler
   1000a335     0001dd38     0001866a   cc2640_ctrl_pxxx.a : ll_adv_end_causes_patch.o (.text)
                             00018712                      : ll_adv_end_causes_patch.o (.text)
                             000189ee                      : ll_adv_end_causes_patch.o (.text)
                             0001ac6c                      : ll_patch.o (.text)
                             0001acb0                      : ll_patch.o (.text)
                             0001b226                      : ll_slave_end_causes_patch.o (.text)
llConvertLstoToEvent      $Tramp$TT$L$PI$$llConvertLstoToEvent
   10008721     0001dd40     0001885c   cc2640_ctrl_pxxx.a : ll_adv_end_causes_patch.o (.text)
                             0001b31c                      : ll_slave_end_causes_patch.o (.text)
llConvertCtrlProcTimeoutToEvent  $Tramp$TT$L$PI$$llConvertCtrlProcTimeoutToEvent
   10008741     0001dd48     00018866   cc2640_ctrl_pxxx.a : ll_adv_end_causes_patch.o (.text)
                             0001b376                      : ll_slave_end_causes_patch.o (.text)
llCalcScaFactor           $Tramp$TT$L$PI$$llCalcScaFactor
   1000d94d     0001dd50     00018880   cc2640_ctrl_pxxx.a : ll_adv_end_causes_patch.o (.text)
llConnTerminate           $Tramp$TT$L$PI$$llConnTerminate
   10008631     0001dd58     0001892e   cc2640_ctrl_pxxx.a : ll_adv_end_causes_patch.o (.text)
                             0001ae1e                      : ll_patch.o (.text)
                             0001b1ba                      : ll_slave_end_causes_patch.o (.text)
                             0001b4a0                      : ll_slave_end_causes_patch.o (.text)
                             0001b558                      : ll_slave_end_causes_patch.o (.text)
RFHAL_InitDataQueue       $Tramp$TT$L$PI$$RFHAL_InitDataQueue
   100183b9     0001dd60     00018942   cc2640_ctrl_pxxx.a : ll_adv_end_causes_patch.o (.text)
                             00018d76                      : ll_common_patch.o (.text)
                             00018da6                      : ll_common_patch.o (.text)
llEventDelta              $Tramp$TT$L$PI$$llEventDelta
   10008719     0001dd68     00018aa0   cc2640_ctrl_pxxx.a : ll_common_patch.o (.text)
                             0001931c                      : ll_common_patch.o (.text)
                             0001b2ea                      : ll_slave_end_causes_patch.o (.text)
                             0001b336                      : ll_slave_end_causes_patch.o (.text)
LL_TX_bm_alloc            $Tramp$TT$L$PI$$LL_TX_bm_alloc
   10005549     0001dd70     00018c12   cc2640_ctrl_pxxx.a : ll_common_patch.o (.text)
                             00018c74                      : ll_common_patch.o (.text)
                             0001937a                      : ll_common_patch.o (.text)
RFHAL_FreeNextTxDataEntry  $Tramp$TT$L$PI$$RFHAL_FreeNextTxDataEntry
   10018485     0001dd78     00018cd8   cc2640_ctrl_pxxx.a : ll_common_patch.o (.text)
                             00018d44                      : ll_common_patch.o (.text)
RFHAL_GetNextDataEntry    $Tramp$TT$L$PI$$RFHAL_GetNextDataEntry
   100184cd     0001dd80     00018cde   cc2640_ctrl_pxxx.a : ll_common_patch.o (.text)
                             00018d4a                      : ll_common_patch.o (.text)
                             00018d8a                      : ll_common_patch.o (.text)
                             0001bab2                      : ll_isr.o (.text)
RFHAL_GetTempDataEntry    $Tramp$TT$L$PI$$RFHAL_GetTempDataEntry
   100184d1     0001dd88     00018d54   cc2640_ctrl_pxxx.a : ll_common_patch.o (.text)
                             00019444                      : ll_common_patch.o (.text)
llReleaseConnId           $Tramp$TT$L$PI$$llReleaseConnId
   10008429     0001dd90     00018dc4   cc2640_ctrl_pxxx.a : ll_common_patch.o (.text)
llTimeCompare             $Tramp$TT$L$PI$$llTimeCompare
   1000d8c9     0001dd98     00018e76   cc2640_ctrl_pxxx.a : ll_common_patch.o (.text)
                             000190f4                      : ll_common_patch.o (.text)
HCI_HardwareErrorEvent    $Tramp$TT$L$PI$$HCI_HardwareErrorEvent
   10008bf5     0001dda0     00018f70   cc2640_ctrl_pxxx.a : ll_common_patch.o (.text)
                             0001907c                      : ll_common_patch.o (.text)
                             000191d8                      : ll_common_patch.o (.text)
                             00019554                      : ll_common_patch.o (.text)
                             000195ce                      : ll_common_patch.o (.text)
                             0001a172                      : ll_patch.o (.text)
                             0001a534                      : ll_patch.o (.text)
llGetCurrentTask          $Tramp$TT$L$PI$$llGetCurrentTask
   1000ac3d     0001dda8     000190fa   cc2640_ctrl_pxxx.a : ll_common_patch.o (.text)
                             0001a0ac                      : ll_patch.o (.text)
                             0001ac8a                      : ll_patch.o (.text)
                             0001adf8                      : ll_patch.o (.text)
                             0001ae02                      : ll_patch.o (.text)
llTimeDelta               $Tramp$TT$L$PI$$llTimeDelta
   1000d8f5     0001ddb0     0001910c   cc2640_ctrl_pxxx.a : ll_common_patch.o (.text)
llSetupRejectInd          $Tramp$TT$L$PI$$llSetupRejectInd
   10007df5     0001ddb8     0001935c   cc2640_ctrl_pxxx.a : ll_common_patch.o (.text)
                             0001b69e                      : ll_slave_end_causes_patch.o (.text)
LL_ENC_Init               $Tramp$TT$L$PI$$LL_ENC_Init
   1000b4c9     0001ddc0     0001967e   cc2640_ctrl_pxxx.a : ll_enc_patch.o (.text)
                             000196ec                      : ll_enc_patch.o (.text)
                             0001a206                      : ll_patch.o (.text)
                             0001b770                      : ll_sleep.o (.text)
LL_ENC_LoadKey            $Tramp$TT$L$PI$$LL_ENC_LoadKey
   1000b58d     0001ddc8     00019686   cc2640_ctrl_pxxx.a : ll_enc_patch.o (.text)
                             000196f4                      : ll_enc_patch.o (.text)
LL_ENC_GenerateNonce      $Tramp$TT$L$PI$$LL_ENC_GenerateNonce
   1000b569     0001ddd0     000196a8   cc2640_ctrl_pxxx.a : ll_enc_patch.o (.text)
                             00019718                      : ll_enc_patch.o (.text)
LL_ENC_EncryptMsg         $Tramp$TT$L$PI$$LL_ENC_EncryptMsg
   1000b721     0001ddd8     000196b4   cc2640_ctrl_pxxx.a : ll_enc_patch.o (.text)
LL_ENC_DecryptMsg         $Tramp$TT$L$PI$$LL_ENC_DecryptMsg
   1000b851     0001dde0     00019728   cc2640_ctrl_pxxx.a : ll_enc_patch.o (.text)
LL_ENC_GenerateTrueRandNum  $Tramp$TT$L$PI$$LL_ENC_GenerateTrueRandNum
   1000b51d     0001dde8     0001a082   cc2640_ctrl_pxxx.a : ll_patch.o (.text)
WL_Init                   $Tramp$TT$L$PI$$WL_Init
   1000d189     0001ddf0     0001a202   cc2640_ctrl_pxxx.a : ll_patch.o (.text)
LL_ClearWhiteList         $Tramp$TT$L$PI$$LL_ClearWhiteList
   10005719     0001ddf8     0001a20a   cc2640_ctrl_pxxx.a : ll_patch.o (.text)
llReleaseAllConnId        $Tramp$TT$L$PI$$llReleaseAllConnId
   10008461     0001de00     0001a26e   cc2640_ctrl_pxxx.a : ll_patch.o (.text)
LL_ConnActive             $Tramp$TT$L$PI$$LL_ConnActive
   1000678d     0001de08     0001a32c   cc2640_ctrl_pxxx.a : ll_patch.o (.text)
                             0001a37c                      : ll_patch.o (.text)
                             0001a3ba                      : ll_patch.o (.text)
                             0001a3f6                      : ll_patch.o (.text)
                             0001a53e                      : ll_patch.o (.text)
                             0001ad1a                      : ll_patch.o (.text)
                             0001ad60                      : ll_patch.o (.text)
                             0001adf0                      : ll_patch.o (.text)
HCI_DataBufferOverflowEvent  $Tramp$TT$L$PI$$HCI_DataBufferOverflowEvent
   10008a2d     0001de10     0001a55e   cc2640_ctrl_pxxx.a : ll_patch.o (.text)
LL_DirectTestEndDoneCback  $Tramp$TT$L$PI$$LL_DirectTestEndDoneCback
   10009471     0001de18     0001aa5a   cc2640_ctrl_pxxx.a : ll_patch.o (.text)
                             0001aa90                      : ll_patch.o (.text)
llGetActiveTasks          $Tramp$TT$L$PI$$llGetActiveTasks
   1000aca9     0001de20     0001ac04   cc2640_ctrl_pxxx.a : ll_patch.o (.text)
llSetupAdv                $Tramp$TT$L$PI$$llSetupAdv
   100073e5     0001de28     0001ac30   cc2640_ctrl_pxxx.a : ll_patch.o (.text)
llGetNumTasks             $Tramp$TT$L$PI$$llGetNumTasks
   1000ace1     0001de30     0001ac82   cc2640_ctrl_pxxx.a : ll_patch.o (.text)
llCheckForLstoDuringSL    $Tramp$TT$L$PI$$llCheckForLstoDuringSL
   1000c1b5     0001de38     0001b28a   cc2640_ctrl_pxxx.a : ll_slave_end_causes_patch.o (.text)
llEventInRange            $Tramp$TT$L$PI$$llEventInRange
   100086f1     0001de40     0001b2ac   cc2640_ctrl_pxxx.a : ll_slave_end_causes_patch.o (.text)
                             0001b2cc                      : ll_slave_end_causes_patch.o (.text)
LL_EncLtkReqCback         $Tramp$TT$L$PI$$LL_EncLtkReqCback
   1000925d     0001de48     0001b590   cc2640_ctrl_pxxx.a : ll_slave_end_causes_patch.o (.text)
llSetupEncRsp             $Tramp$TT$L$PI$$llSetupEncRsp
   10007b95     0001de50     0001b598   cc2640_ctrl_pxxx.a : ll_slave_end_causes_patch.o (.text)
LL_ENC_AES128_Encrypt     $Tramp$TT$L$PI$$LL_ENC_AES128_Encrypt
   1000b5f5     0001de58     0001b5f4   cc2640_ctrl_pxxx.a : ll_slave_end_causes_patch.o (.text)
LL_EncKeyRefreshCback     $Tramp$TT$L$PI$$LL_EncKeyRefreshCback
   100093dd     0001de60     0001b628   cc2640_ctrl_pxxx.a : ll_slave_end_causes_patch.o (.text)
LL_EncChangeCback         $Tramp$TT$L$PI$$LL_EncChangeCback
   1000933d     0001de68     0001b632   cc2640_ctrl_pxxx.a : ll_slave_end_causes_patch.o (.text)
llSetupStartEncRsp        $Tramp$TT$L$PI$$llSetupStartEncRsp
   10007ca9     0001de70     0001b644   cc2640_ctrl_pxxx.a : ll_slave_end_causes_patch.o (.text)
llSetupPauseEncRsp        $Tramp$TT$L$PI$$llSetupPauseEncRsp
   10007d55     0001de78     0001b65e   cc2640_ctrl_pxxx.a : ll_slave_end_causes_patch.o (.text)
LL_ReadRemoteVersionInfoCback  $Tramp$TT$L$PI$$LL_ReadRemoteVersionInfoCback
   100091e1     0001de80     0001b6d6   cc2640_ctrl_pxxx.a : ll_slave_end_causes_patch.o (.text)
                             0001b6ea                      : ll_slave_end_causes_patch.o (.text)
llSetupVersionIndReq      $Tramp$TT$L$PI$$llSetupVersionIndReq
   10007f29     0001de88     0001b6f6   cc2640_ctrl_pxxx.a : ll_slave_end_causes_patch.o (.text)
llMoveTempTxDataEntries   $Tramp$TT$L$PI$$llMoveTempTxDataEntries
   1000afa1     0001de90     0001b756   cc2640_ctrl_pxxx.a : ll_slave_end_causes_patch.o (.text)
WL_ClearEntry             $Tramp$TT$L$PI$$WL_ClearEntry
   1000d1f5     0001de98     0001b7b2   cc2640_ctrl_pxxx.a : ll_wl_patch.o (.text)
RFHAL_NextDataEntryDone   $Tramp$TT$L$PI$$RFHAL_NextDataEntryDone
   100184d5     0001dea0     0001bb92   cc2640_ctrl_pxxx.a : ll_isr.o (.text)
LL_PseudoRand             $Tramp$TT$L$PI$$LL_PseudoRand
   10005801     0001dea8     0001c54c   onboard.obj (.text)
HCI_EXT_NumComplPktsLimitCmd  $Tramp$TT$L$PI$$HCI_EXT_NumComplPktsLimitCmd
   1000a1b5     0001deb0     0001d596   ble_dispatch.obj (.text)
HCI_EXT_BuildRevisionCmd  $Tramp$TT$L$PI$$HCI_EXT_BuildRevisionCmd
   1000a109     0001deb8     0001d5aa   ble_dispatch.obj (.text)
HCI_EXT_SetSlaveLatencyOverrideCmd  $Tramp$TT$L$PI$$HCI_EXT_SetSlaveLatencyOverrideCmd
   10009e6d     0001dec0     0001d5b0   ble_dispatch.obj (.text)
HCI_EXT_AdvEventNoticeCmd  $Tramp$TT$L$PI$$HCI_EXT_AdvEventNoticeCmd
   1000a0f1     0001dec8     0001d5c4   ble_dispatch.obj (.text)
HCI_EXT_PERbyChanCmd      $Tramp$TT$L$PI$$HCI_EXT_PERbyChanCmd
   1000a075     0001ded0     0001d5cc   ble_dispatch.obj (.text)
HCI_EXT_PacketErrorRateCmd  $Tramp$TT$L$PI$$HCI_EXT_PacketErrorRateCmd
   1000a031     0001ded8     0001d5d4   ble_dispatch.obj (.text)
HCI_EXT_DisconnectImmedCmd  $Tramp$TT$L$PI$$HCI_EXT_DisconnectImmedCmd
   1000a011     0001dee0     0001d5da   ble_dispatch.obj (.text)
HCI_EXT_SetMaxDtmTxPowerCmd  $Tramp$TT$L$PI$$HCI_EXT_SetMaxDtmTxPowerCmd
   10009fd1     0001dee8     0001d5e0   ble_dispatch.obj (.text)
HCI_EXT_EnablePTMCmd      $Tramp$TT$L$PI$$HCI_EXT_EnablePTMCmd
   10009f69     0001def0     0001d5e4   ble_dispatch.obj (.text)
HCI_EXT_SetSCACmd         $Tramp$TT$L$PI$$HCI_EXT_SetSCACmd
   10009f49     0001def8     0001d5ea   ble_dispatch.obj (.text)
HCI_EXT_SetBDADDRCmd      $Tramp$TT$L$PI$$HCI_EXT_SetBDADDRCmd
   10009f0d     0001df00     0001d5f0   ble_dispatch.obj (.text)
HCI_EXT_EndModemTestCmd   $Tramp$TT$L$PI$$HCI_EXT_EndModemTestCmd
   10009eed     0001df08     0001d5f4   ble_dispatch.obj (.text)
HCI_EXT_ModemTestRxCmd    $Tramp$TT$L$PI$$HCI_EXT_ModemTestRxCmd
   10009ecd     0001df10     0001d5fa   ble_dispatch.obj (.text)
HCI_EXT_ModemHopTestTxCmd  $Tramp$TT$L$PI$$HCI_EXT_ModemHopTestTxCmd
   10009ead     0001df18     0001d5fe   ble_dispatch.obj (.text)
HCI_EXT_ModemTestTxCmd    $Tramp$TT$L$PI$$HCI_EXT_ModemTestTxCmd
   10009e8d     0001df20     0001d606   ble_dispatch.obj (.text)
HCI_EXT_SetFastTxResponseTimeCmd  $Tramp$TT$L$PI$$HCI_EXT_SetFastTxResponseTimeCmd
   10009e4d     0001df28     0001d60c   ble_dispatch.obj (.text)
HCI_EXT_SetLocalSupportedFeaturesCmd  $Tramp$TT$L$PI$$HCI_EXT_SetLocalSupportedFeaturesCmd
   10009e2d     0001df30     0001d612   ble_dispatch.obj (.text)
HCI_EXT_DecryptCmd        $Tramp$TT$L$PI$$HCI_EXT_DecryptCmd
   10009dd1     0001df38     0001d61a   ble_dispatch.obj (.text)
HCI_EXT_OnePktPerEvtCmd   $Tramp$TT$L$PI$$HCI_EXT_OnePktPerEvtCmd
   10009d45     0001df40     0001d620   ble_dispatch.obj (.text)
HCI_EXT_SetTxPowerCmd     $Tramp$TT$L$PI$$HCI_EXT_SetTxPowerCmd
   10009d09     0001df48     0001d626   ble_dispatch.obj (.text)
HCI_LE_TestEndCmd         $Tramp$TT$L$PI$$HCI_LE_TestEndCmd
   10009c8d     0001df50     0001d62a   ble_dispatch.obj (.text)
HCI_LE_ReadSupportedStatesCmd  $Tramp$TT$L$PI$$HCI_LE_ReadSupportedStatesCmd
   10009c15     0001df58     0001d640   ble_dispatch.obj (.text)
HCI_LE_EncryptCmd         $Tramp$TT$L$PI$$HCI_LE_EncryptCmd
   10009af5     0001df60     0001d648   ble_dispatch.obj (.text)
HCI_LE_ReadChannelMapCmd  $Tramp$TT$L$PI$$HCI_LE_ReadChannelMapCmd
   10009aa1     0001df68     0001d654   ble_dispatch.obj (.text)
HCI_LE_RemoveWhiteListCmd  $Tramp$TT$L$PI$$HCI_LE_RemoveWhiteListCmd
   10009a31     0001df70     0001d65c   ble_dispatch.obj (.text)
HCI_LE_AddWhiteListCmd    $Tramp$TT$L$PI$$HCI_LE_AddWhiteListCmd
   10009a15     0001df78     0001d664   ble_dispatch.obj (.text)
HCI_LE_ClearWhiteListCmd  $Tramp$TT$L$PI$$HCI_LE_ClearWhiteListCmd
   100099f9     0001df80     0001d668   ble_dispatch.obj (.text)
HCI_LE_ReadWhiteListSizeCmd  $Tramp$TT$L$PI$$HCI_LE_ReadWhiteListSizeCmd
   100099c9     0001df88     0001d66c   ble_dispatch.obj (.text)
HCI_LE_ReadAdvChanTxPowerCmd  $Tramp$TT$L$PI$$HCI_LE_ReadAdvChanTxPowerCmd
   100098f5     0001df90     0001d670   ble_dispatch.obj (.text)
HCI_LE_ReadLocalSupportedFeaturesCmd  $Tramp$TT$L$PI$$HCI_LE_ReadLocalSupportedFeaturesCmd
   10009829     0001df98     0001d674   ble_dispatch.obj (.text)
HCI_ReadLocalSupportedFeaturesCmd  $Tramp$TT$L$PI$$HCI_ReadLocalSupportedFeaturesCmd
   1000973d     0001dfa0     0001d688   ble_dispatch.obj (.text)
HCI_ReadTransmitPowerLevelCmd  $Tramp$TT$L$PI$$HCI_ReadTransmitPowerLevelCmd
   100095d1     0001dfa8     0001d69e   ble_dispatch.obj (.text)
HCI_SetEventMaskCmd       $Tramp$TT$L$PI$$HCI_SetEventMaskCmd
   10009571     0001dfb0     0001d6a8   ble_dispatch.obj (.text)
HCI_ReadRemoteVersionInfoCmd  $Tramp$TT$L$PI$$HCI_ReadRemoteVersionInfoCmd
   10009541     0001dfb8     0001d6ae   ble_dispatch.obj (.text)

[119 trampolines]
[203 trampoline calls]


GLOBAL SYMBOLS: SORTED ALPHABETICALLY BY Name 

address   name                                  
-------   ----                                  
10014c00  A1_rw                                 
10005000  A1_rw_1                               
10019ffe  A2_rw                                 
1000dffe  A2_rw_1                               
10019ffc  A3_rw                                 
1000dffc  A3_rw_1                               
20004f2c  A4_rw                                 
200048e8  A4_rw_1                               
20004f7c  ACCX                                  
20004f80  ACCY                                  
20004f84  ACCZ                                  
10015229  ATOMICPATTERN                         
00011293  ATT_BuildErrorRsp                     
000112c3  ATT_BuildExchangeMTUReq               
000112cf  ATT_BuildExchangeMTURsp               
000115f9  ATT_BuildExecuteWriteReq              
0001135d  ATT_BuildFindByTypeValueReq           
000113b9  ATT_BuildFindByTypeValueRsp           
000112f5  ATT_BuildFindInfoReq                  
00011301  ATT_BuildFindInfoRsp                  
0001161d  ATT_BuildHandleValueInd               
0001157f  ATT_BuildPrepareWriteReq              
000115a9  ATT_BuildPrepareWriteRsp              
000114c3  ATT_BuildReadBlobReq                  
00011501  ATT_BuildReadBlobRsp                  
00011541  ATT_BuildReadByGrpTypeRsp             
000113db  ATT_BuildReadByTypeReq                
00011447  ATT_BuildReadByTypeRsp                
00011513  ATT_BuildReadMultiReq                 
0001153b  ATT_BuildReadMultiRsp                 
0001146b  ATT_BuildReadReq                      
00011487  ATT_BuildReadRsp                      
000114b7  ATT_BuildWriteReq                     
000116ed  ATT_CompareUUID                       
0001173d  ATT_ConvertUUIDto128                  
00011765  ATT_ConvertUUIDto16                   
00011053  ATT_ErrorRsp                          
00011065  ATT_ExchangeMTURsp                    
00011197  ATT_ExecuteWriteRsp                   
000110ad  ATT_FindByTypeValueRsp                
0001107d  ATT_FindInfoRsp                       
000117cd  ATT_GetMTU                            
000117ef  ATT_GetParamValue                     
000111b9  ATT_HandleValueInd                    
000111a3  ATT_HandleValueNoti                   
000112a5  ATT_ParseErrorRsp                     
000112c5  ATT_ParseExchangeMTUReq               
000112df  ATT_ParseExchangeMTURsp               
00011601  ATT_ParseExecuteWriteReq              
00011613  ATT_ParseExecuteWriteRsp              
00011377  ATT_ParseFindByTypeValueReq           
000113c1  ATT_ParseFindByTypeValueRsp           
000112f7  ATT_ParseFindInfoReq                  
00011319  ATT_ParseFindInfoRsp                  
0001165d  ATT_ParseHandleValueCfm               
00011631  ATT_ParseHandleValueInd               
00011239  ATT_ParsePacket                       
00011581  ATT_ParsePrepareWriteReq              
000115c7  ATT_ParsePrepareWriteRsp              
000114dd  ATT_ParseReadBlobReq                  
00011505  ATT_ParseReadBlobRsp                  
00011553  ATT_ParseReadByGrpTypeRsp             
0001140b  ATT_ParseReadByTypeReq                
00011449  ATT_ParseReadByTypeRsp                
0001151b  ATT_ParseReadMultiReq                 
0001153f  ATT_ParseReadMultiRsp                 
0001146d  ATT_ParseReadReq                      
0001148b  ATT_ParseReadRsp                      
0001148d  ATT_ParseWriteReq                     
000114b9  ATT_ParseWriteRsp                     
0001117d  ATT_PrepareWriteRsp                   
00011115  ATT_ReadBlobRsp                       
0001114f  ATT_ReadByGrpTypeRsp                  
000110cd  ATT_ReadByTypeRsp                     
00011131  ATT_ReadMultiRsp                      
000110f9  ATT_ReadRsp                           
0001104d  ATT_RegisterServer                    
000117ed  ATT_SetParamValue                     
000117a3  ATT_UpdateMTU                         
00011171  ATT_WriteRsp                          
10016c29  AddRoundKeySubBytes_Sw                
10018a19  AesCcm_authEncrypt_Sw                 
10018a35  AesCcm_decryptAuth_Sw                 
10018b09  AesCcm_getNumBlocks_Sw                
10018ac5  Aes_decrypt_Sw                        
10018a99  Aes_encrypt_Sw                        
20004f2c  COMMON_RAM_BASE_ADDR                  
10014c01  COMMON_ROM_BASE_ADDR                  
10015a6d  COPY                                  
0001c39f  CommonROM_Init                        
10017959  ECC_allocWorkzone                     
10017dbd  ECC_keyGen                            
10017961  ECC_setWin                            
10017ded  ECDH_commonKey                        
10017969  ECDSA_sign                            
10017b01  ECDSA_verif                           
10015a11  EXPORTOPERAND                         
20004f78  EXPW                                  
20004f6c  EXPX                                  
20004f70  EXPY                                  
20004f74  EXPZ                                  
10016f58  FFMult2                               
10017058  FFMult3                               
10016d05  FFMult_Sw                             
10018d6c  Fill1                                 
1000d9ec  Fill1_1                               
00011db9  GAP_Authenticate                      
00011ef3  GAP_Bond                              
0001189b  GAP_ConfigDeviceAddr                  
0001d7d7  GAP_DeviceInit                        
000126af  GAP_EndDiscoverable                   
000127a5  GAP_GetAdvToken                       
00011895  GAP_GetIRK                            
0001181f  GAP_GetParamValue                     
00012cef  GAP_Init                              
000125b5  GAP_MakeDiscoverable                  
00012dcd  GAP_NumActiveConnections              
00011831  GAP_ParamsInit                        
00011ea7  GAP_PasscodeUpdate                    
00011e73  GAP_PasskeyUpdate                     
00012c13  GAP_PeriConnRegister                  
00012819  GAP_PeriDevMgrInit                    
00011873  GAP_PrivacyInit                       
00012d05  GAP_ProcessEvent                      
00012fad  GAP_RegisterBondMgrCBs                
00012ce9  GAP_RegisterForMsgs                   
000127bb  GAP_RemoveAdvToken                    
00011b4d  GAP_ResolvePrivateAddr                
00011859  GAP_SecParamsInit                     
00012bd9  GAP_SendSlaveSecurityRequest          
000126fb  GAP_SetAdvToken                       
00011805  GAP_SetParamValue                     
00011d71  GAP_Signable                          
00011e55  GAP_TerminateAuth                     
00011bfd  GAP_TerminateLinkReq                  
00012805  GAP_UpdateAdvTokens                   
00012647  GAP_UpdateAdvertisingData             
00011c77  GAP_UpdateLinkParamReq                
00011cdf  GAP_UpdateLinkParamReqReply           
00014497  GATTServApp_AddService                
000144ad  GATTServApp_DelService                
0001433b  GATTServApp_DeregisterService         
00015163  GATTServApp_GetParamValue             
000143dd  GATTServApp_GetParameter              
00014259  GATTServApp_Init                      
0001dbf7  GATTServApp_InitCharCfg               
000142a7  GATTServApp_ProcessEvent              
00014ee1  GATTServApp_ReadAttr                  
0001dbe7  GATTServApp_ReadCharCfg               
00014251  GATTServApp_RegisterForMsg            
000142e5  GATTServApp_RegisterService           
000151d9  GATTServApp_SendCCCUpdatedEvent       
00015161  GATTServApp_SetParamValue             
0001437f  GATTServApp_SetParameter              
20004468  GATTServApp_TaskID                    
00015167  GATTServApp_UpdateCharCfg             
000150d9  GATTServApp_WriteAttr                 
00013e37  GATT_AppCompletedMsg                  
00013405  GATT_DeregisterService                
000135a7  GATT_FindHandle                       
00013549  GATT_FindHandleUUID                   
000135f3  GATT_FindNextAttr                     
00014111  GATT_FindUUIDRec                      
00013da5  GATT_GetNextHandle                    
00013747  GATT_Indication                       
00013e5f  GATT_Init                             
00013301  GATT_InitServer                       
000137b3  GATT_Notification                     
00013fc9  GATT_NotifyEvent                      
00013e7d  GATT_ProcessEvent                     
00013e25  GATT_RegisterForMsgs                  
00013445  GATT_RegisterForReq                   
00013369  GATT_RegisterService                  
00013693  GATT_SendRsp                          
000134d7  GATT_ServiceChangedInd                
00013683  GATT_ServiceEncKeySize                
00013677  GATT_ServiceNumAttrs                  
00013e2b  GATT_SetHostToAppFlowCtrl             
00013e15  GATT_SetNextHandle                    
00013fdd  GATT_UpdateMTU                        
0001344d  GATT_VerifyReadPermissions            
00013483  GATT_VerifyWritePermissions           
00014085  GATT_bm_alloc                         
000140fd  GATT_bm_free                          
10015141  GETBIT                                
10015155  GETDIGIT                              
100151a5  GETDIGITL2R                           
00013091  GGS_AddService                        
000130a9  GGS_DelService                        
0001308d  GGS_GetParamValue                     
00013055  GGS_GetParameter                      
000130bd  GGS_RegisterAppCBs                    
0001308b  GGS_SetParamValue                     
00012fd5  GGS_SetParameter                      
10008add  HCI_CommandCompleteEvent              
10008ba1  HCI_CommandStatusEvent                
10008a2d  HCI_DataBufferOverflowEvent           
10009525  HCI_DisconnectCmd                     
1000a0f1  HCI_EXT_AdvEventNoticeCmd             
1000a109  HCI_EXT_BuildRevisionCmd              
10009d79  HCI_EXT_ClkDivOnHaltCmd               
0001850b  HCI_EXT_ConnEventNoticeCmd            
10009dad  HCI_EXT_DeclareNvUsageCmd             
10009dd1  HCI_EXT_DecryptCmd                    
000184e7  HCI_EXT_DelaySleepCmd                 
1000a011  HCI_EXT_DisconnectImmedCmd            
10009f69  HCI_EXT_EnablePTMCmd                  
10009eed  HCI_EXT_EndModemTestCmd               
1000a095  HCI_EXT_ExtendRfRangeCmd              
00018377  HCI_EXT_GetConnInfoCmd                
1000a0d1  HCI_EXT_HaltDuringRfCmd               
10009ff1  HCI_EXT_MapPmIoPortCmd                
10009ead  HCI_EXT_ModemHopTestTxCmd             
10009ecd  HCI_EXT_ModemTestRxCmd                
10009e8d  HCI_EXT_ModemTestTxCmd                
1000a1b5  HCI_EXT_NumComplPktsLimitCmd          
10009d45  HCI_EXT_OnePktPerEvtCmd               
1000a195  HCI_EXT_OverlappedProcessingCmd       
1000a075  HCI_EXT_PERbyChanCmd                  
1000a031  HCI_EXT_PacketErrorRateCmd            
000184c1  HCI_EXT_ResetSystemCmd                
10009fb1  HCI_EXT_SaveFreqTuneCmd               
10009f0d  HCI_EXT_SetBDADDRCmd                  
10009e4d  HCI_EXT_SetFastTxResponseTimeCmd      
10009f81  HCI_EXT_SetFreqTuneCmd                
10009e2d  HCI_EXT_SetLocalSupportedFeaturesCmd  
10009fd1  HCI_EXT_SetMaxDtmTxPowerCmd           
10009cd5  HCI_EXT_SetRxGainCmd                  
10009f49  HCI_EXT_SetSCACmd                     
10009e6d  HCI_EXT_SetSlaveLatencyOverrideCmd    
10009d09  HCI_EXT_SetTxPowerCmd                 
0001bc9f  HCI_ExtTaskRegister                   
0001bc8d  HCI_GAPTaskRegister                   
10008bf5  HCI_HardwareErrorEvent                
10009631  HCI_HostBufferSizeCmd                 
1000965d  HCI_HostNumCompletedPktCmd            
0001bc19  HCI_Init                              
0001bc93  HCI_L2CAPTaskRegister                 
10009a15  HCI_LE_AddWhiteListCmd                
100099f9  HCI_LE_ClearWhiteListCmd              
000184b1  HCI_LE_ConnUpdateCmd                  
1000999d  HCI_LE_CreateConnCancelCmd            
1000995d  HCI_LE_CreateConnCmd                  
10009af5  HCI_LE_EncryptCmd                     
10009be1  HCI_LE_LtkReqNegReplyCmd              
10009bc5  HCI_LE_LtkReqReplyCmd                 
10009b51  HCI_LE_RandCmd                        
100098f5  HCI_LE_ReadAdvChanTxPowerCmd          
00018405  HCI_LE_ReadBufSizeCmd                 
10009aa1  HCI_LE_ReadChannelMapCmd              
10009829  HCI_LE_ReadLocalSupportedFeaturesCmd  
0001843b  HCI_LE_ReadRemoteUsedFeaturesCmd      
10009c15  HCI_LE_ReadSupportedStatesCmd         
100099c9  HCI_LE_ReadWhiteListSizeCmd           
00018477  HCI_LE_ReceiverTestCmd                
00018437  HCI_LE_RemoteConnParamReqNegReplyCmd  
00018433  HCI_LE_RemoteConnParamReqReplyCmd     
10009a31  HCI_LE_RemoveWhiteListCmd             
100098a1  HCI_LE_SetAdvDataCmd                  
100098d9  HCI_LE_SetAdvEnableCmd                
1000986d  HCI_LE_SetAdvParamCmd                 
0001850f  HCI_LE_SetEventMaskCmd                
10009a85  HCI_LE_SetHostChanClassificationCmd   
10009849  HCI_LE_SetRandomAddressCmd            
10009941  HCI_LE_SetScanEnableCmd               
10009915  HCI_LE_SetScanParamCmd                
100098bd  HCI_LE_SetScanRspDataCmd              
10009ba9  HCI_LE_StartEncyptCmd                 
10009c8d  HCI_LE_TestEndCmd                     
00018465  HCI_LE_TransmitterTestCmd             
00017f1b  HCI_NumOfCompletedPacketsEvent        
0001bc4b  HCI_ProcessEvent                      
10009765  HCI_ReadBDADDRCmd                     
00018363  HCI_ReadLocalSupportedCommandsCmd     
1000973d  HCI_ReadLocalSupportedFeaturesCmd     
00018545  HCI_ReadLocalVersionInfoCmd           
10009541  HCI_ReadRemoteVersionInfoCmd          
0001859d  HCI_ReadRssiCmd                       
100095d1  HCI_ReadTransmitPowerLevelCmd         
00018341  HCI_ResetCmd                          
1000d7cd  HCI_ReverseBytes                      
0001bc99  HCI_SMPTaskRegister                   
10008c81  HCI_SendCommandCompleteEvent          
10008c59  HCI_SendCommandStatusEvent            
10008d31  HCI_SendControllerToHostEvent         
100094e9  HCI_SendDataPkt                       
100095f5  HCI_SetControllerToHostFlowCtrlCmd    
10009571  HCI_SetEventMaskCmd                   
00018489  HCI_SetEventMaskPage2Cmd              
0001bc87  HCI_TestAppTaskRegister               
00018305  HCI_ValidConnTimeParams               
00018289  HCI_VendorSpecifcCommandCompleteEvent 
100094a1  HCI_bm_alloc                          
0001c43d  HalTRNG_GetTRNG                       
0001c421  HalTRNG_InitTRNG                      
20004514  ICall_dispatcher                      
20004518  ICall_enterCriticalSection            
2000451c  ICall_leaveCriticalSection            
10015a35  IMPORTDATA                            
100159a9  IMPORTLENGTH                          
100159ad  IMPORTMODULUS                         
100159d1  IMPORTOPERAND                         
1001568d  INVERT                                
10016da1  InvAddRoundKey_Sw                     
10016ed5  InvMixColumns_Sw                      
10016dc9  InvRoundKey_Sw                        
10017264  InvSbox                               
10016ea1  InvShiftRows_Sw                       
10016e8d  InvSubBytes_Sw                        
100154f5  JACADD                                
000158c9  L2CAP_BuildCmdReject                  
000159e1  L2CAP_BuildInfoRsp                    
000159ad  L2CAP_BuildParamUpdateRsp             
000152a9  L2CAP_CmdReject                       
000152cf  L2CAP_ConnParamUpdateReq              
00015305  L2CAP_ConnParamUpdateRsp              
00015373  L2CAP_GetMTU                          
00015cd5  L2CAP_GetParamValue                   
00015351  L2CAP_HostNumCompletedPkts            
000152b7  L2CAP_InfoReq                         
0001539d  L2CAP_Init                            
000159c9  L2CAP_ParseInfoReq                    
00015973  L2CAP_ParseParamUpdateReq             
000153ff  L2CAP_ProcessEvent                    
0001521d  L2CAP_RegisterApp                     
0001550d  L2CAP_RegisterFlowCtrlTask            
00015247  L2CAP_SendData                        
00015367  L2CAP_SetBufSize                      
00015317  L2CAP_SetControllerToHostFlowCtrl     
00015cd3  L2CAP_SetParamValue                   
00015399  L2CAP_SetUserConfig                   
00015cb9  L2CAP_bm_alloc                        
20004fe8  LEN                                   
10005739  LL_AddWhiteListDevice                 
10008d81  LL_AdvReportCback                     
00017ffb  LL_AuthPayloadTimeoutExpiredCback     
10005719  LL_ClearWhiteList                     
1000678d  LL_ConnActive                         
00017e1d  LL_ConnParamUpdateCback               
10008ead  LL_ConnectionCompleteCback            
100058d5  LL_CtrlToHostFlowControl              
0001aa25  LL_DirectTestEnd                      
10009471  LL_DirectTestEndDoneCback             
0001a921  LL_DirectTestRxTest                   
0001a7a7  LL_DirectTestTxTest                   
10005a39  LL_Disconnect                         
10009005  LL_DisconnectCback                    
0001b887  LL_DoorbellErrorCback                 
1000b639  LL_ENC_AES128_Decrypt                 
1000b5f5  LL_ENC_AES128_Encrypt                 
000196d7  LL_ENC_Decrypt                        
1000b851  LL_ENC_DecryptMsg                     
00019669  LL_ENC_Encrypt                        
1000b721  LL_ENC_EncryptMsg                     
1000b555  LL_ENC_GenDeviceIV                    
1000b541  LL_ENC_GenDeviceSKD                   
1000b569  LL_ENC_GenerateNonce                  
1000b50d  LL_ENC_GeneratePseudoRandNum          
1000b51d  LL_ENC_GenerateTrueRandNum            
1000b4c9  LL_ENC_Init                           
1000b58d  LL_ENC_LoadKey                        
1000b4ed  LL_ENC_ReverseBytes                   
10007025  LL_EXT_AdvEventNotice                 
0001adb1  LL_EXT_BuildRevision                  
10006b7d  LL_EXT_ClkDivOnHalt                   
0001ad59  LL_EXT_ConnEventNotice                
10006b81  LL_EXT_DeclareNvUsage                 
10006b85  LL_EXT_Decrypt                        
100070a1  LL_EXT_DelaySleep                     
0001aded  LL_EXT_DisconnectImmed                
0001a781  LL_EXT_EndModemTest                   
1000701d  LL_EXT_ExtendRfRange                  
1000a2ad  LL_EXT_ExtendRfRangeCback             
0001a2c5  LL_EXT_GetConnInfo                    
10007021  LL_EXT_HaltDuringRf                   
10006f49  LL_EXT_MapPmIoPort                    
0001a5c5  LL_EXT_ModemHopTestTx                 
0001a6e9  LL_EXT_ModemTestRx                    
0001a665  LL_EXT_ModemTestTx                    
0001ad89  LL_EXT_NumComplPktsLimit              
10006b59  LL_EXT_OnePacketPerEvent              
10007109  LL_EXT_OverlappedProcessing           
10006fed  LL_EXT_PERbyChan                      
10006f99  LL_EXT_PacketErrorRate                
1000a259  LL_EXT_PacketErrorRateCback           
100070d5  LL_EXT_ResetSystem                    
10006efd  LL_EXT_SaveFreqTune                   
10006e01  LL_EXT_SetBDADDR                      
10006bc5  LL_EXT_SetFastTxResponseTime          
10006ef9  LL_EXT_SetFreqTune                    
0001a443  LL_EXT_SetLocalSupportedFeatures      
0001a4b1  LL_EXT_SetMaxDtmTxPower               
10006ad9  LL_EXT_SetRxGain                      
1000a201  LL_EXT_SetRxGainCback                 
10006e85  LL_EXT_SetSCA                         
10006bdd  LL_EXT_SetSlaveLatencyOverride        
0001a479  LL_EXT_SetTxPower                     
1000a211  LL_EXT_SetTxPowerCback                
1000933d  LL_EncChangeCback                     
100093dd  LL_EncKeyRefreshCback                 
0001a3b7  LL_EncLtkNegReply                     
0001a371  LL_EncLtkReply                        
1000925d  LL_EncLtkReqCback                     
100057d5  LL_Encrypt                            
0001806f  LL_EnhancedConnectionCompleteCback    
0001ace7  LL_GetNumActiveConns                  
00019e3d  LL_Init                               
0001b899  LL_LastCmdDoneCback                   
100057b9  LL_NumEmptyWlEntries                  
0001b761  LL_PM_Enter_AES                       
0001b777  LL_PM_Exit_AES                        
0001b75d  LL_PM_GetRfCoreState                  
0001b7a1  LL_PM_PowerOffRfCore                  
0001a0a3  LL_ProcessEvent                       
10005801  LL_PseudoRand                         
1000556d  LL_RX_bm_alloc                        
100057f5  LL_Rand                               
1000a1d5  LL_RandCback                          
10006105  LL_ReadAdvChanTxPower                 
100056c9  LL_ReadBDADDR                         
100059a1  LL_ReadChanMap                        
10005879  LL_ReadLocalSupportedFeatures         
1000589d  LL_ReadLocalVersionInfo               
0001a3f3  LL_ReadRemoteUsedFeatures             
00017eaf  LL_ReadRemoteUsedFeaturesCompleteCback
100058e9  LL_ReadRemoteVersionInfo              
100091e1  LL_ReadRemoteVersionInfoCback         
0001acf3  LL_ReadRssi                           
0001accb  LL_ReadSupportedStates                
0001a4cd  LL_ReadTxPowerLevel                   
[...]
10009f81  HCI_EXT_SetFreqTuneCmd                
10009fb1  HCI_EXT_SaveFreqTuneCmd               
10009fd1  HCI_EXT_SetMaxDtmTxPowerCmd           
10009ff1  HCI_EXT_MapPmIoPortCmd                
1000a011  HCI_EXT_DisconnectImmedCmd            
1000a031  HCI_EXT_PacketErrorRateCmd            
1000a075  HCI_EXT_PERbyChanCmd                  
1000a095  HCI_EXT_ExtendRfRangeCmd              
1000a0d1  HCI_EXT_HaltDuringRfCmd               
1000a0f1  HCI_EXT_AdvEventNoticeCmd             
1000a109  HCI_EXT_BuildRevisionCmd              
1000a195  HCI_EXT_OverlappedProcessingCmd       
1000a1b5  HCI_EXT_NumComplPktsLimitCmd          
1000a1d5  LL_RandCback                          
1000a201  LL_EXT_SetRxGainCback                 
1000a211  LL_EXT_SetTxPowerCback                
1000a259  LL_EXT_PacketErrorRateCback           
1000a2ad  LL_EXT_ExtendRfRangeCback             
1000a335  llScheduler                           
1000a895  llFindStartType                       
1000a939  llFindNextSecTask                     
1000abed  llFreeTask                            
1000ac3d  llGetCurrentTask                      
1000aca9  llGetActiveTasks                      
1000ace1  llGetNumTasks                         
1000adb1  llPatchCM0                            
1000ae41  llRatChanCBack_B                      
1000ae45  llRatChanCBack_C                      
1000ae49  llRatChanCBack_D                      
1000ae4d  llSetupScanDataEntryQueue             
1000ae95  llSetupInitDataEntryQueue             
1000aeb1  llSetupAdvDataEntryQueue              
1000afa1  llMoveTempTxDataEntries               
1000b009  llGetNumTxDataEntries                 
1000b4c9  LL_ENC_Init                           
1000b4ed  LL_ENC_ReverseBytes                   
1000b50d  LL_ENC_GeneratePseudoRandNum          
1000b51d  LL_ENC_GenerateTrueRandNum            
1000b541  LL_ENC_GenDeviceSKD                   
1000b555  LL_ENC_GenDeviceIV                    
1000b569  LL_ENC_GenerateNonce                  
1000b58d  LL_ENC_LoadKey                        
1000b5f5  LL_ENC_AES128_Encrypt                 
1000b639  LL_ENC_AES128_Decrypt                 
1000b721  LL_ENC_EncryptMsg                     
1000b851  LL_ENC_DecryptMsg                     
1000c1b5  llCheckForLstoDuringSL                
1000cd51  llAdv_TaskAbort                       
1000d189  WL_Init                               
1000d1f5  WL_ClearEntry                         
1000d229  WL_GetSize                            
1000d2d9  WL_AddEntry                           
1000d36d  WL_RemoveEntry                        
1000d4ad  llGetAdvChanPDU                       
1000d695  llGenerateValidAccessAddr             
1000d6b1  llGtSixConsecZerosOrOnes              
1000d6e5  llEqSynchWord                         
1000d6f5  llOneBitSynchWordDiffer               
1000d709  llEqualBytes                          
1000d731  llGtTwentyFourTransitions             
1000d761  llLtTwoChangesInLastSixBits           
1000d795  llEqAlreadyValidAddr                  
1000d7cd  HCI_ReverseBytes                      
1000d8c9  llTimeCompare                         
1000d8f5  llTimeDelta                           
1000d94d  llCalcScaFactor                       
1000d964  SCA                                   
1000d9b0  advChan                               
1000d9b4  advEvt2Cmd                            
1000d9c0  advEvt2State                          
1000d9e1  llTaskError                           
1000d9ec  Fill1_1                               
1000dffc  A3_rw_1                               
1000dffc  romRev                                
1000dffd  __checksum_end                        
1000dffe  A2_rw_1                               
1000dffe  P1_ro_2_1                             
1000dffe  __checksum                            
10014c00  A1_rw                                 
10014c00  __checksum_begin_CommonROM            
10014c01  COMMON_ROM_BASE_ADDR                  
10014c04  P1_ro                                 
10014c05  SCALARMUL_init                        
10014ced  SCALARMUL_core                        
10015019  SCALARMUL_final                       
100150e5  SCALARMUL                             
10015101  SAVEPOINT                             
10015141  GETBIT                                
10015155  GETDIGIT                              
100151a5  GETDIGITL2R                           
10015215  SelectReg                             
10015229  ATOMICPATTERN                         
100154f5  JACADD                                
1001568d  INVERT                                
10015821  SQUAREMULTIPLYWORD                    
1001588c  LUTOPCODE                             
10015894  LUTOPSIGN                             
100158ac  LUTC                                  
100158c4  LUTSE                                 
100158dc  LUTINCI                               
100158f4  LUTJ                                  
1001596c  LUTSTATE                              
100159a9  IMPORTLENGTH                          
100159ad  IMPORTMODULUS                         
100159d1  IMPORTOPERAND                         
10015a11  EXPORTOPERAND                         
10015a35  IMPORTDATA                            
10015a51  SETOPERAND                            
10015a6d  COPY                                  
10015a85  ZERO                                  
10015a91  SETWORD                               
10015a9d  mSET                                  
10015bcd  zSET                                  
10015bd5  mINVK                                 
10015d19  zADD                                  
10015d5d  zSUB                                  
10015de9  zMACC32                               
10015e69  zSUB32                                
10015eb5  zADD32                                
10015f0d  zMULT32                               
10015f81  mMULT                                 
10016551  mADD                                  
1001664d  mSUB                                  
10016749  mOUT                                  
10016975  ssp_KeyInit_Sw                        
10016979  sspAesEncrypt_Sw                      
10016985  sspKeyExpansion_Sw                    
10016a99  sspAesEncryptKeyExp_Sw                
10016af5  sspAesEncryptBasic_Sw                 
10016b79  RoundKey_Sw                           
10016c29  AddRoundKeySubBytes_Sw                
10016c45  ShiftRows_Sw                          
10016c79  MixColumns_Sw                         
10016d05  FFMult_Sw                             
10016d29  sspAesDecrypt_Sw                      
10016da1  InvAddRoundKey_Sw                     
10016dc9  InvRoundKey_Sw                        
10016e8d  InvSubBytes_Sw                        
10016ea1  InvShiftRows_Sw                       
10016ed5  InvMixColumns_Sw                      
10016f58  FFMult2                               
10017058  FFMult3                               
10017158  RCon                                  
10017164  Sbox                                  
10017264  InvSbox                               
10017365  SSP_CCM_Auth_Sw                       
100174fd  SSP_CCM_Encrypt_Sw                    
100175ed  SSP_CTR_Encrypt_Sw                    
1001767d  SSP_CCM_Decrypt_Sw                    
10017771  SSP_CTR_Decrypt_Sw                    
10017839  SSP_CCM_InvAuth_Sw                    
10017895  SSP_CCM_Auth_Encrypt_Sw               
100178f5  SSP_CCM_InvAuth_Decrypt_Sw            
10017959  ECC_allocWorkzone                     
10017961  ECC_setWin                            
10017969  ECDSA_sign                            
10017b01  ECDSA_verif                           
10017dbd  ECC_keyGen                            
10017ded  ECDH_commonKey                        
10017e39  SHA256_updateW                        
10017e75  SHA256_round                          
10017ef1  SHA256_nextState                      
10017f49  SHA256_saveBuffer                     
10017ffd  SHA256_init                           
10018019  SHA256_process                        
10018089  SHA256_final                          
10018129  SHA256_full                           
10018315  RFHAL_AllocRatChan                    
1001833d  RFHAL_FreeRatChan                     
10018369  RFHAL_MapRatChansToInt                
10018391  RFHAL_RegisterRatChanCallback         
100183b9  RFHAL_InitDataQueue                   
100183c5  RFHAL_QueueRFDataEntries              
10018485  RFHAL_FreeNextTxDataEntry             
100184a9  RFHAL_AllocDataEntryQueue             
100184c5  RFHAL_FreeDataEntryQueue              
100184cd  RFHAL_GetNextDataEntry                
100184d1  RFHAL_GetTempDataEntry                
100184d5  RFHAL_NextDataEntryDone               
100184f9  RFHAL_AllocDataEntry                  
10018549  RFHAL_FreeDataEntry                   
10018551  RFHAL_BuildRingBuffer                 
100185e1  RFHAL_BuildDataEntryRingBuffer        
10018669  RFHAL_BuildLinkedBuffer               
10018a19  AesCcm_authEncrypt_Sw                 
10018a35  AesCcm_decryptAuth_Sw                 
10018a99  Aes_encrypt_Sw                        
10018ac5  Aes_decrypt_Sw                        
10018b09  AesCcm_getNumBlocks_Sw                
10018b0c  NIST256_p                             
10018b30  NIST256_r                             
10018b54  NIST256_a                             
10018b78  NIST256_b                             
10018b9c  NIST256_Gx                            
10018bc0  NIST256_Gy                            
10018ced  __exit                                
10018d6c  Fill1                                 
10019ffc  A3_rw                                 
10019ffd  __checksum_end_CommonROM              
10019ffe  A2_rw                                 
10019ffe  P1_ro_2                               
10019ffe  __checksum_CommonROM                  
2000442c  pGapDiscReq                           
20004430  pGapAdvertState                       
20004434  gapState                              
20004435  gattNumConns                          
20004436  gattTaskID                            
20004438  pfnPeripheralConnCBs                  
2000443c  pfnBondMgrCBs                         
20004444  serverInfoTbl                         
20004468  GATTServApp_TaskID                    
20004478  l2capFixedChannels                    
200044a8  l2capId                               
200044a9  smTaskID                              
200044ac  linkDBNumConns                        
200044e4  pPairingParams                        
200044e8  pfnResponderCBs                       
200044f0  pBleEvtMask                           
200044f8  pHciEvtMask2                          
20004500  rfEvent                               
20004508  hciTaskID                             
20004509  hciTestTaskID                         
2000450a  hciGapTaskID                          
2000450b  hciL2capTaskID                        
2000450c  hciSmpTaskID                          
2000450d  hciExtTaskID                          
20004514  ICall_dispatcher                      
20004518  ICall_enterCriticalSection            
2000451c  ICall_leaveCriticalSection            
20004520  timerHead                             
20004524  osal_last_timestamp                   
2000452c  bleDispatch_TaskID                    
2000452d  rspBuf                                
20004568  tasksEvents                           
2000458c  gapAppTaskID                          
2000458d  gapProfileRole                        
2000458e  gapDeviceAddrMode                     
2000458f  gapAutoAdvPrivateAddrChange           
20004590  gapPrivateAddrChangeTimeout           
200045f0  slaveUpdateReq                        
200045f8  slaveConnHandle                       
200045fc  pEstLink                              
20004600  pAuthLink                             
20004604  pfnCentralConnCBs                     
20004628  gapTaskID                             
20004629  gapUnwantedTaskID                     
2000462c  pfnPeripheralCBs                      
20004637  reqTaskId                             
200046d4  gattAppTaskID                         
200046d5  appTaskID                             
200046d6  l2capMtuSize                          
200046e8  l2capTaskID                           
200046e9  l2capNumChannels                      
200046ea  l2capNumDataPkts                      
200046ec  l2capChannels                         
2000470c  llUserConfig                          
20004730  maxPduSize                            
20004731  rfFeModeBias                          
20004732  maxNumTxDataBufs                      
20004734  advInfoExt                            
20004738  rfCmdHandle                           
2000473c  rfHandle                              
20004740  rfDrvTblPtr                           
20004744  llConnectionExt                       
20004748  trngDrvTblPtr                         
2000474c  SysBootMsg                            
20004750  sclkSrc                               
20004754  rfMode                                
20004764  rfParams                              
20004778  rfSetup                               
20004790  rfObject                              
20004828  osal_entity                           
2000482c  osal_semaphore                        
20004830  osal_qHead                            
20004834  osal_eventloop_hook                   
20004838  osal_tickperiod                       
2000483c  osal_max_msecs                        
20004854  baseTaskID                            
20004858  cbTimers                              
200048d4  OSAL_timeSeconds                      
200048d8  pwrmgr_initialized                    
200048da  pwrmgr_attribute                      
200048dc  assertSubcause                        
200048dd  legacyMode                            
200048e0  halAssertCback                        
200048e8  A4_rw_1                               
200048e8  RAM_BASE_ADDR                         
200048fc  P2_zi_1                               
200048fc  scanDataEntry                         
200049dc  scanDataQueue                         
200049ec  advInfo                               
20004a8c  wlTable                               
20004b10  wlTableScan                           
20004b94  initDataEntry                         
20004bcc  initDataQueue                         
20004bdc  advDataEntry                          
20004c14  advDataQueue                          
20004c24  advCmd                                
20004c6c  ownPublicAddr                         
20004c74  ownRandomAddr                         
20004c7c  ownSavedPublicAddr                    
20004c84  LL_TaskID                             
20004c85  maxTxPwrForDTM                        
20004c86  onePktPerEvt                          
20004c87  numComplPktsLimit                     
20004c88  numComplPktsFlush                     
20004c89  slOverride                            
20004c8a  rxFifoFlowCtrl                        
20004c8b  numTxDataBufs                         
20004c8c  verInfo                               
20004c94  rfCfgAdiVal                           
20004c96  sleepDelay                            
20004c98  buildInfo                             
20004c9c  peerInfo                              
20004ca8  chanMapUpdate                         
20004cb0  llConns                               
20004cb8  llState                               
20004cb9  curTxPowerVal                         
20004cba  numComplPkts                          
20004cbb  fastTxRespTime                        
20004cbc  maxNumConns                           
20004cbe  postRfOperations                      
20004cc0  rssiCorrection                        
20004cc4  taskEndAction                         
20004cf0  initParam                             
20004d14  scanParam                             
20004d38  slvParam                              
20004d58  advParam                              
20004d78  txModemTestCmd                        
20004d94  scanInfo                              
20004db0  initCmd                               
20004dc8  connReqData                           
20004de0  slvCmd                                
20004df8  scanCmd                               
20004e10  scanOutput                            
20004e28  trxTestCmd                            
20004e40  rxModemTestCmd                        
20004e58  initInfo                              
20004e70  connOutput                            
20004e84  rxTestParam                           
20004e98  advOutput                             
20004ea8  txTestParam                           
20004eb8  initOutput                            
20004ec4  rxTestOut                             
20004ed0  deviceFeatureSet                      
20004edc  dtmInfo                               
20004ee8  cachedTRNGdata                        
20004ef4  llTaskList                            
20004f00  pHciEvtMask                           
20004f08  bleEvtMask                            
20004f0a  taskEndStatus                         
20004f0c  rxDataQ                               
20004f10  rxRingBuf                             
20004f14  mstCmd                                
20004f18  mstParam                              
20004f1c  txDataQ                               
20004f20  txTestOut                             
20004f24  ctrlToHostEnable                      
20004f26  numHostBufs                           
20004f28  hciPTMenabled                         
20004f2c  A4_rw                                 
20004f2c  COMMON_RAM_BASE_ADDR                  
20004f40  P2_rw                                 
20004f40  P2_s0                                 
20004f40  win                                   
20004f44  workzone                              
20004f48  data_p                                
20004f4c  data_r                                
20004f50  data_a                                
20004f54  inScalar                              
20004f58  inPointX                              
20004f5c  inPointY                              
20004f60  outPointX                             
20004f64  outPointY                             
20004f68  SCAL                                  
20004f6c  EXPX                                  
20004f70  EXPY                                  
20004f74  EXPZ                                  
20004f78  EXPW                                  
20004f7c  ACCX                                  
20004f80  ACCY                                  
20004f84  ACCZ                                  
20004f88  TMP1                                  
20004f8c  TMP2                                  
20004f90  TMP3                                  
20004f94  TMP4                                  
20004f98  TMP5                                  
20004f9c  TMP6                                  
20004fa0  data_Gx                               
20004fa4  data_Gy                               
20004fa8  data_b                                
20004fac  P2_zi                                 
20004fac  ratChanInfo                           
20004fcc  fwInfoCmd                             
20004fd8  MSBMOD                                
20004fdc  aux64                                 
20004fe4  MOD                                   
20004fe8  LEN                                   
20004ffc  pSspAesEncrypt_Sw                     
ffffffff  __TI_pprof_out_hndl                   
ffffffff  __TI_prof_data_size                   
ffffffff  __TI_prof_data_start                  
ffffffff  __binit__                             
ffffffff  __c_args__                            
ffffffff  binit                                 
UNDEFED   SHT$$INIT_ARRAY$$Base                 
UNDEFED   SHT$$INIT_ARRAY$$Limit                

[1151 symbols]
