******************************************************************************
                  TI ARM Linker Unix v15.12.3                  
******************************************************************************
>> Linked Mon Nov  7 14:44:54 2016

OUTPUT FILE NAME:   <sensortag_cc2650stk_app_base.out>
ENTRY POINT SYMBOL: "ResetISR"  address: 00009cd9


MEMORY CONFIGURATION

         name            origin    length      used     unused   attr    fill
----------------------  --------  ---------  --------  --------  ----  --------
  IMAGE_HEADER          00001000   00000010  00000010  00000000  R  X
  FLASH                 00001010   00010010  0000ee72  0000119e  R  X
  SRAM                  20000000   00004428  000032f2  00001136  RW X


SEGMENT ALLOCATION MAP

run origin  load origin   length   init length attrs members
----------  ----------- ---------- ----------- ----- -------
00001000    00001000    0000ee84   0000ee84    r-x
  00001000    00001000    00000010   00000010    r-- .imgHdr
  00001010    00001010    0000003c   0000003c    r-- .resetVecs
  0000104c    0000104c    0000d6de   0000d6de    r-x .text
  0000e72c    0000e72c    00000b84   00000b84    r-- .const
  0000f2b0    0000f2b0    00000bd4   00000bd4    r-- .cinit
20000430    20000430    00000010   00000000    rw-
  20000430    20000430    00000010   00000000    rw- .TI.bound:dmaSpi0RxControlTableEntry$35
20000440    20000440    00000010   00000000    rw-
  20000440    20000440    00000010   00000000    rw- .TI.bound:dmaSpi0TxControlTableEntry$35
20000500    20000500    00000010   00000000    rw-
  20000500    20000500    00000010   00000000    rw- .TI.bound:dmaSpi1RxControlTableEntry$35
20000510    20000510    00002ffa   00000000    rw-
  20000510    20000510    00000010   00000000    rw- .TI.bound:dmaSpi1TxControlTableEntry$35
  20000520    20000520    000020f8   00000000    rw- .data
  20002618    20002618    00000ef2   00000000    rw- .bss
20004228    20004228    00000200   00000000    rw-
  20004228    20004228    00000200   00000000    rw- .stack


SECTION ALLOCATION MAP

 output                                  attributes/
section   page    origin      length       input sections
--------  ----  ----------  ----------   ----------------
.imgHdr    0    00001000    00000010     
                  00001000    00000010     oad_target_external_flash.obj (.imgHdr:retain)

.text      0    0000104c    0000d6de     
                  0000104c    00000314     RFCC26XX_singleMode.obj (.text:fsmActiveState$36)
                  00001360    000002ec     peripheral.obj (.text:gapRole_processGAPMsg$15)
                  0000164c    0000023c     peripheral.obj (.text:GAPRole_SetParameter)
                  00001888    00000228     drivers_cc26xxware.aem3 : PowerCC26XX.oem3 (.text:Power_sleep)
                  00001ab0    00000204     driverlib.lib : sys_ctrl.obj (.text:NOROM_SysCtrlSetRechargeBeforePowerDown)
                  00001cb4    000001f4     rtsv7M3_T_le_eabi.lib : ull_div_t2.obj (.text)
                  00001ea8    000001f0     sensortag.obj (.text:SensorTag_init$41)
                  00002098    000001d0     drivers_cc26xxware.aem3 : PowerCC26XX_calibrateRCOSC.oem3 (.text:calibrateRcoscHf1)
                  00002268    000001a8     PINCC26XX.obj (.text:PIN_init)
                  00002410    000001a8     RFCC26XX_singleMode.obj (.text:abortCmd$36)
                  000025b8    00000184     drivers_cc26xxware.aem3 : PowerCC26XX_calibrateRCOSC.oem3 (.text:PowerCC26XX_doCalibrate)
                  0000273c    00000170     RFCC26XX_singleMode.obj (.text:RF_postCmd)
                  000028ac    00000158     SPICC26XXDMA.obj (.text:SPICC26XXDMA_initIO$35)
                  00002a04    0000014c     SPICC26XXDMA.obj (.text:SPICC26XXDMA_open)
                  00002b50    00000138     sensortag_factoryreset.obj (.text:SensorTagFactoryReset_storeCurrentImage)
                  00002c88    00000130     driverlib.lib : setup.obj (.text:NOROM_SetupAfterColdResetWakeupFromShutDownCfg3)
                  00002db8    00000120     peripheral.obj (.text:GAPRole_GetParameter)
                  00002ed8    0000011c     drivers_cc26xxware.aem3 : PowerCC26XX.oem3 (.text:Power_init)
                  00002ff4    00000114     RFCC26XX_singleMode.obj (.text:fsmSetupState$36)
                  00003108    00000110     RFCC26XX_singleMode.obj (.text:hwiFxnCpe0Active$36)
                  00003218    000000fc     I2CCC26XX.obj (.text:I2CCC26XX_open)
                  00003314    000000fc     SensorMpu9250.obj (.text:SensorMpu9250_magRead)
                  00003410    000000fc     peripheral.obj (.text:gapRole_taskFxn$15)
                  0000350c    000000f8     sysbios.aem3 : BIOS.obj (.text:xdc_runtime_Startup_startMods__I)
                  00003604    000000f4     SensorBmp280.obj (.text:SensorBmp280_convert)
                  000036f8    000000f4     sensortag_mov.obj (.text:SensorTagMov_processSensorEvent)
                  000037ec    000000f0     SPICC26XXDMA.obj (.text:SPICC26XXDMA_transferCancel)
                  000038dc    000000ec     icall.obj (.text:ICall_primWaitMatch$30)
                  000039c8    000000ec     RFCC26XX_singleMode.obj (.text:rf_init$36)
                  00003ab4    000000ec     registerservice.obj (.text:sensor_WriteAttrCB$16)
                  00003ba0    000000e8     sensortag.obj (.text:SensorTag_processStateChangeEvt$41)
                  00003c88    000000e0     I2CCC26XX.obj (.text:I2CCC26XX_hwiFxn$39)
                  00003d68    000000dc     SensorMpu9250.obj (.text:SensorMpu9250_enableWom)
                  00003e44    000000d4     driverlib.lib : setup.obj (.text:NOROM_SetupAfterColdResetWakeupFromShutDownCfg2)
                  00003f18    000000d4     drivers_cc26xxware.aem3 : PowerCC26XX.oem3 (.text:Power_releaseDependency)
                  00003fec    000000d0                             : PowerCC26XX.oem3 (.text:Power_setDependency)
                  000040bc    000000cc     SPICC26XXDMA.obj (.text:SPICC26XXDMA_transfer)
                  00004188    000000cc     driverlib.lib : setup.obj (.text:TrimAfterColdResetWakeupFromShutDown$79)
                  00004254    000000cc     sysbios.aem3 : BIOS.obj (.text:ti_sysbios_knl_Semaphore_pend__E)
                  00004320    000000cc                  : BIOS.obj (.text:ti_sysbios_knl_Task_Instance_init__E)
                  000043ec    000000c8     SPICC26XXDMA.obj (.text:SPICC26XXDMA_configDMA$35)
                  000044b4    000000c8     RFCC26XX_singleMode.obj (.text:fsmPowerUpState$36)
                  0000457c    000000c8     sysbios.aem3 : m3_Hwi_asm.obj (.text:ti_sysbios_family_arm_m3_Hwi_dispatch__I)
                  00004644    000000c4     I2CCC26XX.obj (.text:I2CCC26XX_transfer)
                  00004708    000000c4     irtempservice.obj (.text:sensor_WriteAttrCB$10)
                  000047cc    000000c4     movementservice.obj (.text:sensor_WriteAttrCB$11)
                  00004890    000000c4     opticservice.obj (.text:sensor_WriteAttrCB$14)
                  00004954    000000c4     barometerservice.obj (.text:sensor_WriteAttrCB$2)
                  00004a18    000000c4     humidityservice.obj (.text:sensor_WriteAttrCB$8)
                  00004adc    000000c4     RFCC26XX_singleMode.obj (.text:swiFxnHw$36)
                  00004ba0    000000c0     RFCC26XX_singleMode.obj (.text:RF_open)
                  00004c60    000000c0     sensortag_mov.obj (.text:SensorTagMov_processCharChangeEvt)
                  00004d20    000000c0     ioservice.obj (.text:io_WriteAttrCB$9)
                  00004de0    000000bc     power_cc26xx_tirtos.aem3 : PowerCC26XX_tirtos.oem3 (.text:PowerCC26XX_standbyPolicy)
                  00004e9c    000000b8     sensortag_bar.obj (.text:sensorTaskFxn$42)
                  00004f54    000000b4     PINCC26XX.obj (.text:PINCC26XX_setIoCfg$37)
                  00005008    000000b4     sensortag_factoryreset.obj (.text:SensorTagFactoryReset_hasImage)
                  000050bc    000000b0     sensortag_io.obj (.text:SensorTagIO_processCharChangeEvt)
                  0000516c    000000b0     sensortag_keys.obj (.text:SensorTagKeys_processEvent)
                  0000521c    000000b0     devinfoservice.obj (.text:devInfo_ReadAttrCB$5)
                  000052cc    000000b0     peripheral.obj (.text:gapRole_init$15)
                  0000537c    000000ac     oad.obj (.text:OAD_imgBlockWrite)
                  00005428    000000a8     sensortag.obj (.text:SensorTag_taskFxn$41)
                  000054d0    000000a8     oad.obj (.text:oadWriteAttrCB$12)
                  00005578    000000a4     driverlib.lib : setup.obj (.text:NOROM_SetupTrimDevice)
                  0000561c    000000a4     ccservice.obj (.text:ccService_WriteAttrCB$4)
                  000056c0    000000a0     SPICC26XXDMA.obj (.text:SPICC26XXDMA_hwiFxn$35)
                  00005760    000000a0     auto_init.aem3 : auto_init.oem3 (.text)
                  00005800    000000a0     sysbios.aem3 : BIOS.obj (.text:ti_sysbios_knl_Task_setPri__E)
                  000058a0    0000009c     oad.obj (.text:OAD_imgIdentifyWrite)
                  0000593c    0000009c     sensortag_keys.obj (.text:SensorTagKeys_clockHandler$49)
                  000059d8    0000009c     SensorTmp007.obj (.text:SensorTmp007_test)
                  00005a74    0000009c     rtsv7M3_T_le_eabi.lib : memcpy_t2.obj (.text)
                  00005b10    00000098     PINCC26XX.obj (.text:PIN_open)
                  00005ba8    00000098     sysbios.aem3 : BIOS.obj (.text:ti_sysbios_knl_Clock_workFuncDynamic__E)
                  00005c40    00000096     SensorBmp280.obj (.text:SensorBmp280_test)
                  00005cd6    00000002     ble_user_config.obj (.text:DefaultAssertCback)
                  00005cd8    00000094     gattservapp_util.obj (.text:GATTServApp_ProcessCharCfg)
                  00005d6c    00000094     SPICC26XXDMA.obj (.text:SPICC26XXDMA_control)
                  00005e00    00000094     sensortag_opt.obj (.text:SensorTagOpt_processCharChangeEvt)
                  00005e94    00000094     sysbios.aem3 : BIOS.obj (.text:ti_sysbios_family_arm_m3_Hwi_Instance_init__E)
                  00005f28    00000090     I2CCC26XX.obj (.text:I2CCC26XX_primeTransfer$39)
                  00005fb8    00000090     oad.obj (.text:crcCalcDL$12)
                  00006048    00000090     drivers_cc26xxware.aem3 : PowerCC26XX.oem3 (.text:switchXOSCHFclockFunc)
                  000060d8    0000008c     devinfoservice.obj (.text:DevInfo_SetParameter)
                  00006164    00000088     I2CCC26XX.obj (.text:I2CCC26XX_cancel)
                  000061ec    00000088     driverlib.lib : osc.obj (.text:NOROM_OSCHF_GetStartupTime)
                  00006274    00000088     sensortag_bar.obj (.text:SensorTagBar_processCharChangeEvt)
                  000062fc    00000088     sensortag_register.obj (.text:SensorTagRegister_processCharChangeEvt)
                  00006384    00000088     registerservice.obj (.text:sensor_ReadAttrCB$16)
                  0000640c    00000084     icall.obj (.text:ICall_heapMalloc)
                  00006490    00000084     icall.obj (.text:ICall_primSetTimer$30)
                  00006514    00000084     TRNGCC26XX.obj (.text:TRNGCC26XX_getNumber)
                  00006598    00000084     sensortag_register.obj (.text:readRegister$53)
                  0000661c    00000080     RFCC26XX_singleMode.obj (.text:RF_pendCmd)
                  0000669c    00000080     sensortag_tmp.obj (.text:SensorTagTmp_processCharChangeEvt)
                  0000671c    00000080     SensorMpu9250.obj (.text:sensorMagInit$23)
                  0000679c    00000080     sysbios.aem3 : BIOS.obj (.text:ti_sysbios_family_arm_m3_Hwi_initNVIC__E)
                  0000681c    00000080                  : BIOS.obj (.text:ti_sysbios_knl_Task_postInit__I)
                  0000689c    00000080                  : BIOS.obj (.text:xdc_runtime_Core_createObject__I)
                  0000691c    0000007c     sensortag_hum.obj (.text:SensorTagHum_processCharChangeEvt)
                  00006998    0000007c     drivers_cc26xxware.aem3 : PowerCC26XX.oem3 (.text:disableLFClockQualifiers)
                  00006a14    0000007c     sensortag_tmp.obj (.text:sensorTaskFxn$54)
                  00006a90    0000007a     rtsv7M3_T_le_eabi.lib : memset_t2.obj (.text)
                  00006b0a    00000002     SPICC26XXDMA.obj (.text:SPICC26XXDMA_serviceISR$35)
                  00006b0c    00000078     driverlib.lib : setup.obj (.text:NOROM_SetupAfterColdResetWakeupFromShutDownCfg1)
                  00006b84    00000078     oad.obj (.text:OAD_rejectImage$12)
                  00006bfc    00000078     SensorTagTest.obj (.text:SensorTag_testExecute)
                  00006c74    00000078     peripheral.obj (.text:gapRole_startConnUpdate$15)
                  00006cec    00000078     sysbios.aem3 : BIOS.obj (.text:ti_sysbios_knl_Clock_walkQueueDynamic__E)
                  00006d64    00000074     icall_cc2650.obj (.text:ICallPlatform_pwrUpdActivityCounter)
                  00006dd8    00000074     icall.obj (.text:ICall_primSend$30)
                  00006e4c    00000074     drivers_cc26xxware.aem3 : PowerCC26XX_calibrateRCOSC.oem3 (.text:PowerCC26XX_auxISR)
                  00006ec0    00000074     sensortag_register.obj (.text:SensorTagRegister_reset)
                  00006f34    00000074     drivers_cc26xxware.aem3 : PowerCC26XX_calibrateRCOSC.oem3 (.text:calibrateRcoscHf2)
                  00006fa8    00000072     ExtFlash.obj (.text:ExtFlash_write)
                  0000701a    00000002     RFCC26XX_singleMode.obj (.text:defaultErrCb$36)
                  0000701c    00000070     driverlib.lib : chipinfo.obj (.text:NOROM_ChipInfo_GetHwRevision)
                  0000708c    00000070     SensorI2C.obj (.text:SensorI2C_select)
                  000070fc    00000070     sensortag_hum.obj (.text:sensorTaskFxn$47)
                  0000716c    00000070     sysbios.aem3 : BIOS.obj (.text:ti_sysbios_knl_Task_sleep__E)
                  000071dc    0000006c     icall.obj (.text:ICall_createRemoteTasks)
                  00007248    0000006c     icall.obj (.text:ICall_heapInit)
                  000072b4    0000006c     driverlib.lib : setup.obj (.text:NOROM_SetupGetTrimForAmpcompCtrl)
                  00007320    0000006c     drivers_cc26xxware.aem3 : PowerCC26XX.oem3 (.text:PowerCC26XX_calibrate)
                  0000738c    0000006c     SensorMpu9250.obj (.text:SensorMpu9250_reset)
                  000073f8    0000006c     gattservapp_util.obj (.text:gattServApp_SendNotiInd$7)
                  00007464    0000006c     movementservice.obj (.text:sensor_ReadAttrCB$11)
                  000074d0    0000006c     sysbios.aem3 : BIOS.obj (.text:xdc_runtime_Memory_alloc__E)
                  0000753c    0000006a     rtsv7M3_T_le_eabi.lib : copy_decompress_rle.obj (.text)
                  000075a6    00000002     drivers_cc26xxware.aem3 : PowerCC26XX.oem3 (.text:emptyClockFunc)
                  000075a8    00000068     driverlib.lib : setup.obj (.text:NOROM_SetupGetTrimForAnabypassValue1)
                  00007610    00000068                   : sys_ctrl.obj (.text:NOROM_SysCtrl_DCDC_VoltageConditionalControl)
                  00007678    00000068     oad_target_external_flash.obj (.text:OADTarget_getCurrentImageHeader)
                  000076e0    00000068     sensortag_conn_ctrl.obj (.text:SensorTagConnectionControl_update)
                  00007748    00000068     sensortag_factoryreset.obj (.text:SensorTagFactoryReset_extFlashErase)
                  000077b0    00000068     SensorTmp007.obj (.text:SensorTmp007_read)
                  00007818    00000068     RFCC26XX_singleMode.obj (.text:fsmPowerDownState$36)
                  00007880    00000068     sysbios.aem3 : BIOS.obj (.text:ti_sysbios_knl_Clock_startI__E)
                  000078e8    00000068                  : BIOS.obj (.text:ti_sysbios_knl_Swi_restoreHwi__E)
                  00007950    00000066     SensorHdc1000.obj (.text:SensorHdc1000_test)
                  000079b6    00000002     sysbios.aem3 : BIOS.obj (.text:ti_sysbios_BIOS_linkedWithIncorrectBootLibrary__E)
                  000079b8    00000064     I2CCC26XX.obj (.text:I2CCC26XX_close)
                  00007a1c    00000064     PINCC26XX.obj (.text:PIN_add)
                  00007a80    00000064     sysbios.aem3 : BIOS.obj (.text:ti_sysbios_family_arm_cc26xx_Timer_start__E)
                  00007ae4    00000064                  : BIOS.obj (.text:ti_sysbios_knl_Semaphore_post__E)
                  00007b48    00000062     barometerservice.obj (.text:sensor_ReadAttrCB$2)
                  00007baa    00000002     app_ble_pem3.oem3 (.text:ti_sysbios_BIOS_nullFunc__I)
                  00007bac    00000060     I2CCC26XX.obj (.text:I2CCC26XX_initIO$39)
                  00007c0c    00000060     icall.obj (.text:ICall_primEnroll$30)
                  00007c6c    00000060     oad.obj (.text:OAD_sendStatus$12)
                  00007ccc    00000060     drivers_cc26xxware.aem3 : PowerCC26XX_calibrateRCOSC.oem3 (.text:PowerCC26XX_RCOSC_clockFunc)
                  00007d2c    00000060     RFCC26XX_singleMode.obj (.text:RF_getCurrentTime)
                  00007d8c    00000060     sensortag_mov.obj (.text:appStateSet$50)
                  00007dec    00000060     battservice.obj (.text:battReadAttrCB$3)
                  00007e4c    00000060     drivers_cc26xxware.aem3 : PowerCC26XX_calibrateRCOSC.oem3 (.text:updateSubSecInc)
                  00007eac    0000005c     barometerservice.obj (.text:Barometer_setParameter)
                  00007f08    0000005c     ExtFlash.obj (.text:ExtFlash_erase)
                  00007f64    0000005c     icall.obj (.text:ICall_primThreadServes$30)
                  00007fc0    0000005c     driverlib.lib : osc.obj (.text:NOROM_OSCHF_AttemptToSwitchToXosc)
                  0000801c    0000005c                   : sys_ctrl.obj (.text:NOROM_SysCtrlAdjustRechargeAfterPowerDown)
                  00008078    0000005c     oad_target_external_flash.obj (.text:OADTarget_validateNewImage)
                  000080d4    0000005c     oad.obj (.text:OAD_getNextBlockReq$12)
                  00008130    0000005c     SensorMpu9250.obj (.text:SensorMpu9250_magReset)
                  0000818c    0000005c     SensorMpu9250.obj (.text:SensorMpu9250_test)
                  000081e8    0000005c     UDMACC26XX.obj (.text:UDMACC26XX_open)
                  00008244    0000005c     RFCC26XX_singleMode.obj (.text:applyRfCorePatch$36)
                  000082a0    0000005c     RFCC26XX_singleMode.obj (.text:decActiveClientCnt$36)
                  000082fc    0000005c     SensorMpu9250.obj (.text:sensorMpu9250WakeUp$23)
                  00008358    0000005c     sysbios.aem3 : BIOS.obj (.text:ti_sysbios_knl_Task_Module_startup__E)
                  000083b4    0000005c                  : BIOS.obj (.text:ti_sysbios_knl_Task_startCore__E)
                  00008410    0000005a     SPICC26XXDMA.obj (.text:SPICC26XXDMA_close)
                  0000846a    0000005a     irtempservice.obj (.text:sensor_ReadAttrCB$10)
                  000084c4    0000005a     opticservice.obj (.text:sensor_ReadAttrCB$14)
                  0000851e    0000005a     humidityservice.obj (.text:sensor_ReadAttrCB$8)
                  00008578    00000058     humidityservice.obj (.text:Humidity_setParameter)
                  000085d0    00000058     irtempservice.obj (.text:IRTemp_setParameter)
                  00008628    00000058     movementservice.obj (.text:Movement_setParameter)
                  00008680    00000058     oad.obj (.text:OAD_addService)
                  000086d8    00000058     PINCC26XX.obj (.text:PIN_remove)
                  00008730    00000058     drivers_cc26xxware.aem3 : PowerCC26XX_calibrateRCOSC.oem3 (.text:PowerCC26XX_initiateCalibration)
                  00008788    00000058     SPICC26XXDMA.obj (.text:SPICC26XXDMA_initHw$35)
                  000087e0    00000058     sensortag_keys.obj (.text:processGapStateChange$49)
                  00008838    00000058     sysbios.aem3 : BIOS.obj (.text:ti_sysbios_family_arm_m3_Hwi_postInit__I)
                  00008890    00000058                  : BIOS.obj (.text:ti_sysbios_knl_Swi_Instance_init__E)
                  000088e8    00000058                  : BIOS.obj (.text:ti_sysbios_knl_Swi_run__I)
                  00008940    00000056     sensortag.obj (.text:SensorTag_processCharValueChangeEvt$41)
                  00008996    00000054     I2CCC26XX.obj (.text:I2CCC26XX_swiFxn$39)
                  000089ea    00000002     sysbios.aem3 : BIOS.obj (.text:ti_sysbios_gates_GateHwi_Instance_init__E)
                  000089ec    00000054     opticservice.obj (.text:Optic_setParameter)
                  00008a40    00000054     SensorI2C.obj (.text:SensorI2C_open)
                  00008a94    00000054     sensortag_mov.obj (.text:SensorTagMov_init)
                  00008ae8    00000054     util.obj (.text:Util_rescheduleClock)
                  00008b3c    00000054     sensortag_factoryreset.obj (.text:calcImageCRC$46)
                  00008b90    00000054     drivers_cc26xxware.aem3 : PowerCC26XX.oem3 (.text:configureXOSCHF)
                  00008be4    00000054     RFCC26XX_singleMode.obj (.text:fsmXOSCState$36)
                  00008c38    00000054     RFCC26XX_singleMode.obj (.text:hwiFxnHw$36)
                  00008c8c    00000054     RFCC26XX_singleMode.obj (.text:ratChanFree$36)
                  00008ce0    00000054     rtsv7M3_T_le_eabi.lib : exit.obj (.text)
                  00008d34    00000054     sysbios.aem3 : BIOS.obj (.text:ti_sysbios_family_arm_m3_Hwi_dispatchC__I)
                  00008d88    00000054                  : BIOS.obj (.text:ti_sysbios_knl_Swi_schedule__I)
                  00008ddc    00000052     icall.obj (.text:ICall_primWait$30)
                  00008e2e    00000052     SPICC26XXDMA.obj (.text:SPICC26XXDMA_swiFxn$35)
                  00008e80    00000052     sensortag_conn_ctrl.obj (.text:SensorTagConnControl_processCharChangeEvt)
                  00008ed2    00000050     ExtFlash.obj (.text:ExtFlash_read)
                  00008f22    00000002     sysbios.aem3 : BIOS.obj (.text:ti_sysbios_knl_Clock_logTick__E)
                  00008f24    00000050     icall_api.obj (.text:GAP_DeviceInit)
                  00008f74    00000050     icall_api.obj (.text:GAP_UpdateAdvertisingData)
                  00008fc4    00000050     icall.obj (.text:ICall_primRegisterApp$30)
                  00009014    00000050     driverlib.lib : setup.obj (.text:NOROM_SetupSetCacheModeAccordingToCcfgSetting)
                  00009064    00000050     RFCC26XX_singleMode.obj (.text:RF_getInfo)
                  000090b4    00000050     oad.obj (.text:checkDL$12)
                  00009104    00000050     RFCC26XX_singleMode.obj (.text:syncCb$36)
                  00009154    00000050     sysbios.aem3 : BIOS.obj (.text:ti_sysbios_knl_Swi_runLoop__I)
                  000091a4    00000050                  : BIOS.obj (.text:xdc_runtime_Startup_exec__E)
                  000091f4    0000004e     SensorOpt3001.obj (.text:SensorOpt3001_test)
                  00009242    0000004e     ccservice.obj (.text:ccService_ReadAttrCB$4)
                  00009290    0000004e     ioservice.obj (.text:io_ReadAttrCB$9)
                  000092de    00000002     sysbios.aem3 : BIOS.obj (.text:ti_sysbios_knl_Clock_triggerFunc__I)
                  000092e0    0000004c     ExtFlash.obj (.text:ExtFlash_waitReady$27)
                  0000932c    0000004c     icall.obj (.text:ICall_newTask$30)
                  00009378    0000004c     icall.obj (.text:ICall_primGetEntityId$30)
                  000093c4    0000004c     driverlib.lib : osc.obj (.text:NOROM_OSCClockSourceSet)
                  00009410    0000004c     sensortag_opt.obj (.text:SensorTagOpt_init)
                  0000945c    0000004c     sensortag.obj (.text:SensorTag_setDeviceInfo$41)
                  000094a8    0000004c     util.obj (.text:Util_constructClock)
                  000094f4    0000004c     battservice.obj (.text:battWriteAttrCB$3)
                  00009540    0000004c     RFCC26XX_singleMode.obj (.text:dispatchOpWhen$36)
                  0000958c    0000004c     peripheral.obj (.text:gapRole_processStackMsg$15)
                  000095d8    0000004c     rtsv7M3_T_le_eabi.lib : cpy_tbl.obj (.text)
                  00009624    0000004c     sysbios.aem3 : m3_TaskSupport_asm.obj (.text:ti_sysbios_family_arm_m3_TaskSupport_buildTaskStack)
                  00009670    0000004c                  : BIOS.obj (.text:ti_sysbios_knl_Task_schedule__I)
                  000096bc    0000004a     gattservapp_util.obj (.text:GATTServApp_ProcessCCCWriteReq)
                  00009706    0000004a     SensorOpt3001.obj (.text:SensorOpt3001_read)
                  00009750    00000048     I2CCC26XX.obj (.text:I2CCC26XX_initHw$39)
                  00009798    00000048     driverlib.lib : chipinfo.obj (.text:NOROM_ChipInfo_GetChipFamily)
                  000097e0    00000048                   : ddi.obj (.text:NOROM_DDI16BitfieldWrite)
                  00009828    00000048     sensortag_oad.obj (.text:SensorTag_processOadWriteCB$51)
                  00009870    00000048     battservice.obj (.text:battNotify$3)
                  000098b8    00000048     icall_api.obj (.text:gapSendParamAndPtrCmd$29)
                  00009900    00000048     icall_api.obj (.text:gattIndNoti$29)
                  00009948    00000048     drivers_cc26xxware.aem3 : PowerCC26XX.oem3 (.text:notify)
                  00009990    00000048     sysbios.aem3 : BIOS.obj (.text:ti_sysbios_family_arm_m3_Hwi_Module_startup__E)
                  000099d8    00000048                  : m3_Hwi_asm_switch.obj (.text:ti_sysbios_family_arm_m3_Hwi_initStacks__E)
                  00009a20    00000048     app_ble_pem3.oem3 (.text:ti_sysbios_hal_Hwi_create)
                  00009a68    00000048     sensortag_register.obj (.text:writeRegister$53)
                  00009ab0    00000048     sysbios.aem3 : BIOS.obj (.text:xdc_runtime_Core_assignParams__I)
                  00009af8    00000048                  : BIOS.obj (.text:xdc_runtime_Core_constructObject__I)
                  00009b40    00000044     icall_api.obj (.text:GAP_TerminateLinkReq)
                  00009b84    00000044     PINCC26XX.obj (.text:PIN_swi$37)
                  00009bc8    00000044     SensorHdc1000.obj (.text:SensorHdc1000_read)
                  00009c0c    00000044     SensorMpu9250.obj (.text:SensorMpu9250_accSetRange)
                  00009c50    00000044     sensortag_io.obj (.text:SensorTagIO_blinkLed)
                  00009c94    00000044     sensortag_io.obj (.text:SensorTagIO_reset)
                  00009cd8    00000044     boot.aem3 : boot.oem3 (.text)
                  00009d1c    00000044     SensorMpu9250.obj (.text:sensorMpu9250SetBypass$23)
                  00009d60    00000044     app_ble_pem3.oem3 (.text:ti_sysbios_family_arm_m3_Hwi_Object__create__S)
                  00009da4    00000044     sysbios.aem3 : BIOS.obj (.text:ti_sysbios_family_arm_m3_Hwi_disableInterrupt__E)
                  00009de8    00000044                  : BIOS.obj (.text:ti_sysbios_family_arm_m3_Hwi_enableInterrupt__E)
                  00009e2c    00000044                  : BIOS.obj (.text:ti_sysbios_knl_Swi_post__E)
                  00009e70    00000044                  : BIOS.obj (.text:ti_sysbios_knl_Task_allBlockedFunction__I)
                  00009eb4    00000044     app_ble_pem3.oem3 (.text:ti_sysbios_knl_Task_create)
                  00009ef8    00000042     icall.obj (.text:ICall_primCreateTask$30)
                  00009f3a    00000002     sysbios.aem3 : BIOS.obj (.text:ti_sysbios_knl_Swi_Instance_finalize__E)
                  00009f3c    00000040     ExtFlash.obj (.text:ExtFlash_open)
                  00009f7c    00000040     ExtFlash.obj (.text:ExtFlash_readInfo$27)
                  00009fbc    00000040     peripheral.obj (.text:GAPRole_createTask)
                  00009ffc    00000040     driverlib.lib : ddi.obj (.text:NOROM_DDI16BitfieldRead)
                  0000a03c    00000040     oad_target_external_flash.obj (.text:OADTarget_storeImageHeader)
                  0000a07c    00000040     RFCC26XX_singleMode.obj (.text:RF_getRssi)
                  0000a0bc    00000040     simplekeys.obj (.text:SK_readAttrCB$17)
                  0000a0fc    00000040     SensorI2C.obj (.text:SensorI2C_read)
                  0000a13c    00000040     SensorMpu9250.obj (.text:SensorMpu9250_magTest)
                  0000a17c    00000040     sensortag_factoryreset.obj (.text:SensorTagFactoryReset_applyFactoryImage)
                  0000a1bc    00000040     sensortag_oad.obj (.text:SensorTagOad_processEvent)
                  0000a1fc    00000040     SensorTmp007.obj (.text:SensorTmp007_enable)
                  0000a23c    00000040     ExtFlash.obj (.text:extFlashVerifyPart$27)
                  0000a27c    00000040     SensorMpu9250.obj (.text:sensorMagEnable$23)
                  0000a2bc    00000040     SensorMpu9250.obj (.text:sensorMpuSleep$23)
                  0000a2fc    00000040     sysbios.aem3 : BIOS.obj (.text:ti_sysbios_family_arm_m3_Hwi_getStackInfo__E)
                  0000a33c    00000040                  : BIOS.obj (.text:xdc_runtime_HeapMin_alloc__E)
                  0000a37c    0000003c     icall_api.obj (.text:GAP_GetParamValue)
                  0000a3b8    0000003c     icall_api.obj (.text:GATTServApp_RegisterService)
                  0000a3f4    0000003c     icall_cc2650.obj (.text:ICallPlatform_pwrConfigACAction)
                  0000a430    0000003c     driverlib.lib : osc.obj (.text:NOROM_OSC_HPOSCRelativeFrequencyOffsetGet)
                  0000a46c    0000003c                   : rfc.obj (.text:NOROM_RFCSynthPowerDown)
                  0000a4a8    0000003c     PINCC26XX.obj (.text:PINCC26XX_getConfig)
                  0000a4e4    0000003c     RFCC26XX_singleMode.obj (.text:RF_runCmd)
                  0000a520    0000003c     registerservice.obj (.text:Register_setParameter)
                  0000a55c    0000003c     SPICC26XXDMA.obj (.text:SPICC26XXDMA_csnCallback$35)
                  0000a598    0000003c     SensorBmp280.obj (.text:SensorBmp280_read)
                  0000a5d4    0000003c     SensorI2C.obj (.text:SensorI2C_writeRead)
                  0000a610    0000003c     SensorMpu9250.obj (.text:SensorMpu9250_accRead)
                  0000a64c    0000003c     SensorMpu9250.obj (.text:SensorMpu9250_accReadRange)
                  0000a688    0000003c     sensortag_bar.obj (.text:SensorTagBar_createTask)
                  0000a6c4    0000003c     sensortag_buzzer.obj (.text:SensorTagBuzzer_open)
                  0000a700    0000003c     sensortag_buzzer.obj (.text:SensorTagBuzzer_setFrequency)
                  0000a73c    0000003c     sensortag_hum.obj (.text:SensorTagHum_createTask)
                  0000a778    0000003c     sensortag_tmp.obj (.text:SensorTagTmp_createTask)
                  0000a7b4    0000003c     sensortag.obj (.text:SensorTag_createTask)
                  0000a7f0    0000003c     oad.obj (.text:oadReadAttrCB$12)
                  0000a82c    0000003c     RFCC26XX_singleMode.obj (.text:postDirImmCmd$36)
                  0000a868    0000003c     icall_api.obj (.text:profileSetParameter$29)
                  0000a8a4    0000003c     icall_api.obj (.text:sendWaitMatchCS$29)
                  0000a8e0    0000003c     icall_api.obj (.text:sendWaitMatchValueCS$29)
                  0000a91c    0000003c     app_ble_pem3.oem3 (.text:ti_sysbios_family_arm_m3_Hwi_construct)
                  0000a958    0000003a     SensorMpu9250.obj (.text:SensorMpu9250_irqStatus)
                  0000a992    0000003a     sysbios.aem3 : BIOS.obj (.text:ti_sysbios_knl_Task_exit__E)
                  0000a9cc    00000038     icall_api.obj (.text:GAPBondMgr_LinkEst)
                  0000aa04    00000038     peripheral.obj (.text:GAPRole_SendUpdateParam)
                  0000aa3c    00000038     I2C.obj (.text:I2C_init)
                  0000aa74    00000038     icall.obj (.text:ICall_primGetMaxMSecs$30)
                  0000aaac    00000038     SensorI2C.obj (.text:SensorI2C_write)
                  0000aae4    00000038     SensorMpu9250.obj (.text:SensorMpu9250_gyroRead)
                  0000ab1c    00000038     sensortag_opt.obj (.text:SensorTagOpt_reset)
                  0000ab54    00000038     util.obj (.text:Util_restartClock)
                  0000ab8c    00000038     battservice.obj (.text:battMeasure$3)
                  0000abc4    00000038     battservice.obj (.text:battNotifyLevel$3)
                  0000abfc    00000038     icall_api.obj (.text:linkDB_NumConns)
                  0000ac34    00000038     sysbios.aem3 : BIOS.obj (.text:ti_sysbios_family_arm_cc26xx_Timer_getCurrentTick__E)
                  0000ac6c    00000038                  : BIOS.obj (.text:ti_sysbios_family_arm_m3_Hwi_Instance_finalize__E)
                  0000aca4    00000038                  : BIOS.obj (.text:ti_sysbios_knl_Clock_Instance_init__E)
                  0000acdc    00000038     app_ble_pem3.oem3 (.text:ti_sysbios_knl_Clock_create)
                  0000ad14    00000038     app_ble_pem3.oem3 (.text:ti_sysbios_knl_Swi_construct)
                  0000ad4c    00000038     app_ble_pem3.oem3 (.text:ti_sysbios_knl_Task_construct)
                  0000ad84    00000038     sysbios.aem3 : BIOS.obj (.text:xdc_runtime_System_atexit__E)
                  0000adbc    00000036     UDMACC26XX.obj (.text:UDMACC26XX_close)
                  0000adf2    00000036     RFCC26XX_singleMode.obj (.text:updateImplicitState$36)
                  0000ae28    00000034     icall_api.obj (.text:GAPBondMgr_SetParameter)
                  0000ae5c    00000034     icall_api.obj (.text:GAP_SetParamValue)
                  0000ae90    00000034     icall.obj (.text:ICall_primEntityId2ServiceId$30)
                  0000aec4    00000034     icall.obj (.text:ICall_primFetchMsg$30)
                  0000aef8    00000034     icall.obj (.text:ICall_primRegisterISR$30)
                  0000af2c    00000034     icall.obj (.text:ICall_primRegisterISR_Ext$30)
                  0000af60    00000034     icall.obj (.text:ICall_searchServiceEntity)
                  0000af94    00000034     ioservice.obj (.text:Io_setParameter)
                  0000afc8    00000034     driverlib.lib : ddi.obj (.text:NOROM_DDI32RegWrite)
                  0000affc    00000034                   : osc.obj (.text:NOROM_OSCHF_SwitchToRcOscTurnOffXosc)
                  0000b030    00000034     PINCC26XX.obj (.text:PIN_setOutputValue)
                  0000b064    00000034     drivers_cc26xxware.aem3 : PowerCC26XX.oem3 (.text:PowerCC26XX_isStableXOSC_HF)
                  0000b098    00000034     RFCC26XX_singleMode.obj (.text:Q_push$36)
                  0000b0cc    00000034     registerservice.obj (.text:Register_getParameter)
                  0000b100    00000034     SensorBmp280.obj (.text:SensorBmp280_init)
                  0000b134    00000034     SensorMpu9250.obj (.text:SensorMpu9250_enable)
                  0000b168    00000034     sensortag_keys.obj (.text:SensorTagKeys_processKeyLeft)
                  0000b19c    00000034     sensortag_keys.obj (.text:SensorTagKeys_processKeyRight)
                  0000b1d0    00000034     sensortag_keys.obj (.text:SensorTagKeys_processRelay)
                  0000b204    00000034     peripheral.obj (.text:gapRole_HandleParamUpdateNoSuccess$15)
                  0000b238    00000034     icall_api.obj (.text:osal_snv_read)
                  0000b26c    00000034     icall_api.obj (.text:osal_snv_write)
                  0000b2a0    00000034     icall_api.obj (.text:profileAddService$29)
                  0000b2d4    00000034     sysbios.aem3 : BIOS.obj (.text:ti_sysbios_family_arm_cc26xx_Timer_initDevice__I)
                  0000b308    00000034     app_ble_pem3.oem3 (.text:ti_sysbios_knl_Clock_construct)
                  0000b33c    00000034     app_ble_pem3.oem3 (.text:ti_sysbios_knl_Semaphore_create)
                  0000b370    00000034     sysbios.aem3 : BIOS.obj (.text:ti_sysbios_knl_Swi_restore__E)
                  0000b3a4    00000034                  : BIOS.obj (.text:ti_sysbios_knl_Task_blockI__E)
                  0000b3d8    00000032     icall_api.obj (.text:gapSendParamsCmd$29)
                  0000b40a    00000032     icall_api.obj (.text:gapSendPtrParamsCmd$29)
                  0000b43c    00000032     icall_api.obj (.text:matchGapSetGetParamCS$29)
                  0000b46e    00000032     icall_api.obj (.text:matchGattCmdStatus$29)
                  0000b4a0    00000032     icall_api.obj (.text:matchUtilNvCS$29)
                  0000b4d2    00000032     sysbios.aem3 : BIOS.obj (.text:ti_sysbios_family_arm_cc26xx_Timer_setNextTick__E)
                  0000b504    00000030     ExtFlash.obj (.text:ExtFlash_close)
                  0000b534    00000030     icall_cc2650.obj (.text:ICallPlatform_pwrNotify$31)
                  0000b564    00000030     icall_cc2650.obj (.text:ICallPlatform_pwrRegisterNotify)
                  0000b594    00000030     icall.obj (.text:ICall_msecs2Ticks$30)
                  0000b5c4    00000030     icall.obj (.text:ICall_searchTask$30)
                  0000b5f4    00000030     movementservice.obj (.text:Movement_getParameter)
                  0000b624    00000030     driverlib.lib : setup.obj (.text:NOROM_SetupSetAonRtcSubSecInc)
                  0000b654    00000030                   : trng.obj (.text:NOROM_TRNGConfigure)
                  0000b684    00000030     PINCC26XX.obj (.text:PIN_setInterrupt)
                  0000b6b4    00000030     drivers_cc26xxware.aem3 : PowerCC26XX.oem3 (.text:Power_releaseConstraint)
                  0000b6e4    00000030                             : PowerCC26XX.oem3 (.text:Power_setConstraint)
                  0000b714    00000030     SensorMpu9250.obj (.text:SensorMpu9250_powerOn)
                  0000b744    00000030     ExtFlash.obj (.text:Spi_open$27)
                  0000b774    00000030     ExtFlash.obj (.text:Spi_read$27)
                  0000b7a4    00000030     ExtFlash.obj (.text:Spi_write$27)
                  0000b7d4    00000030     oad.obj (.text:crc16$12)
                  0000b804    00000030     sensortag_factoryreset.obj (.text:crc16$46)
                  0000b834    00000030     oad_target_external_flash.obj (.text:saveImageInfo)
                  0000b864    00000030     SensorMpu9250.obj (.text:sensorMpu9250SelectAxes$23)
                  0000b894    00000030     app_ble_pem3.oem3 (.text:ti_sysbios_BIOS_atExitFunc__I)
                  0000b8c4    00000030     app_ble_pem3.oem3 (.text:ti_sysbios_BIOS_startFunc__I)
                  0000b8f4    00000030     sysbios.aem3 : BIOS.obj (.text:ti_sysbios_family_arm_cc26xx_Timer_setThreshold__I)
                  0000b924    00000030     app_ble_pem3.oem3 (.text:ti_sysbios_gates_GateHwi_Object__create__S)
                  0000b954    00000030     app_ble_pem3.oem3 (.text:ti_sysbios_gates_GateMutex_Object__create__S)
                  0000b984    00000030     sysbios.aem3 : BIOS.obj (.text:ti_sysbios_gates_GateMutex_enter__E)
                  0000b9b4    00000030     app_ble_pem3.oem3 (.text:ti_sysbios_knl_Semaphore_construct)
                  0000b9e4    00000030     sysbios.aem3 : BIOS.obj (.text:ti_sysbios_knl_Task_processVitalTaskFlag__I)
                  0000ba14    00000030     app_ble_pem3.oem3 (.text:xdc_runtime_HeapMin_Object__create__S)
                  0000ba44    00000030     sysbios.aem3 : BIOS.obj (.text:xdc_runtime_HeapMin_free__E)
                  0000ba74    00000030                  : BIOS.obj (.text:xdc_runtime_System_processAtExit__E)
                  0000baa4    0000002e     icall_cc2650.obj (.text:ICallPlatform_pwrDispenseImpl$31)
                  0000bad2    0000002e     icall_cc2650.obj (.text:ICallPlatform_pwrRequireImpl$31)
                  0000bb00    0000002e     peripheral.obj (.text:ICall_fetchServiceMsg$15)
                  0000bb2e    0000002e     sensortag.obj (.text:ICall_fetchServiceMsg$41)
                  0000bb5c    0000002e     icall.obj (.text:ICall_msgDequeue$30)
                  0000bb8a    0000002e     simplekeys.obj (.text:SK_writeAttrCB$17)
                  0000bbb8    0000002e     SensorOpt3001.obj (.text:SensorOpt3001_enable)
                  0000bbe6    0000002e     main.obj (.text:main)
                  0000bc14    0000002e     icall_api.obj (.text:matchProfileAddServiceCS$29)
                  0000bc42    0000002e     sysbios.aem3 : BIOS.obj (.text:ti_sysbios_family_arm_m3_TaskSupport_start__E)
                  0000bc70    0000002c     ExtFlash.obj (.text:ExtFlash_writeEnable$27)
                  0000bc9c    0000002c     icall_api.obj (.text:GAPBondMgr_Register)
                  0000bcc8    0000002c     icall.obj (.text:ICall_heapFree)
                  0000bcf4    0000002c     irtempservice.obj (.text:ICall_malloc$10)
                  0000bd20    0000002c     movementservice.obj (.text:ICall_malloc$11)
                  0000bd4c    0000002c     oad.obj (.text:ICall_malloc$12)
                  0000bd78    0000002c     opticservice.obj (.text:ICall_malloc$14)
                  0000bda4    0000002c     simplekeys.obj (.text:ICall_malloc$17)
                  0000bdd0    0000002c     barometerservice.obj (.text:ICall_malloc$2)
                  0000bdfc    0000002c     battservice.obj (.text:ICall_malloc$3)
                  0000be28    0000002c     ccservice.obj (.text:ICall_malloc$4)
                  0000be54    0000002c     humidityservice.obj (.text:ICall_malloc$8)
                  0000be80    0000002c     ioservice.obj (.text:ICall_malloc$9)
                  0000beac    0000002c     icall.obj (.text:ICall_msgEnqueue$30)
                  0000bed8    0000002c     icall.obj (.text:ICall_primAllocMsg$30)
                  0000bf04    0000002c     icall.obj (.text:ICall_primFetchServiceMsg$30)
                  0000bf30    0000002c     icall_api.obj (.text:ICall_sendServiceMsg$29)
                  0000bf5c    0000002c     driverlib.lib : setup.obj (.text:NOROM_SetupGetTrimForRadcExtCfg)
                  0000bf88    0000002c     PINCC26XX.obj (.text:PINCC26XX_setMux)
                  0000bfb4    0000002c     PINCC26XX.obj (.text:PIN_setConfig)
                  0000bfe0    0000002c     SensorHdc1000.obj (.text:SensorHdc1000_init)
                  0000c00c    0000002c     SensorHdc1000.obj (.text:SensorHdc1000_start)
                  0000c038    0000002c     SensorI2C.obj (.text:SensorI2C_writeReg)
                  0000c064    0000002c     SensorMpu9250.obj (.text:SensorMpu9250_init)
                  0000c090    0000002c     sensortag_bar.obj (.text:SensorTagBar_init)
                  0000c0bc    0000002c     sensortag_batt.obj (.text:SensorTagBatt_init)
                  0000c0e8    0000002c     sensortag_hum.obj (.text:SensorTagHum_init)
                  0000c114    0000002c     sensortag_mov.obj (.text:SensorTagMov_reset)
                  0000c140    0000002c     ExtFlash.obj (.text:extFlashPowerStandby$27)
                  0000c16c    0000002c     RFCC26XX_singleMode.obj (.text:getCmd$36)
                  0000c198    0000002c     sysbios.aem3 : BIOS.obj (.text:ti_sysbios_hal_Hwi_initStack)
                  0000c1c4    0000002c                  : BIOS.obj (.text:ti_sysbios_knl_Clock_getTicksUntilInterrupt__E)
                  0000c1f0    0000002c     app_ble_pem3.oem3 (.text:ti_sysbios_knl_Queue_construct)
                  0000c21c    0000002c     sysbios.aem3 : BIOS.obj (.text:ti_sysbios_knl_Semaphore_pendTimeout__I)
                  0000c248    0000002c                  : BIOS.obj (.text:ti_sysbios_knl_Task_unblockI__E)
                  0000c274    0000002c     st_util.obj (.text:utilExtractUuid16)
                  0000c2a0    0000002a     icall_api.obj (.text:ICall_waitMatch$29)
                  0000c2ca    0000002a     TRNGCC26XX.obj (.text:TRNGCC26XX_isParamValid)
                  0000c2f4    0000002a     util.obj (.text:Util_enqueueMsg)
                  0000c31e    0000002a     icall_api.obj (.text:matchProfileCS$29)
                  0000c348    00000028     barometerservice.obj (.text:Barometer_addService)
                  0000c370    00000028     battservice.obj (.text:Batt_AddService)
                  0000c398    00000028     ccservice.obj (.text:CcService_addService)
                  0000c3c0    00000028     ccservice.obj (.text:CcService_setParameter)
                  0000c3e8    00000028     gattservapp_util.obj (.text:GATTServApp_WriteCharCfg)
                  0000c410    00000028     humidityservice.obj (.text:Humidity_addService)
                  0000c438    00000028     icall.obj (.text:ICall_init)
                  0000c460    00000028     icall.obj (.text:ICall_msgPrepend$30)
                  0000c488    00000028     peripheral.obj (.text:ICall_registerApp$15)
                  0000c4b0    00000028     sensortag.obj (.text:ICall_registerApp$41)
                  0000c4d8    00000028     sensortag_bar.obj (.text:ICall_registerApp$42)
                  0000c500    00000028     sensortag_hum.obj (.text:ICall_registerApp$47)
                  0000c528    00000028     sensortag_tmp.obj (.text:ICall_registerApp$54)
                  0000c550    00000028     irtempservice.obj (.text:IRTemp_addService)
                  0000c578    00000028     ioservice.obj (.text:Io_addService)
                  0000c5a0    00000028     movementservice.obj (.text:Movement_addService)
                  0000c5c8    00000028     driverlib.lib : aon_batmon.obj (.text:NOROM_AONBatMonTemperatureGetDegC)
                  0000c5f0    00000028     opticservice.obj (.text:Optic_addService)
                  0000c618    00000028     PINCC26XX.obj (.text:PINCC26XX_getPinCount)
                  0000c640    00000028     drivers_cc26xxware.aem3 : PowerCC26XX.oem3 (.text:PowerCC26XX_switchXOSC_HF)
                  0000c668    00000028                             : PowerCC26XX.oem3 (.text:Power_registerNotify)
                  0000c690    00000028     simplekeys.obj (.text:SK_AddService)
                  0000c6b8    00000028     simplekeys.obj (.text:SK_SetParameter)
                  0000c6e0    00000028     SPICC26XXDMA.obj (.text:SPICC26XXDMA_flushFifos$35)
                  0000c708    00000028     driverlib.lib : adi.obj (.text:SafeHapiVoid)
                  0000c730    00000028     SensorBmp280.obj (.text:SensorBmp280_enable)
                  0000c758    00000028     sensortag_bar.obj (.text:SensorTagBar_reset)
                  0000c780    00000028     sensortag_buzzer.obj (.text:SensorTagBuzzer_close)
                  0000c7a8    00000028     sensortag_conn_ctrl.obj (.text:SensorTagConnControl_paramUpdateCB)
                  0000c7d0    00000028     sensortag_keys.obj (.text:SensorTagKeys_init)
                  0000c7f8    00000028     sensortag_oad.obj (.text:SensorTagOad_init)
                  0000c820    00000028     sensortag_tmp.obj (.text:SensorTagTmp_init)
                  0000c848    00000028     sensortag_tmp.obj (.text:SensorTagTmp_reset)
                  0000c870    00000028     sensortag.obj (.text:SensorTag_enqueueMsg$41)
                  0000c898    00000028     sensortag.obj (.text:SensorTag_resetAllModules$41)
                  0000c8c0    00000028     TRNGCC26XX.obj (.text:TRNGCC26XX_init)
                  0000c8e8    00000028     RFCC26XX_singleMode.obj (.text:clkPowerUpFxn$36)
                  0000c910    00000028     gattservapp_util.obj (.text:gattServApp_FindCharCfgItem$7)
                  0000c938    00000028     sysbios.aem3 : BIOS.obj (.text:ti_sysbios_family_arm_cc26xx_Timer_getMaxTicks__E)
                  0000c960    00000028                  : BIOS.obj (.text:ti_sysbios_knl_Clock_addI__E)
                  0000c988    00000028                  : BIOS.obj (.text:ti_sysbios_knl_Task_restore__E)
                  0000c9b0    00000026     drivers_cc26xxware.aem3 : List.oem3 (.text:List_put)
                  0000c9d6    00000026     sysbios.aem3 : BIOS.obj (.text:ti_sysbios_hal_Hwi_Instance_init__E)
                  0000c9fc    00000024     barometerservice.obj (.text:Barometer_getParameter)
                  0000ca20    00000024     icall_api.obj (.text:GAPBondMgr_LinkTerm)
                  0000ca44    00000024     I2C.obj (.text:I2C_open)
                  0000ca68    00000024     icall_api.obj (.text:ICall_getLocalMsgEntityId$29)
                  0000ca8c    00000024     icall_api.obj (.text:ICall_threadServes$29)
                  0000cab0    00000024     SPI.obj (.text:SPI_open)
                  0000cad4    00000024     SensorMpu9250.obj (.text:SensorMpu9250_powerOff)
                  0000caf8    00000024     sensortag_hum.obj (.text:SensorTagHum_reset)
                  0000cb1c    00000024     sensortag_opt.obj (.text:SensorTagOpt_processSensorEvent)
                  0000cb40    00000024     sensortag_register.obj (.text:SensorTagRegister_update)
                  0000cb64    00000024     oad_target_external_flash.obj (.text:getImageFlag)
                  0000cb88    00000024     drivers_cc26xxware.aem3 : PowerCC26XX_calibrateRCOSC.oem3 (.text:getTdcSemaphore)
                  0000cbac    00000024     RFCC26XX_singleMode.obj (.text:hwiFxnCpe0PowerFsm$36)
                  0000cbd0    00000024     app_ble_pem3.oem3 (.text:ti_sysbios_BIOS_registerRTSLock__I)
                  0000cbf4    00000024     app_ble_pem3.oem3 (.text:ti_sysbios_BIOS_removeRTSLock__I)
                  0000cc18    00000024     sysbios.aem3 : BIOS.obj (.text:ti_sysbios_family_arm_cc26xx_Timer_Module_startup__E)
                  0000cc3c    00000024                  : BIOS.obj (.text:ti_sysbios_family_arm_cc26xx_Timer_startup__E)
                  0000cc60    00000024                  : BIOS.obj (.text:ti_sysbios_knl_Semaphore_Instance_init__E)
                  0000cc84    00000024                  : BIOS.obj (.text:ti_sysbios_knl_Swi_Module_startup__E)
                  0000cca8    00000022     icall.obj (.text:ICall_dispatch$30)
                  0000ccca    00000022     sensortag.obj (.text:ICall_malloc$41)
                  0000ccec    00000022     sensortag_oad.obj (.text:ICall_malloc$51)
                  0000cd0e    00000022     util.obj (.text:ICall_malloc$55)
                  0000cd30    00000022     rtsv7M3_T_le_eabi.lib : memcmp.obj (.text)
                  0000cd52    00000022     sysbios.aem3 : BIOS.obj (.text:ti_sysbios_family_arm_cc26xx_Timer_postInit__I)
                  0000cd74    00000020     gattservapp_util.obj (.text:GATTServApp_InitCharCfg)
                  0000cd94    00000020     humidityservice.obj (.text:Humidity_getParameter)
                  0000cdb4    00000020     icall_api.obj (.text:ICall_allocMsg$29)
                  0000cdd4    00000020     icall_api.obj (.text:ICall_getEntityId$29)
                  0000cdf4    00000020     devinfoservice.obj (.text:ICall_malloc$5)
                  0000ce14    00000020     icall.obj (.text:ICall_primService$30)
                  0000ce34    00000020     icall.obj (.text:ICall_searchService$30)
                  0000ce54    00000020     irtempservice.obj (.text:IRTemp_getParameter)
                  0000ce74    00000020     driverlib.lib : rfc.obj (.text:NOROM_RFCDoorbellSendTo)
                  0000ce94    00000020                   : rfc.obj (.text:NOROM_RFCRfTrimRead)
                  0000ceb4    00000020                   : setup.obj (.text:NOROM_SetupGetTrimForXoscHfCtl)
                  0000ced4    00000020     opticservice.obj (.text:Optic_getParameter)
                  0000cef4    00000020     drivers_cc26xxware.aem3 : PowerCC26XX.oem3 (.text:Power_unregisterNotify)
                  0000cf14    00000020     sensortag_batt.obj (.text:SensorTagBatt_reset)
                  0000cf34    00000020     sensortag_io.obj (.text:SensorTagIO_init)
                  0000cf54    00000020     sensortag_mov.obj (.text:SensorTagMov_processInterrupt$50)
                  0000cf74    00000020     sensortag_opt.obj (.text:SensorTagOpt_clockHandler$52)
                  0000cf94    00000020     UDMACC26XX.obj (.text:UDMACC26XX_initHw$32)
                  0000cfb4    00000020     RFCC26XX_singleMode.obj (.text:allocCmd$36)
                  0000cfd4    00000020     sensortag_mov.obj (.text:initCharacteristicValue$50)
                  0000cff4    00000020     app_ble_pem3.oem3 (.text:ti_sysbios_BIOS_rtsLock__I)
                  0000d014    00000020     sysbios.aem3 : BIOS.obj (.text:ti_sysbios_family_arm_cc26xx_Timer_dynamicStub__E)
                  0000d034    00000020                  : m3_Hwi_asm.obj (.text:ti_sysbios_family_arm_m3_Hwi_excHandlerAsm__I)
                  0000d054    00000020                  : BIOS.obj (.text:ti_sysbios_family_arm_m3_Hwi_excHandler__I)
                  0000d074    00000020                  : BIOS.obj (.text:ti_sysbios_knl_Clock_Module_startup__E)
                  0000d094    00000020                  : BIOS.obj (.text:ti_sysbios_knl_Clock_getTicks__E)
                  0000d0b4    00000020                  : BIOS.obj (.text:ti_sysbios_knl_Clock_stop__E)
                  0000d0d4    00000020                  : BIOS.obj (.text:ti_sysbios_knl_Idle_run__E)
                  0000d0f4    00000020     app_ble_pem3.oem3 (.text:ti_sysbios_knl_Semaphore_Object__destruct__S)
                  0000d114    00000020     sysbios.aem3 : BIOS.obj (.text:ti_sysbios_knl_Task_restoreHwi__E)
                  0000d134    0000001e     icall.obj (.text:ICall_primSendServiceMsg$30)
                  0000d152    0000001e     PINCC26XX.obj (.text:PIN_close)
                  0000d170    0000001e     drivers_cc26xxware.aem3 : PowerCC26XX.oem3 (.text:Power_getTransitionLatency)
                  0000d18e    0000001e     sysbios.aem3 : m3_Hwi_asm_switch.obj (.text:ti_sysbios_family_xxx_Hwi_switchAndRunFunc)
                  0000d1ac    0000001e     icall_api.obj (.text:waitMatchCS$29)
                  0000d1ca    00000002     sysbios.aem3 : BIOS.obj (.text:xdc_runtime_Error_policySpin__E)
                  0000d1cc    0000001c     battservice.obj (.text:Batt_MeasLevel)
                  0000d1e8    0000001c     icall_api.obj (.text:GATT_bm_alloc)
                  0000d204    0000001c     icall_api.obj (.text:GATT_bm_free)
                  0000d220    0000001c     icall.obj (.text:ICall_initPrim$30)
                  0000d23c    0000001c     peripheral.obj (.text:ICall_wait$15)
                  0000d258    0000001c     sensortag.obj (.text:ICall_wait$41)
                  0000d274    0000001c     driverlib.lib : osc.obj (.text:NOROM_OSCClockSourceGet)
                  0000d290    0000001c                   : setup.obj (.text:NOROM_SetupGetTrimForAmpcompTh2)
                  0000d2ac    0000001c                   : setup.obj (.text:NOROM_SetupGetTrimForRcOscLfRtuneCtuneTrim)
                  0000d2c8    0000001c     PINCC26XX.obj (.text:PINCC26XX_setIoCfgMux$37)
                  0000d2e4    0000001c     PINCC26XX.obj (.text:PIN_hwi$37)
                  0000d300    0000001c     RFCC26XX_singleMode.obj (.text:RF_runDirectCmd)
                  0000d31c    0000001c     RFCC26XX_singleMode.obj (.text:RF_runImmediateCmd)
                  0000d338    0000001c     SPI.obj (.text:SPI_Params_init)
                  0000d354    0000001c     sensortag_batt.obj (.text:SensorTagBatt_processCharChangeEvt)
                  0000d370    0000001c     sensortag.obj (.text:SensorTag_processAppMsg$41)
                  0000d38c    0000001c     TRNGCC26XX.obj (.text:TRNGCC26XX_open)
                  0000d3a8    0000001c     icall_api.obj (.text:getStatusValueFromErrNo$29)
                  0000d3c4    0000001c     TRNGCC26XX.obj (.text:openTRNG)
                  0000d3e0    0000001c     app_ble_pem3.oem3 (.text:ti_sysbios_family_arm_m3_Hwi_Object__destruct__S)
                  0000d3fc    0000001c     sysbios.aem3 : BIOS.obj (.text:ti_sysbios_family_arm_m3_Hwi_setPriority__E)
                  0000d418    0000001c                  : BIOS.obj (.text:ti_sysbios_gates_GateMutex_Instance_init__E)
                  0000d434    0000001c     app_ble_pem3.oem3 (.text:ti_sysbios_hal_Hwi_HwiProxy_create)
                  0000d450    0000001c     sysbios.aem3 : BIOS.obj (.text:ti_sysbios_knl_Clock_scheduleNextTick__E)
                  0000d46c    0000001c     app_ble_pem3.oem3 (.text:ti_sysbios_knl_Queue_Object__destruct__S)
                  0000d488    0000001c     sysbios.aem3 : BIOS.obj (.text:ti_sysbios_knl_Queue_get__E)
                  0000d4a4    0000001c                  : BIOS.obj (.text:ti_sysbios_knl_Queue_put__E)
                  0000d4c0    0000001c     app_ble_pem3.oem3 (.text:ti_sysbios_knl_Swi_Object__destruct__S)
                  0000d4dc    0000001c     sysbios.aem3 : BIOS.obj (.text:ti_sysbios_knl_Task_enter__I)
                  0000d4f8    0000001c                  : BIOS.obj (.text:xdc_runtime_Error_check__E)
                  0000d514    0000001c                  : BIOS.obj (.text:xdc_runtime_Error_raiseX__E)
                  0000d530    0000001c                  : BIOS.obj (.text:xdc_runtime_Memory_valloc__E)
                  0000d54c    0000001c                  : BIOS.obj (.text:xdc_runtime_System_abort__E)
                  0000d568    0000001a     icall_api.obj (.text:GATT_Notification)
                  0000d582    0000001a     icall.obj (.text:ICall_enterCSImpl)
                  0000d59c    0000001a     icall.obj (.text:ICall_primSetTimerMSecs$30)
                  0000d5b6    0000001a     drivers_cc26xxware.aem3 : List.oem3 (.text:List_remove)
                  0000d5d0    0000001a     util.obj (.text:Util_dequeueMsg)
                  0000d5ea    0000001a     ExtFlash.obj (.text:extFlashPowerDown$27)
                  0000d604    0000001a     icall_api.obj (.text:matchGattIndNotiCS$29)
                  0000d61e    0000001a     sysbios.aem3 : m3_Hwi_asm.obj (.text:ti_sysbios_family_arm_m3_Hwi_pendSV__I)
                  0000d638    0000001a                  : BIOS.obj (.text:ti_sysbios_knl_Task_sleepTimeout__I)
                  0000d652    00000002                  : BIOS.obj (.text:xdc_runtime_SysCallback_defaultAbort)
                  0000d654    00000018     barometerservice.obj (.text:Barometer_registerAppCBs)
                  0000d66c    00000018     battservice.obj (.text:Batt_SetParameter)
                  0000d684    00000018     oad.obj (.text:CheckImageDownloadCount$12)
                  0000d69c    00000018     peripheral.obj (.text:GAPRole_StartDevice)
                  0000d6b4    00000018     peripheral.obj (.text:GAPRole_TerminateConnection)
                  0000d6cc    00000018     humidityservice.obj (.text:Humidity_registerAppCBs)
                  0000d6e4    00000018     I2C.obj (.text:I2C_Params_init)
                  0000d6fc    00000018     icall_cc2650.obj (.text:ICallPlatform_pwrDispense)
                  0000d714    00000018     icall_cc2650.obj (.text:ICallPlatform_pwrRequire)
                  0000d72c    00000018     oad.obj (.text:ICall_free$12)
                  0000d744    00000018     sensortag.obj (.text:ICall_free$41)
                  0000d75c    00000018     sensortag_oad.obj (.text:ICall_free$51)
                  0000d774    00000018     util.obj (.text:ICall_free$55)
                  0000d78c    00000018     devinfoservice.obj (.text:ICall_free$5)
                  0000d7a4    00000018     peripheral.obj (.text:ICall_freeMsg$15)
                  0000d7bc    00000018     icall_api.obj (.text:ICall_freeMsg$29)
                  0000d7d4    00000018     icall.obj (.text:ICall_freeMsg$30)
                  0000d7ec    00000018     sensortag.obj (.text:ICall_freeMsg$41)
                  0000d804    00000018     icall.obj (.text:ICall_primMalloc$30)
                  0000d81c    00000018     irtempservice.obj (.text:IRTemp_registerAppCBs)
                  0000d834    00000018     movementservice.obj (.text:Movement_registerAppCBs)
                  0000d84c    00000018     driverlib.lib : aon_rtc.obj (.text:NOROM_AONRTCCurrentCompareValueGet)
                  0000d864    00000018                   : chipinfo.obj (.text:NOROM_ChipInfo_GetPackageType)
                  0000d87c    00000018                   : osc.obj (.text:NOROM_OSCHF_TurnOnXosc)
                  0000d894    00000018                   : rfc.obj (.text:NOROM_RFCCpeIntGetAndClear)
                  0000d8ac    00000018                   : setup.obj (.text:NOROM_SetupGetTrimForAdcShModeEn)
                  0000d8c4    00000018                   : setup.obj (.text:NOROM_SetupGetTrimForAdcShVbufEn)
                  0000d8dc    00000018                   : setup.obj (.text:NOROM_SetupGetTrimForAmpcompTh1)
                  0000d8f4    00000018                   : setup.obj (.text:NOROM_SetupGetTrimForDblrLoopFilterResetVoltage)
                  0000d90c    00000018                   : setup.obj (.text:NOROM_SetupGetTrimForRcOscLfIBiasTrim)
                  0000d924    00000018                   : setup.obj (.text:NOROM_SetupGetTrimForXoscLfRegulatorAndCmirrwrRatio)
                  0000d93c    00000018     oad_target_external_flash.obj (.text:OADTarget_close)
                  0000d954    00000018     oad_target_external_flash.obj (.text:OADTarget_open)
                  0000d96c    00000018     oad.obj (.text:OAD_register)
                  0000d984    00000018     opticservice.obj (.text:Optic_registerAppCBs)
                  0000d99c    00000018     PINCC26XX.obj (.text:PIN_getConfig)
                  0000d9b4    00000018     drivers_cc26xxware.aem3 : PowerCC26XX.oem3 (.text:Power_idleFunc)
                  0000d9cc    00000018     RFCC26XX_singleMode.obj (.text:Q_pop$36)
                  0000d9e4    00000018     registerservice.obj (.text:Register_registerAppCBs)
                  0000d9fc    00000018     sensortag_batt.obj (.text:SensorTagBatt_clockHandler$43)
                  0000da14    00000018     sensortag_mov.obj (.text:SensorTagMov_clockHandler$50)
                  0000da2c    00000018     sensortag.obj (.text:SensorTag_callback$41)
                  0000da44    00000018     sensortag.obj (.text:SensorTag_clockHandler$41)
                  0000da5c    00000018     sensortag.obj (.text:SensorTag_updateAdvertisingData)
                  0000da74    00000018     ExtFlash.obj (.text:Spi_close$27)
                  0000da8c    00000018     ExtFlash.obj (.text:Spi_flash$27)
                  0000daa4    00000018     drivers_cc26xxware.aem3 : PowerCC26XX.oem3 (.text:configureRFCoreClocks)
                  0000dabc    00000018     peripheral.obj (.text:gapRole_setEvent$15)
                  0000dad4    00000018     sensortag_bar.obj (.text:initCharacteristicValue$42)
                  0000daec    00000018     sensortag_hum.obj (.text:initCharacteristicValue$47)
                  0000db04    00000018     sensortag_opt.obj (.text:initCharacteristicValue$52)
                  0000db1c    00000018     sensortag_tmp.obj (.text:initCharacteristicValue$54)
                  0000db34    00000018     rtsv7M3_T_le_eabi.lib : args_main.obj (.text)
                  0000db4c    00000018                           : ll_mul_t2.obj (.text)
                  0000db64    00000018     RFCC26XX_singleMode.obj (.text:swiFxnFsm$36)
                  0000db7c    00000018     app_ble_pem3.oem3 (.text:ti_sysbios_BIOS_rtsUnlock__I)
                  0000db94    00000018     app_ble_pem3.oem3 (.text:ti_sysbios_family_arm_cc26xx_Timer_Module__startupDone__F)
                  0000dbac    00000018     app_ble_pem3.oem3 (.text:ti_sysbios_family_arm_m3_Hwi_Module__startupDone__F)
                  0000dbc4    00000018     sysbios.aem3 : BIOS.obj (.text:ti_sysbios_family_arm_m3_Hwi_plug__E)
                  0000dbdc    00000018                  : BIOS.obj (.text:ti_sysbios_gates_GateMutex_leave__E)
                  0000dbf4    00000018                  : BIOS.obj (.text:ti_sysbios_knl_Swi_or__E)
                  0000dc0c    00000018                  : BIOS.obj (.text:ti_sysbios_knl_Task_unblock__E)
                  0000dc24    00000018                  : BIOS.obj (.text:xdc_runtime_Core_destructObject__I)
                  0000dc3c    00000018                  : BIOS.obj (.text:xdc_runtime_System_exit__E)
                  0000dc54    00000016     main.obj (.text:AssertHandler)
                  0000dc6a    00000016     icall.obj (.text:ICall_abort$30)
                  0000dc80    00000016     icall.obj (.text:ICall_leaveCSImpl)
                  0000dc96    00000016     icall.obj (.text:ICall_primStopTimer$30)
                  0000dcac    00000016     ble_user_config.obj (.text:driverTable_fnSpinlock)
                  0000dcc2    00000016     app_ble_pem3.oem3 (.text:ti_sysbios_BIOS_exitFunc__I)
                  0000dcd8    00000016     sysbios.aem3 : BIOS.obj (.text:ti_sysbios_knl_Clock_start__E)
                  0000dcee    00000002                  : BIOS.obj (.text:xdc_runtime_SysCallback_defaultExit)
                  0000dcf0    00000014     battservice.obj (.text:Batt_Register)
                  0000dd04    00000014     ccservice.obj (.text:CcService_registerAppCBs)
                  0000dd18    00000014     devinfoservice.obj (.text:DevInfo_AddService)
                  0000dd2c    00000014     ExtFlash.obj (.text:ExtFlash_powerDown$27)
                  0000dd40    00000014     ioservice.obj (.text:Io_getParameter)
                  0000dd54    00000014     ioservice.obj (.text:Io_registerAppCBs)
                  0000dd68    00000014     driverlib.lib : aon_rtc.obj (.text:NOROM_AONRTCCurrent64BitValueGet)
                  0000dd7c    00000014                   : chipinfo.obj (.text:NOROM_ThisCodeIsBuiltForCC26xxHwRev22AndLater_HaltIfViolated)
                  0000dd90    00000014     oad_target_external_flash.obj (.text:OADTarget_writeFlash)
                  0000dda4    00000014     PINCC26XX.obj (.text:PINCC26XX_getInputValue$37)
                  0000ddb8    00000014     PINCC26XX.obj (.text:PINCC26XX_getOutputValue$37)
                  0000ddcc    00000014     RFCC26XX_singleMode.obj (.text:RF_Params_init)
                  0000dde0    00000014     registerservice.obj (.text:Register_addService)
                  0000ddf4    00000014     SensorMpu9250.obj (.text:SensorMpu9250_Callback$23)
                  0000de08    00000014     SensorMpu9250.obj (.text:SensorMpu9250_powerIsOn)
                  0000de1c    00000014     SensorMpu9250.obj (.text:SensorMpu9250_registerCallback)
                  0000de30    00000014     sensortag_batt.obj (.text:SensorTagBatt_processSensorEvent)
                  0000de44    00000014     sensortag_keys.obj (.text:SensorTagKeys_reset)
                  0000de58    00000014     SensorUtil.obj (.text:SensorUtil_convertToLe)
                  0000de6c    00000014     ExtFlash.obj (.text:extFlashDeselect$27)
                  0000de80    00000014     ExtFlash.obj (.text:extFlashSelect$27)
                  0000de94    00000014     rtsv7M3_T_le_eabi.lib : _lock.obj (.text)
                  0000dea8    00000014                           : strlen.obj (.text)
                  0000debc    00000014     icall_api.obj (.text:setICallCmdEvtHdr$29)
                  0000ded0    00000014     app_ble_pem3.oem3 (.text:ti_sysbios_family_arm_m3_Hwi_Object__get__S)
                  0000dee4    00000014     sysbios.aem3 : BIOS.obj (.text:ti_sysbios_family_arm_m3_Hwi_switchFromBootStack__E)
                  0000def8    00000014     app_ble_pem3.oem3 (.text:ti_sysbios_knl_Clock_doTick__I)
                  0000df0c    00000014     app_ble_pem3.oem3 (.text:ti_sysbios_knl_Swi_Object__get__S)
                  0000df20    00000012     ExtFlash.obj (.text:ExtFlash_test)
                  0000df32    00000012     gattservapp_util.obj (.text:GATTServApp_FindAttr)
                  0000df44    00000012     RFCC26XX_singleMode.obj (.text:RF_getCmdOp)
                  0000df56    00000012     sysbios.aem3 : BIOS.obj (.text:ti_sysbios_hal_Hwi_Module_startup__E)
                  0000df68    00000012     app_ble_pem3.oem3 (.text:xdc_runtime_Startup_exec__I)
                  0000df7a    00000002     sysbios.aem3 : BIOS.obj (.text:xdc_runtime_System_abortSpin__E)
                  0000df7c    00000010     ccservice.obj (.text:CcService_getParameter)
                  0000df8c    00000010     RFCC26XX_singleMode.obj (.text:FsmDispatch$36)
                  0000df9c    00000010     peripheral.obj (.text:GAPRole_RegisterAppCBs)
                  0000dfac    00000010     icall_api.obj (.text:GAP_EndDiscoverable)
                  0000dfbc    00000010     gattservapp_util.obj (.text:GATTServApp_ReadCharCfg)
                  0000dfcc    00000010     icall_cc2650.obj (.text:ICallPlatform_pwrGetXOSCStartupTime)
                  0000dfdc    00000010     icall.obj (.text:ICall_primGetTickPeriod$30)
                  0000dfec    00000010     icall.obj (.text:ICall_taskEntry$30)
                  0000dffc    00000010     driverlib.lib : rfc.obj (.text:NOROM_RFCRfTrimSet)
                  0000e00c    00000010                   : setup.obj (.text:NOROM_SetupGetTrimForXoscHfFastStart)
                  0000e01c    00000010                   : setup.obj (.text:NOROM_SetupGetTrimForXoscHfIbiastherm)
                  0000e02c    00000010     oad_target_external_flash.obj (.text:OADTarget_getCrc)
                  0000e03c    00000010     oad_target_external_flash.obj (.text:OADTarget_setCrc)
                  0000e04c    00000010     oad_target_external_flash.obj (.text:OADTarget_systemReset)
                  0000e05c    00000010     ble_user_config.obj (.text:RegisterAssertCback)
                  0000e06c    00000010     sensortag_register.obj (.text:SensorTagRegister_init)
                  0000e07c    00000010     util.obj (.text:Util_isActive)
                  0000e08c    00000010     I2CCC26XX.obj (.text:i2cPostNotify$39)
                  0000e09c    00000010     sysbios.aem3 : BIOS.obj (.text:ti_sysbios_BIOS_exit__E)
                  0000e0ac    00000010                  : BIOS.obj (.text:ti_sysbios_BIOS_getCpuFreq__E)
                  0000e0bc    00000010                  : BIOS.obj (.text:ti_sysbios_BIOS_setThreadType__E)
                  0000e0cc    00000010                  : BIOS.obj (.text:ti_sysbios_BIOS_start__E)
                  0000e0dc    00000010                  : BIOS.obj (.text:ti_sysbios_family_arm_m3_Hwi_post__E)
                  0000e0ec    00000010                  : m3_TaskSupport_asm.obj (.text:ti_sysbios_family_arm_m3_TaskSupport_glue)
                  0000e0fc    00000010                  : m3_TaskSupport_asm.obj (.text:ti_sysbios_family_arm_m3_TaskSupport_swap__E)
                  0000e10c    00000010     app_ble_pem3.oem3 (.text:ti_sysbios_hal_Hwi_HwiProxy_Object__create__S)
                  0000e11c    00000010     sysbios.aem3 : BIOS.obj (.text:ti_sysbios_knl_Semaphore_Instance_finalize__E)
                  0000e12c    00000010                  : BIOS.obj (.text:ti_sysbios_knl_Swi_disable__E)
                  0000e13c    00000010                  : BIOS.obj (.text:ti_sysbios_knl_Swi_enabled__E)
                  0000e14c    00000010     app_ble_pem3.oem3 (.text:ti_sysbios_knl_Task_Object__get__S)
                  0000e15c    00000010     sysbios.aem3 : BIOS.obj (.text:ti_sysbios_knl_Task_disable__E)
                  0000e16c    00000010                  : BIOS.obj (.text:xdc_runtime_Gate_leaveSystem__E)
                  0000e17c    00000010                  : BIOS.obj (.text:xdc_runtime_SysCallback_abort__E)
                  0000e18c    00000010                  : BIOS.obj (.text:xdc_runtime_SysCallback_exit__E)
                  0000e19c    0000000e     icall_api.obj (.text:GATT_Indication)
                  0000e1aa    0000000e     icall_cc2650.obj (.text:ICallPlatform_pwrGetTransitionState)
                  0000e1b8    0000000e     icall_cc2650.obj (.text:ICallPlatform_pwrIsStableXOSCHF)
                  0000e1c6    0000000e     icall.obj (.text:ICall_primDisableMInt$30)
                  0000e1d4    0000000e     icall.obj (.text:ICall_primEnableMInt$30)
                  0000e1e2    0000000e     icall.obj (.text:ICall_primFreeMsg$30)
                  0000e1f0    0000000e     icall.obj (.text:ICall_primGetTicks$30)
                  0000e1fe    0000000e     driverlib.lib : setup.obj (.text:NOROM_SetupSignExtendVddrTrimValue)
                  0000e20c    0000000e                   : vims.obj (.text:NOROM_VIMSModeGet)
                  0000e21a    0000000e     oad_target_external_flash.obj (.text:OADTarget_imageAddress)
                  0000e228    0000000e     SPICC26XXDMA.obj (.text:SPICC26XXDMA_init)
                  0000e236    0000000e     SensorI2C.obj (.text:SensorI2C_readReg)
                  0000e244    0000000e     util.obj (.text:Util_constructQueue)
                  0000e252    0000000e     rtsv7M3_T_le_eabi.lib : copy_decompress_none.obj (.text:decompress:none)
                  0000e260    0000000e     icall_api.obj (.text:matchGSARegisterServiceCS$29)
                  0000e26e    0000000e     icall_api.obj (.text:matchGapLinkEstCS$29)
                  0000e27c    0000000e     icall_api.obj (.text:matchLinkDBNumConnsCS$29)
                  0000e28a    0000000e     icall_api.obj (.text:setDispatchCmdEvtHdr$29)
                  0000e298    0000000e     sysbios.aem3 : BIOS.obj (.text:ti_sysbios_knl_Queue_empty__E)
                  0000e2a6    0000000e                  : BIOS.obj (.text:ti_sysbios_knl_Queue_remove__E)
                  0000e2b4    0000000e                  : BIOS.obj (.text:xdc_runtime_HeapMin_Instance_init__E)
                  0000e2c2    00000002                  : BIOS.obj (.text:xdc_runtime_System_exitSpin__E)
                  0000e2c4    0000000c     RFCC26XX_singleMode.obj (.text:FsmNextState$36)
                  0000e2d0    0000000c     icall_api.obj (.text:GAP_MakeDiscoverable)
                  0000e2dc    0000000c     icall_api.obj (.text:GAP_TerminateAuth)
                  0000e2e8    0000000c     icall_api.obj (.text:GAP_UpdateLinkParamReq)
                  0000e2f4    0000000c     icall_api.obj (.text:GAP_UpdateLinkParamReqReply)
                  0000e300    0000000c     icall_api.obj (.text:GGS_SetParameter)
                  0000e30c    0000000c     icall.obj (.text:ICall_clockFunc$30)
                  0000e318    0000000c     icall.obj (.text:ICall_primDisableInt$30)
                  0000e324    0000000c     icall.obj (.text:ICall_primEnableInt$30)
                  0000e330    0000000c     icall.obj (.text:ICall_primFree$30)
                  0000e33c    0000000c     icall.obj (.text:ICall_primSignal$30)
                  0000e348    0000000c     driverlib.lib : cpu.obj (.text:NOROM_CPUcpsid)
                  0000e354    0000000c                   : cpu.obj (.text:NOROM_CPUcpsie)
                  0000e360    0000000c     drivers_cc26xxware.aem3 : PowerCC26XX.oem3 (.text:Power_getConstraintMask)
                  0000e36c    0000000c                             : PowerCC26XX.oem3 (.text:Power_getDependencyCount)
                  0000e378    0000000c                             : PowerCC26XX.oem3 (.text:Power_getTransitionState)
                  0000e384    0000000c     SensorI2C.obj (.text:SensorI2C_deselect)
                  0000e390    0000000c     sensortag_conn_ctrl.obj (.text:SensorTagConnectionControl_init)
                  0000e39c    0000000c     sensortag.obj (.text:SensorTag_processGATTMsg$41)
                  0000e3a8    0000000c     sensortag.obj (.text:SensorTag_processStackMsg$41)
                  0000e3b4    0000000c     sensortag.obj (.text:SensorTag_testResult)
                  0000e3c0    0000000c     icall_api.obj (.text:matchProfileSetParamCS$29)
                  0000e3cc    0000000c     SPICC26XXDMA.obj (.text:spiPostNotify$35)
                  0000e3d8    0000000c     sysbios.aem3 : BIOS.obj (.text:ti_sysbios_BIOS_getThreadType__E)
                  0000e3e4    0000000c     app_ble_pem3.oem3 (.text:ti_sysbios_family_arm_m3_Hwi_Params__init__S)
                  0000e3f0    0000000c     sysbios.aem3 : BIOS.obj (.text:ti_sysbios_family_arm_m3_Hwi_disableFxn__E)
                  0000e3fc    0000000c                  : BIOS.obj (.text:ti_sysbios_family_arm_m3_Hwi_enableFxn__E)
                  0000e408    0000000c                  : BIOS.obj (.text:ti_sysbios_family_arm_m3_TaskSupport_getStackAlignment__E)
                  0000e414    0000000c                  : BIOS.obj (.text:ti_sysbios_gates_GateHwi_enter__E)
                  0000e420    0000000c     app_ble_pem3.oem3 (.text:ti_sysbios_hal_Hwi_Params__init__S)
                  0000e42c    0000000c     app_ble_pem3.oem3 (.text:ti_sysbios_knl_Clock_Params__init__S)
                  0000e438    0000000c     app_ble_pem3.oem3 (.text:ti_sysbios_knl_Queue_Object__get__S)
                  0000e444    0000000c     sysbios.aem3 : BIOS.obj (.text:ti_sysbios_knl_Queue_dequeue__E)
                  0000e450    0000000c                  : BIOS.obj (.text:ti_sysbios_knl_Queue_enqueue__E)
                  0000e45c    0000000c     app_ble_pem3.oem3 (.text:ti_sysbios_knl_Semaphore_Params__init__S)
                  0000e468    0000000c     app_ble_pem3.oem3 (.text:ti_sysbios_knl_Swi_Params__init__S)
                  0000e474    0000000c     sysbios.aem3 : BIOS.obj (.text:ti_sysbios_knl_Swi_getTrigger__E)
                  0000e480    0000000c     app_ble_pem3.oem3 (.text:ti_sysbios_knl_Task_Params__init__S)
                  0000e48c    0000000c     sysbios.aem3 : BIOS.obj (.text:ti_sysbios_knl_Task_self__E)
                  0000e498    0000000c                  : BIOS.obj (.text:xdc_runtime_Gate_enterSystem__E)
                  0000e4a4    0000000c                  : BIOS.obj (.text:xdc_runtime_HeapMin_getStats__E)
                  0000e4b0    0000000c                  : BIOS.obj (.text:xdc_runtime_Memory_calloc__E)
                  0000e4bc    0000000c                  : BIOS.obj (.text:xdc_runtime_Memory_getMaxDefaultTypeAlign__E)
                  0000e4c8    0000000c                  : BIOS.obj (.text:xdc_runtime_Startup_rtsDone__E)
                  0000e4d4    0000000a     I2CCC26XX.obj (.text:I2CCC26XX_init)
                  0000e4de    0000000a     I2C.obj (.text:I2C_close)
                  0000e4e8    0000000a     I2C.obj (.text:I2C_transfer)
                  0000e4f2    0000000a     icall_cc2650.obj (.text:ICallPlatform_pwrSwitchXOSCHF)
                  0000e4fc    0000000a     icall.obj (.text:ICall_primE2S$30)
                  0000e506    0000000a     drivers_cc26xxware.aem3 : List.oem3 (.text:List_empty)
                  0000e510    0000000a     oad_target_external_flash.obj (.text:OADTarget_readFlash)
                  0000e51a    0000000a     SPI.obj (.text:SPI_close)
                  0000e524    0000000a     SPI.obj (.text:SPI_transfer)
                  0000e52e    0000000a     sensortag.obj (.text:SensorTag_charValueChangeCB)
                  0000e538    0000000a     sensortag.obj (.text:SensorTag_stateChangeCB$41)
                  0000e542    0000000a     UDMACC26XX.obj (.text:UDMACC26XX_hwiIntFxn)
                  0000e54c    0000000a     app_ble_pem3.oem3 (.text:xdc_runtime_IHeap_alloc)
                  0000e556    00000008     I2CCC26XX.obj (.text:I2CCC26XX_blockingCallback$39)
                  0000e55e    00000008     RFCC26XX_singleMode.obj (.text:RF_flushCmd)
                  0000e566    00000008     SPICC26XXDMA.obj (.text:SPICC26XXDMA_transferCallback$35)
[...]
0000f292  devInfoHardwareRevUUID                                      
0000f294  devInfoMfrNameUUID                                          
0000f296  devInfoModelNumberUUID                                      
0000f298  devInfoPnpIdUUID                                            
0000f29a  devInfoSerialNumberUUID                                     
0000f29c  devInfoServUUID                                             
0000f29e  devInfoSoftwareRevUUID                                      
0000f2a0  devInfoSystemIdUUID                                         
0000f2a2  keyPressedUUID                                              
0000f2a4  skServUUID                                                  
0000f2a8  ti_sysbios_family_arm_m3_Hwi_Module__id__C                  
0000f2aa  xdc_runtime_HeapMin_Module__id__C                           
0000f2ac  xdc_runtime_HeapMin_freeError__C                            
0000f2ae  xdc_runtime_Memory_Module__id__C                            
0000f2b0  __TI_static_base__                                          
0000fe4c  __TI_Handler_Table_Base                                     
0000fe54  __TI_CINIT_Base                                             
0000fe54  __TI_Handler_Table_Limit                                    
0000fe84  __TI_CINIT_Limit                                            
10014c00  A1_rw                                                       
10014c00  __checksum_begin_CommonROM                                  
10014c01  COMMON_ROM_BASE_ADDR                                        
10014c04  P1_ro                                                       
10014c05  SCALARMUL_init                                              
10014ced  SCALARMUL_core                                              
10015019  SCALARMUL_final                                             
100150e5  SCALARMUL                                                   
10015101  SAVEPOINT                                                   
10015141  GETBIT                                                      
10015155  GETDIGIT                                                    
100151a5  GETDIGITL2R                                                 
10015215  SelectReg                                                   
10015229  ATOMICPATTERN                                               
100154f5  JACADD                                                      
1001568d  INVERT                                                      
10015821  SQUAREMULTIPLYWORD                                          
1001588c  LUTOPCODE                                                   
10015894  LUTOPSIGN                                                   
100158ac  LUTC                                                        
100158c4  LUTSE                                                       
100158dc  LUTINCI                                                     
100158f4  LUTJ                                                        
1001596c  LUTSTATE                                                    
100159a9  IMPORTLENGTH                                                
100159ad  IMPORTMODULUS                                               
100159d1  IMPORTOPERAND                                               
10015a11  EXPORTOPERAND                                               
10015a35  IMPORTDATA                                                  
10015a51  SETOPERAND                                                  
10015a6d  COPY                                                        
10015a85  ZERO                                                        
10015a91  SETWORD                                                     
10015a9d  mSET                                                        
10015bcd  zSET                                                        
10015bd5  mINVK                                                       
10015d19  zADD                                                        
10015d5d  zSUB                                                        
10015de9  zMACC32                                                     
10015e69  zSUB32                                                      
10015eb5  zADD32                                                      
10015f0d  zMULT32                                                     
10015f81  mMULT                                                       
10016551  mADD                                                        
1001664d  mSUB                                                        
10016749  mOUT                                                        
10016975  ssp_KeyInit_Sw                                              
10016979  sspAesEncrypt_Sw                                            
10016985  sspKeyExpansion_Sw                                          
10016a99  sspAesEncryptKeyExp_Sw                                      
10016af5  sspAesEncryptBasic_Sw                                       
10016b79  RoundKey_Sw                                                 
10016c29  AddRoundKeySubBytes_Sw                                      
10016c45  ShiftRows_Sw                                                
10016c79  MixColumns_Sw                                               
10016d05  FFMult_Sw                                                   
10016d29  sspAesDecrypt_Sw                                            
10016da1  InvAddRoundKey_Sw                                           
10016dc9  InvRoundKey_Sw                                              
10016e8d  InvSubBytes_Sw                                              
10016ea1  InvShiftRows_Sw                                             
10016ed5  InvMixColumns_Sw                                            
10016f58  FFMult2                                                     
10017058  FFMult3                                                     
10017158  RCon                                                        
10017164  Sbox                                                        
10017264  InvSbox                                                     
10017365  SSP_CCM_Auth_Sw                                             
100174fd  SSP_CCM_Encrypt_Sw                                          
100175ed  SSP_CTR_Encrypt_Sw                                          
1001767d  SSP_CCM_Decrypt_Sw                                          
10017771  SSP_CTR_Decrypt_Sw                                          
10017839  SSP_CCM_InvAuth_Sw                                          
10017895  SSP_CCM_Auth_Encrypt_Sw                                     
100178f5  SSP_CCM_InvAuth_Decrypt_Sw                                  
10017959  ECC_allocWorkzone                                           
10017961  ECC_setWin                                                  
10017969  ECDSA_sign                                                  
10017b01  ECDSA_verif                                                 
10017dbd  eccRom_genKeys                                              
10017ded  eccRom_genSharedSecret                                      
10017e39  SHA256_updateW                                              
10017e75  SHA256_round                                                
10017ef1  SHA256_nextState                                            
10017f49  SHA256_saveBuffer                                           
10017ffd  SHA256_init                                                 
10018019  SHA256_process                                              
10018089  SHA256_final                                                
10018129  SHA256_full                                                 
100182ad  RFHAL_InitRfHal                                             
10018315  RFHAL_AllocRatChan                                          
1001833d  RFHAL_FreeRatChan                                           
10018369  RFHAL_MapRatChansToInt                                      
10018391  RFHAL_RegisterRatChanCallback                               
100183b9  RFHAL_InitDataQueue                                         
100183c5  RFHAL_QueueRFDataEntries                                    
10018415  RFHAL_AddTxDataEntry                                        
10018485  RFHAL_FreeNextTxDataEntry                                   
100184a9  RFHAL_AllocDataEntryQueue                                   
100184c5  RFHAL_FreeDataEntryQueue                                    
100184cd  RFHAL_GetNextDataEntry                                      
100184d1  RFHAL_GetTempDataEntry                                      
100184d5  RFHAL_NextDataEntryDone                                     
100184f9  RFHAL_AllocDataEntry                                        
10018549  RFHAL_FreeDataEntry                                         
10018551  RFHAL_BuildRingBuffer                                       
100185e1  RFHAL_BuildDataEntryRingBuffer                              
10018669  RFHAL_BuildLinkedBuffer                                     
10018755  MB_Init                                                     
10018799  MB_EnableInts                                               
100187f5  MB_DisableInts                                              
10018825  MB_ClearInts                                                
10018835  MB_EnableHWInts                                             
10018865  MB_SendCommand                                              
100188a5  MB_SendCommandSynch                                         
10018935  MB_ReadMailboxStatus                                        
1001893d  MB_RegisterIsrCback                                         
10018945  MB_FwDebugDump                                              
10018949  mbCmdAckIsr                                                 
1001895d  mbCpe0Isr                                                   
10018985  mbCpe1Isr                                                   
100189e5  mbHwIsr                                                     
10018a19  AesCcm_authEncrypt_Sw                                       
10018a35  AesCcm_decryptAuth_Sw                                       
10018a99  Aes_encrypt_Sw                                              
10018ac5  Aes_decrypt_Sw                                              
10018b09  AesCcm_getNumBlocks_Sw                                      
10018b0c  NIST_Curve_P256_p                                           
10018b30  NIST_Curve_P256_r                                           
10018b54  NIST_Curve_P256_a                                           
10018b78  NIST_Curve_P256_b                                           
10018b9c  NIST_Curve_P256_Gx                                          
10018bc0  NIST_Curve_P256_Gy                                          
10018ced  __exit                                                      
10018d6c  Fill1                                                       
10019ffc  A3_rw                                                       
10019ffd  __checksum_end_CommonROM                                    
10019ffe  A2_rw                                                       
10019ffe  P1_ro_2                                                     
10019ffe  __checksum_CommonROM                                        
20000000  ti_sysbios_family_arm_m3_Hwi_ramVectors                     
20000520  gapProfileState                                             
20000521  selfEntityMain                                              
20000528  sem                                                         
2000052c  hGpioPin                                                    
20000548  pinGpioState                                                
200008d8  linkDBNumConns                                              
200009ec  gapRoleTask                                                 
20000a3c  gapRoleTaskStack                                            
20001934  PowerCC26XX_module                                          
20001a44  ICall_dispatcher                                            
20001a4c  ICall_enterCriticalSection                                  
20001a50  ICall_leaveCriticalSection                                  
20001a68  HEAPMGR_SIZE                                                
200020f4  rfRegTbl                                                    
20002190  ti_sysbios_knl_Task_Object__table__V                        
200021e0  ti_sysbios_family_arm_cc26xx_Timer_Object__table__V         
20002228  ti_sysbios_knl_Task_Module__state__V                        
200022a0  ti_sysbios_family_arm_m3_Hwi_Module__state__V               
20002304  ti_sysbios_knl_Swi_Module_State_0_readyQ__A                 
20002334  ti_sysbios_knl_Swi_Object__table__V                         
20002364  ti_sysbios_knl_Task_Module_State_0_readyQ__A                
20002394  user0Cfg                                                    
2000241c  ti_sysbios_knl_Clock_Module__state__V                       
20002448  ti_sysbios_BIOS_Module__state__V                            
2000246c  ti_sysbios_knl_Clock_Object__table__V                       
2000248c  ti_sysbios_gates_GateMutex_Object__table__V                 
200024a8  ti_sysbios_knl_Swi_Module__state__V                         
200024dc  ti_sysbios_family_arm_m3_Hwi_Object__table__V               
20002518  xdc_runtime_HeapMin_Object__table__V                        
20002528  __TI_cleanup_ptr                                            
2000252c  __TI_dtors_ptr                                              
20002530  __TI_enable_exit_profile_output                             
20002534  lastAppOpcodeSent                                           
20002538  pfnBMAlloc                                                  
2000253c  pfnBMFree                                                   
2000255c  _lock                                                       
20002560  _unlock                                                     
2000256c  ti_sysbios_family_arm_cc26xx_Timer_Module__state__V         
20002574  ti_sysbios_family_arm_m3_Hwi_Module__root__V                
2000257c  ti_sysbios_gates_GateHwi_Module__root__V                    
20002584  ti_sysbios_gates_GateMutex_Module__root__V                  
2000258c  ti_sysbios_hal_Hwi_Module__root__V                          
20002594  ti_sysbios_knl_Clock_Module__root__V                        
2000259c  ti_sysbios_knl_Queue_Module__root__V                        
200025a4  ti_sysbios_knl_Semaphore_Module__root__V                    
200025ac  ti_sysbios_knl_Swi_Module__root__V                          
200025b4  ti_sysbios_knl_Task_Module__root__V                         
200025bc  xdc_runtime_HeapMin_Module__root__V                         
200025c4  xdc_runtime_Startup_Module__state__V                        
200025cc  xdc_runtime_System_Module__state__V                         
200025d8  appAssertCback                                              
200025dc  main_func_sp                                                
200025e8  ti_sysbios_family_arm_m3_Hwi_Module_State_0_excContext__A   
200025ec  ti_sysbios_family_arm_m3_Hwi_Module_State_0_excStack__A     
200025f0  ti_sysbios_gates_GateHwi_Object__table__V                   
200025f4  ti_sysbios_knl_Task_Module_State_0_idleTask__A              
200025f8  xdc_runtime_Memory_Module__state__V                         
20002614  ti_sysbios_family_arm_m3_Hwi_Module_State_0_excActive__A    
20002618  xdc_runtime_HeapMin_Instance_State_0_buf__A                 
20002c9c  trngCC26XXObjects                                           
20002ca0  ti_sysbios_knl_Task_Instance_State_0_stack__A               
20002ea0  spiCC26XXDMAObjects                                         
20003058  PIN_NumPins                                                 
200030ec  PIN_HandleTable                                             
20003278  i2cCC26xxObjects                                            
20003358  ti_sysbios_family_arm_m3_Hwi_dispatchTable                  
20003498  udmaObjects                                                 
20003509  driverlib_release_0_46593                                   
2000350a  heapStart                                                   
20004228  __stack                                                     
20004228  heapEnd                                                     
20004428  __STACK_END                                                 
20004428  __STACK_TOP                                                 
20004f2c  A4_rw                                                       
20004f2c  COMMON_RAM_BASE_ADDR                                        
20004f40  P2_rw                                                       
20004f40  P2_s0                                                       
20004f40  eccRom_windowSize                                           
20004f44  eccRom_workzone                                             
20004f48  eccRom_param_p                                              
20004f4c  eccRom_param_r                                              
20004f50  eccRom_param_a                                              
20004f54  inScalar                                                    
20004f58  inPointX                                                    
20004f5c  inPointY                                                    
20004f60  outPointX                                                   
20004f64  outPointY                                                   
20004f68  SCAL                                                        
20004f6c  EXPX                                                        
20004f70  EXPY                                                        
20004f74  EXPZ                                                        
20004f78  EXPW                                                        
20004f7c  ACCX                                                        
20004f80  ACCY                                                        
20004f84  ACCZ                                                        
20004f88  TMP1                                                        
20004f8c  TMP2                                                        
20004f90  TMP3                                                        
20004f94  TMP4                                                        
20004f98  TMP5                                                        
20004f9c  TMP6                                                        
20004fa0  eccRom_param_Gx                                             
20004fa4  eccRom_param_Gy                                             
20004fa8  eccRom_param_b                                              
20004fac  P2_zi                                                       
20004fac  ratChanInfo                                                 
20004fcc  fwInfoCmd                                                   
20004fd8  MSBMOD                                                      
20004fdc  aux64                                                       
20004fe4  MOD                                                         
20004fe8  LEN                                                         
20004ffc  pSspAesEncrypt_Sw                                           
e000e000  ti_sysbios_family_arm_m3_Hwi_nvic                           
ffffffff  __TI_pprof_out_hndl                                         
ffffffff  __TI_prof_data_size                                         
ffffffff  __TI_prof_data_start                                        
ffffffff  __binit__                                                   
ffffffff  __c_args__                                                  
ffffffff  binit                                                       
UNDEFED   SHT$$INIT_ARRAY$$Base                                       
UNDEFED   SHT$$INIT_ARRAY$$Limit                                      

[1068 symbols]
